session display=:10 client=:98 target=arm-s/xrdp-arm-s-64bcdc64b7-l6nq7 via :40018
XGetInputFocus returned the focused window of 1. This is likely a bug in the X server.
XGetInputFocus returned the focused window of 1. This is likely a bug in the X server.
press 1 key=r want=red got=red  ok
XGetInputFocus returned the focused window of 1. This is likely a bug in the X server.
XGetInputFocus returned the focused window of 1. This is likely a bug in the X server.
press 2 key=g want=green got=green  ok
XGetInputFocus returned the focused window of 1. This is likely a bug in the X server.
XGetInputFocus returned the focused window of 1. This is likely a bug in the X server.
press 3 key=b want=blue got=blue  ok
XGetInputFocus returned the focused window of 1. This is likely a bug in the X server.
XGetInputFocus returned the focused window of 1. This is likely a bug in the X server.
press 4 key=w want=white got=white  ok
XGetInputFocus returned the focused window of 1. This is likely a bug in the X server.
XGetInputFocus returned the focused window of 1. This is likely a bug in the X server.
press 5 key=r want=red got=red  ok
XGetInputFocus returned the focused window of 1. This is likely a bug in the X server.
XGetInputFocus returned the focused window of 1. This is likely a bug in the X server.
press 6 key=g want=green got=green  ok
XGetInputFocus returned the focused window of 1. This is likely a bug in the X server.
XGetInputFocus returned the focused window of 1. This is likely a bug in the X server.
press 7 key=b want=blue got=blue  ok
XGetInputFocus returned the focused window of 1. This is likely a bug in the X server.
XGetInputFocus returned the focused window of 1. This is likely a bug in the X server.
press 8 key=w want=white got=white  ok
XGetInputFocus returned the focused window of 1. This is likely a bug in the X server.
XGetInputFocus returned the focused window of 1. This is likely a bug in the X server.
EDGE_FIDELITY 0.992
