[2026-08-27T23:37:04.672+0000] [INFO ] starting xrdp-sesman with pid 34
[2026-08-27T23:37:04.677+0000] [INFO ] Sesman now listening on /var/run/xrdp/sesman.socket
[2026-08-27T23:37:25.870+0000] [INFO ] Socket 12: connection accepted from AF_UNIX
[2026-08-27T23:37:25.875+0000] [INFO ] Received system login request from xrdp for user: probe444 IP: 10.42.0.1
[2026-08-27T23:37:25.880+0000] [INFO ] starting xrdp-sesexec with pid 247
[2026-08-27T23:37:25.888+0000] [INFO ] TerminalServerUsers group tsusers doesn't exist. Access granted for probe444
[2026-08-27T23:37:25.890+0000] [INFO ] Access permitted for user: probe444
[2026-08-27T23:37:25.892+0000] [INFO ] Received sys login status for probe444 : logged in
[2026-08-27T23:37:25.896+0000] [INFO ] Received request from xrdp to create a session for user probe444
[2026-08-27T23:37:25.899+0000] [INFO ] Passing session creation request to sesexec
[2026-08-27T23:37:25.904+0000] [INFO ] Starting X server on display X11-10: Xorg :10 -auth /var/run/xrdp/1101/Xauthority -config xrdp/xorg.conf -noreset -nolisten tcp -logfile .xorgxrdp.%s.log 
[2026-08-27T23:37:26.908+0000] [INFO ] Display X11-10 is working
[2026-08-27T23:37:26.913+0000] [INFO ] Starting window manager for display X11-10
[2026-08-27T23:37:26.916+0000] [INFO ] Starting the xrdp channel server for display X11-10
[2026-08-27T23:37:26.918+0000] [INFO ] Waiting for 1500 ms for session to start
[2026-08-27T23:37:26.918+0000] [INFO ] Using the default window manager on display X11-10: /etc/xrdp/startwm.sh
[2026-08-27T23:37:28.419+0000] [INFO ] Session in progress on display X11-10. Waiting until the window manager (pid 271) exits to end the session
[2026-08-27T23:37:28.426+0000] [INFO ] sesman: Session on display X11-10 is now running
[2026-08-27T23:37:28.432+0000] [INFO ] Forwarding request from probe444 to connect to a session
[2026-08-27T23:37:28.434+0000] [INFO ] sesman: Session on display X11-10 is connected from client 'xrdp-fixdpi'
[2026-08-27T23:37:28.434+0000] [INFO ] User probe444 has connected to a session
[2026-08-27T23:38:13.435+0000] [INFO ] Window manager (pid 271, display X11-10) finished normally in 47 secs
[2026-08-27T23:38:13.437+0000] [INFO ] Terminating X server (pid 248) on display X11-10
[2026-08-27T23:38:13.439+0000] [INFO ] Terminating the xrdp channel server (pid 272) on display X11-10
[2026-08-27T23:38:13.442+0000] [INFO ] xrdp channel server pid 272 on display X11-10 finished
[2026-08-27T23:38:13.467+0000] [INFO ] sesexec_main_loop: xrdp connection has exited (client 'xrdp-fixdpi')
[2026-08-27T23:38:13.469+0000] [INFO ] sesman: Session on display X11-10 has no client connection
[2026-08-27T23:38:13.469+0000] [INFO ] X server pid 248 on display X11-10 finished
[2026-08-27T23:38:13.473+0000] [INFO ] sesman: Session on display X11-10 has finished.
[2026-08-27T23:38:16.305+0000] [INFO ] Socket 12: connection accepted from AF_UNIX
[2026-08-27T23:38:16.310+0000] [INFO ] Received system login request from xrdp for user: probe444 IP: 10.42.0.1
[2026-08-27T23:38:16.314+0000] [INFO ] starting xrdp-sesexec with pid 678
[2026-08-27T23:38:16.322+0000] [INFO ] TerminalServerUsers group tsusers doesn't exist. Access granted for probe444
[2026-08-27T23:38:16.324+0000] [INFO ] Access permitted for user: probe444
[2026-08-27T23:38:16.326+0000] [INFO ] Received sys login status for probe444 : logged in
[2026-08-27T23:38:16.330+0000] [INFO ] Received request from xrdp to create a session for user probe444
[2026-08-27T23:38:16.332+0000] [INFO ] Passing session creation request to sesexec
[2026-08-27T23:38:16.335+0000] [INFO ] Starting X server on display X11-10: Xorg :10 -auth /var/run/xrdp/1101/Xauthority -config xrdp/xorg.conf -noreset -nolisten tcp -logfile .xorgxrdp.%s.log 
[2026-08-27T23:38:17.341+0000] [INFO ] Display X11-10 is working
[2026-08-27T23:38:17.346+0000] [INFO ] Starting window manager for display X11-10
[2026-08-27T23:38:17.348+0000] [INFO ] Starting the xrdp channel server for display X11-10
[2026-08-27T23:38:17.350+0000] [INFO ] Waiting for 1500 ms for session to start
[2026-08-27T23:38:17.350+0000] [INFO ] Using the default window manager on display X11-10: /etc/xrdp/startwm.sh
[2026-08-27T23:38:18.852+0000] [INFO ] Session in progress on display X11-10. Waiting until the window manager (pid 697) exits to end the session
[2026-08-27T23:38:18.857+0000] [INFO ] sesman: Session on display X11-10 is now running
[2026-08-27T23:38:18.863+0000] [INFO ] Forwarding request from probe444 to connect to a session
[2026-08-27T23:38:18.865+0000] [INFO ] sesman: Session on display X11-10 is connected from client 'xrdp-fixdpi'
[2026-08-27T23:38:18.865+0000] [INFO ] User probe444 has connected to a session
[2026-08-27T23:39:03.794+0000] [INFO ] Window manager (pid 697, display X11-10) finished normally in 46 secs
[2026-08-27T23:39:03.796+0000] [INFO ] Terminating X server (pid 679) on display X11-10
[2026-08-27T23:39:03.798+0000] [INFO ] Terminating the xrdp channel server (pid 698) on display X11-10
[2026-08-27T23:39:03.803+0000] [INFO ] xrdp channel server pid 698 on display X11-10 finished
[2026-08-27T23:39:03.822+0000] [INFO ] X server pid 679 on display X11-10 finished
[2026-08-27T23:39:03.825+0000] [WARN ] xrdp process exited after 0 ms
[2026-08-27T23:39:03.825+0000] [INFO ] sesman: Session on display X11-10 has finished.
[2026-08-28T00:26:21.217+0000] [INFO ] Socket 12: connection accepted from AF_UNIX
[2026-08-28T00:26:21.223+0000] [INFO ] Received system login request from xrdp for user: tester IP: 10.42.0.1
[2026-08-28T00:26:21.227+0000] [INFO ] starting xrdp-sesexec with pid 1168
[2026-08-28T00:26:21.231+0000] [INFO ] TerminalServerUsers group tsusers doesn't exist. Access granted for tester
[2026-08-28T00:26:21.233+0000] [INFO ] Access permitted for user: tester
[2026-08-28T00:26:21.235+0000] [INFO ] Received sys login status for tester : logged in
[2026-08-28T00:26:21.239+0000] [INFO ] Received request from xrdp to create a session for user tester
[2026-08-28T00:26:21.241+0000] [INFO ] Passing session creation request to sesexec
[2026-08-28T00:26:21.246+0000] [INFO ] Starting X server on display X11-10: Xorg :10 -auth /var/run/xrdp/1100/Xauthority -config xrdp/xorg.conf -noreset -nolisten tcp -logfile .xorgxrdp.%s.log 
[2026-08-28T00:26:22.251+0000] [INFO ] Display X11-10 is working
[2026-08-28T00:26:22.257+0000] [INFO ] Starting window manager for display X11-10
[2026-08-28T00:26:22.259+0000] [INFO ] Starting the xrdp channel server for display X11-10
[2026-08-28T00:26:22.261+0000] [INFO ] Waiting for 1500 ms for session to start
[2026-08-28T00:26:22.261+0000] [INFO ] Using the default window manager on display X11-10: /etc/xrdp/startwm.sh
[2026-08-28T00:26:23.763+0000] [INFO ] Session in progress on display X11-10. Waiting until the window manager (pid 1193) exits to end the session
[2026-08-28T00:26:23.769+0000] [INFO ] sesman: Session on display X11-10 is now running
[2026-08-28T00:26:23.775+0000] [INFO ] Forwarding request from tester to connect to a session
[2026-08-28T00:26:23.777+0000] [INFO ] sesman: Session on display X11-10 is connected from client '5Q77'
[2026-08-28T00:26:23.777+0000] [INFO ] User tester has connected to a session
[2026-08-28T00:26:40.326+0000] [INFO ] sesexec_main_loop: xrdp connection has exited (client '5Q77')
[2026-08-28T00:26:40.329+0000] [INFO ] sesman: Session on display X11-10 has no client connection
