[2026-08-25T16:02:14.601+0000] [INFO ] starting xrdp-sesman with pid 29
[2026-08-25T16:02:14.604+0000] [INFO ] Sesman now listening on /var/run/xrdp/sesman.socket
[2026-08-25T16:02:30.744+0000] [INFO ] Socket 12: connection accepted from AF_UNIX
[2026-08-25T16:02:30.750+0000] [INFO ] Received system login request from xrdp for user: probe444 IP: 10.42.0.1
[2026-08-25T16:02:30.754+0000] [INFO ] starting xrdp-sesexec with pid 194
[2026-08-25T16:02:30.761+0000] [INFO ] TerminalServerUsers group tsusers doesn't exist. Access granted for probe444
[2026-08-25T16:02:30.763+0000] [INFO ] Access permitted for user: probe444
[2026-08-25T16:02:30.765+0000] [INFO ] Received sys login status for probe444 : logged in
[2026-08-25T16:02:30.769+0000] [INFO ] Received request from xrdp to create a session for user probe444
[2026-08-25T16:02:30.771+0000] [INFO ] Passing session creation request to sesexec
[2026-08-25T16:02:30.775+0000] [INFO ] Starting X server on display X11-10: Xorg :10 -auth /var/run/xrdp/1101/Xauthority -config xrdp/xorg.conf -noreset -nolisten tcp -logfile .xorgxrdp.%s.log 
[2026-08-25T16:02:31.780+0000] [INFO ] Display X11-10 is working
[2026-08-25T16:02:31.786+0000] [INFO ] Starting window manager for display X11-10
[2026-08-25T16:02:31.788+0000] [INFO ] Starting the xrdp channel server for display X11-10
[2026-08-25T16:02:31.790+0000] [INFO ] Waiting for 1500 ms for session to start
[2026-08-25T16:02:31.790+0000] [INFO ] Using the default window manager on display X11-10: /etc/xrdp/startwm.sh
[2026-08-25T16:02:33.291+0000] [INFO ] Session in progress on display X11-10. Waiting until the window manager (pid 203) exits to end the session
[2026-08-25T16:02:33.299+0000] [INFO ] sesman: Session on display X11-10 is now running
[2026-08-25T16:02:33.305+0000] [INFO ] Forwarding request from probe444 to connect to a session
[2026-08-25T16:02:33.307+0000] [INFO ] sesman: Session on display X11-10 is connected from client 'x043final-clean'
[2026-08-25T16:02:33.307+0000] [INFO ] User probe444 has connected to a session
[2026-08-25T16:02:37.551+0000] [INFO ] sesexec_main_loop: xrdp connection has exited (client 'x043final-clean')
[2026-08-25T16:02:37.553+0000] [INFO ] sesman: Session on display X11-10 has no client connection
[2026-08-25T16:05:11.045+0000] [INFO ] Socket 12: connection accepted from AF_UNIX
[2026-08-25T16:05:11.051+0000] [INFO ] Received system login request from xrdp for user: probe444 IP: 10.42.0.1
[2026-08-25T16:05:11.055+0000] [INFO ] starting xrdp-sesexec with pid 696
[2026-08-25T16:05:11.061+0000] [INFO ] TerminalServerUsers group tsusers doesn't exist. Access granted for probe444
[2026-08-25T16:05:11.063+0000] [INFO ] Access permitted for user: probe444
[2026-08-25T16:05:11.065+0000] [INFO ] Received sys login status for probe444 : logged in
[2026-08-25T16:05:11.069+0000] [INFO ] Received request from xrdp to create a session for user probe444
[2026-08-25T16:05:11.071+0000] [INFO ] A suitable session on display X11-10 is already active
[2026-08-25T16:05:11.077+0000] [INFO ] Forwarding request from probe444 to connect to a session
[2026-08-25T16:05:11.079+0000] [INFO ] xrdp-sesexec pid 696 is now logging out
[2026-08-25T16:05:11.081+0000] [INFO ] sesman: Session on display X11-10 is connected from client 'xrdp-resize-con'
[2026-08-25T16:05:11.081+0000] [INFO ] User probe444 has reconnected to a session
[2026-08-25T16:05:11.090+0000] [INFO ] Starting session reconnection script on display X11-10: /etc/xrdp/reconnectwm.sh
[2026-08-25T16:05:18.030+0000] [INFO ] sesexec_main_loop: xrdp connection has exited (client 'xrdp-resize-con')
[2026-08-25T16:05:18.033+0000] [INFO ] sesman: Session on display X11-10 has no client connection
