[2026-08-25T16:02:14.608+0000] [INFO ] address [0.0.0.0] port [3389] mode 4
[2026-08-25T16:02:14.610+0000] [INFO ] listening to port 3389 on 0.0.0.0
[2026-08-25T16:02:14.612+0000] [INFO ] xrdp_listen_pp done
[2026-08-25T16:02:14.614+0000] [CORE ] You are running xrdp as uid=0 gid=0. This is not recommended.
[2026-08-25T16:02:14.616+0000] [INFO ] starting xrdp with pid 1
[2026-08-25T16:02:30.339+0000] [INFO ] Socket 13: connection accepted from 10.42.0.1:58646
[2026-08-25T16:02:30.350+0000] [INFO ] Using default X.509 certificate: /etc/xrdp/cert.pem
[2026-08-25T16:02:30.352+0000] [INFO ] Using default X.509 key file: /etc/xrdp/key.pem
[2026-08-25T16:02:30.354+0000] [INFO ] Client requested security types (RDP assumed) : SSL
[2026-08-25T16:02:30.356+0000] [INFO ] Selected TLS security
[2026-08-25T16:02:30.363+0000] [INFO ] Connected client computer name: x043final-clean
[2026-08-25T16:02:30.365+0000] [INFO ] client supports gfx protocol
[2026-08-25T16:02:30.367+0000] [WARN ] Received [MS-RDPBCGR] TS_UD_HEADER type 0xc006 is unknown (ignored)
[2026-08-25T16:02:30.369+0000] [WARN ] Received [MS-RDPBCGR] TS_UD_HEADER type 0xc00a is unknown (ignored)
[2026-08-25T16:02:30.371+0000] [INFO ] TLS connection established from 10.42.0.1:58646 TLSv1.3 with cipher TLS_AES_256_GCM_SHA384
[2026-08-25T16:02:30.373+0000] [INFO ] Client supports single-screen resizes by xrdp
[2026-08-25T16:02:30.375+0000] [INFO ] xrdp_caps_process_pointer: client supports new(color) cursor
[2026-08-25T16:02:30.377+0000] [INFO ] Client does not support Unicode input
[2026-08-25T16:02:30.379+0000] [INFO ] Client Capability: LARGE_POINTER_FLAG_96x96 supported
[2026-08-25T16:02:30.383+0000] [INFO ] Loading keymap file /etc/xrdp/km-00000409.toml
[2026-08-25T16:02:30.385+0000] [INFO ] TConfig: Loading GFX config file /etc/xrdp/gfx.toml
[2026-08-25T16:02:30.387+0000] [WARN ] TConfig: [x264] x264 params are not defined
[2026-08-25T16:02:30.389+0000] [WARN ] TConfig: [OpenH264] OpenH264 params are not defined
[2026-08-25T16:02:30.391+0000] [INFO ] Login screen monitor height is 1250 pixels over 1000 mm (31 DPI)
[2026-08-25T16:02:30.394+0000] [INFO ] xrdp_egfx_create: error 0 channel_id 1
[2026-08-25T16:02:30.422+0000] [INFO ] xrdp_mm_egfx_caps_advertise:
[2026-08-25T16:02:30.424+0000] [INFO ]   version 0x00080004 flags 0x00000000 (index: 0)
[2026-08-25T16:02:30.426+0000] [INFO ]   version 0x00080105 flags 0x00000000 (index: 1)
[2026-08-25T16:02:30.428+0000] [INFO ]   version 0x000a0002 flags 0x00000000 (index: 2)
[2026-08-25T16:02:30.429+0000] [INFO ]   version 0x000a0200 flags 0x00000000 (index: 3)
[2026-08-25T16:02:30.431+0000] [INFO ]   version 0x000a0301 flags 0x00000000 (index: 4)
[2026-08-25T16:02:30.433+0000] [INFO ]   version 0x000a0400 flags 0x00000000 (index: 5)
[2026-08-25T16:02:30.435+0000] [INFO ]   version 0x000a0502 flags 0x00000000 (index: 6)
[2026-08-25T16:02:30.437+0000] [INFO ]   version 0x000a0600 flags 0x00000000 (index: 7)
[2026-08-25T16:02:30.439+0000] [INFO ]   version 0x000a0601 flags 0x00000000 (index: 8)
[2026-08-25T16:02:30.441+0000] [INFO ] unknown version 0x000a0601
[2026-08-25T16:02:30.443+0000] [INFO ]   version 0x000a0701 flags 0x00000000 (index: 9)
[2026-08-25T16:02:30.445+0000] [INFO ] xrdp_mm_egfx_caps_advertise: verifying ffmpeg AVC444 /usr/bin/ffmpeg at 2208x1264 (gfx.toml dump_extra=0)
[2026-08-25T16:02:30.615+0000] [INFO ] xrdp_ffmpeg: spawned ffmpeg pid 85 coded 2208x1264 generation 1
[2026-08-25T16:02:30.620+0000] [INFO ] xrdp_ffmpeg: spawned ffmpeg pid 86 coded 2208x1264 generation 1
[2026-08-25T16:02:30.622+0000] [INFO ] xrdp_ffmpeg: aux_intra_leaf active (aux child pid 86)
[2026-08-25T16:02:30.710+0000] [INFO ] xrdp_ffmpeg: production-topology probe OK (main plus forced-IDR auxiliary leaf child)
[2026-08-25T16:02:30.712+0000] [INFO ] xrdp_ffmpeg: probe OK (dump_extra=0) at 2208x1264 in 260 ms
[2026-08-25T16:02:30.714+0000] [WARN ] gfx.toml eager_slot_ack is set but aux_ltr_chain is off: there is no absorb marker on this path, so the shipped egress-paced ack stays
[2026-08-25T16:02:30.716+0000] [INFO ]   ffmpeg AVC444 verified OK (dump_extra=0)
[2026-08-25T16:02:30.718+0000] [INFO ] Codec search order is H264, RFX
[2026-08-25T16:02:30.720+0000] [INFO ] Matched H264/AVC444 (ffmpeg) mode, AVC444 v2 (0x000F), confirming capset index 9 (0x000a0701)
[2026-08-25T16:02:30.721+0000] [INFO ]   replying version 0x000a0701 flags 0x00000000
[2026-08-25T16:02:30.723+0000] [INFO ] xrdp_mm_egfx_caps_advertise: xrdp_egfx_send_capsconfirm error 0 best_index 9
[2026-08-25T16:02:30.725+0000] [INFO ] xrdp_egfx_reset_graphics:
[2026-08-25T16:02:30.727+0000] [INFO ] xrdp_egfx_reset_graphics: width 2196 height 1250 monitorcount 1
[2026-08-25T16:02:30.729+0000] [INFO ] xrdp_mm_egfx_caps_advertise: xrdp_egfx_send_reset_graphics error 0 monitorCount 0
[2026-08-25T16:02:30.731+0000] [INFO ] xrdp_mm_egfx_create_surfaces: map surface_id 0 left 0 top 0 width 2196 height 1250
[2026-08-25T16:02:30.733+0000] [INFO ] xrdp_encoder_create: starting ffmpeg AVC444 gfx session
[2026-08-25T16:02:30.735+0000] [INFO ] xrdp_encoder_create: AVC444 v2 (ChromaV2, 0x000F)
[2026-08-25T16:02:30.736+0000] [INFO ] xrdp_encoder_create: using x264 for software encoder
[2026-08-25T16:02:30.738+0000] [INFO ] xrdp_mm_egfx_invalidate_wm_screen:
[2026-08-25T16:02:30.740+0000] [INFO ] xrdp_mm_egfx_caps_advertise: egfx created.
[2026-08-25T16:02:30.742+0000] [WARN ] Ignoring obsolete SCP port value '3350'
[2026-08-25T16:02:30.744+0000] [INFO ] xrdp_wm_log_msg: sesman connect ok
[2026-08-25T16:02:30.746+0000] [INFO ] xrdp_wm_log_msg: Performing login request for probe444
[2026-08-25T16:02:30.765+0000] [INFO ] xrdp_wm_log_msg: login was successful - creating session
[2026-08-25T16:02:33.299+0000] [INFO ] xrdp_wm_log_msg: session is available on display X11-10 for user probe444
[2026-08-25T16:02:33.303+0000] [INFO ] xrdp_wm_log_msg: Getting session connections from sesman
[2026-08-25T16:02:33.307+0000] [INFO ] xrdp_wm_log_msg: Got connection details for session
[2026-08-25T16:02:33.313+0000] [INFO ] xrdp_wm_log_msg: Connecting to display server
[2026-08-25T16:02:33.317+0000] [INFO ] loaded module 'libxup.so' ok, interface size 10536, version 4
[2026-08-25T16:02:33.319+0000] [INFO ] xrdp_init_xkb_layout: Keyboard information sent by the RDP client, keyboard_type:[0x04], keyboard_subtype:[0x00], keylayout:[0x00000409]
[2026-08-25T16:02:33.321+0000] [INFO ] xrdp_init_xkb_layout: model [] variant [] layout [us] options []
[2026-08-25T16:02:33.323+0000] [INFO ] XKB rules 'evdev' will be used by the module
[2026-08-25T16:02:33.325+0000] [INFO ] lib_mod_connect: connecting via UNIX socket
[2026-08-25T16:02:33.327+0000] [INFO ] lib_mod_log_peer: xrdp_pid=30 connected to Xorg_pid=195 Xorg_uid=1101 Xorg_gid=1101 client=10.42.0.1:58646
[2026-08-25T16:02:33.329+0000] [INFO ] xrdp can now process resize requests (2 outstanding)
[2026-08-25T16:02:33.331+0000] [INFO ] xrdp_wm_log_msg: Connecting to chansrv via sesman
[2026-08-25T16:02:33.335+0000] [INFO ] Received memory_allocation_complete command. width: 2208, height: 1264
[2026-08-25T16:02:33.342+0000] [INFO ] xrdp_ffmpeg: spawned ffmpeg pid 278 coded 2208x1264 generation 1
[2026-08-25T16:02:33.346+0000] [INFO ] xrdp_ffmpeg: spawned ffmpeg pid 279 coded 2208x1264 generation 1
[2026-08-25T16:02:33.349+0000] [INFO ] xrdp_ffmpeg: aux_intra_leaf active (aux child pid 279)
[2026-08-25T16:02:35.516+0000] [INFO ] xrdp_egfx_reset_graphics:
[2026-08-25T16:02:35.520+0000] [INFO ] xrdp_egfx_reset_graphics: (index 0) monitor left 0 top 0 right 2197 bottom 1249 is_primary 1
[2026-08-25T16:02:35.522+0000] [INFO ] xrdp_egfx_reset_graphics: width 2198 height 1250 monitorcount 1
[2026-08-25T16:02:35.526+0000] [INFO ] Received memory_allocation_complete command. width: 2208, height: 1264
[2026-08-25T16:02:35.528+0000] [INFO ] server_monitor_resize_done: Advancing server monitor resized.
[2026-08-25T16:02:35.530+0000] [INFO ] xrdp_mm_egfx_create_surfaces: map surface_id 0 left 0 top 0 width 2198 height 1250
[2026-08-25T16:02:35.532+0000] [INFO ] xrdp_encoder_create: starting ffmpeg AVC444 gfx session
[2026-08-25T16:02:35.534+0000] [INFO ] xrdp_encoder_create: AVC444 v2 (ChromaV2, 0x000F)
[2026-08-25T16:02:35.536+0000] [INFO ] xrdp_encoder_create: using x264 for software encoder
[2026-08-25T16:02:35.539+0000] [INFO ] dynamic_monitor_process_queue: Clearing completed resize (w: 2198 x h: 1250). It took 35 milliseconds.
[2026-08-25T16:02:35.545+0000] [INFO ] xrdp_ffmpeg: spawned ffmpeg pid 387 coded 2208x1264 generation 1
[2026-08-25T16:02:35.547+0000] [INFO ] xrdp_ffmpeg: spawned ffmpeg pid 388 coded 2208x1264 generation 1
[2026-08-25T16:02:35.549+0000] [INFO ] xrdp_ffmpeg: aux_intra_leaf active (aux child pid 388)
[2026-08-25T16:02:37.513+0000] [INFO ] xrdp_egfx_reset_graphics:
[2026-08-25T16:02:37.518+0000] [INFO ] xrdp_egfx_reset_graphics: (index 0) monitor left 0 top 0 right 2411 bottom 1343 is_primary 1
[2026-08-25T16:02:37.520+0000] [INFO ] xrdp_egfx_reset_graphics: width 2412 height 1344 monitorcount 1
[2026-08-25T16:02:37.523+0000] [INFO ] Received memory_allocation_complete command. width: 2416, height: 1344
[2026-08-25T16:02:37.525+0000] [INFO ] server_monitor_resize_done: Advancing server monitor resized.
[2026-08-25T16:02:37.527+0000] [INFO ] xrdp_mm_egfx_create_surfaces: map surface_id 0 left 0 top 0 width 2412 height 1344
[2026-08-25T16:02:37.529+0000] [INFO ] xrdp_encoder_create: starting ffmpeg AVC444 gfx session
[2026-08-25T16:02:37.531+0000] [INFO ] xrdp_encoder_create: AVC444 v2 (ChromaV2, 0x000F)
[2026-08-25T16:02:37.533+0000] [INFO ] xrdp_encoder_create: using x264 for software encoder
[2026-08-25T16:02:37.535+0000] [INFO ] dynamic_monitor_process_queue: Clearing completed resize (w: 2412 x h: 1344). It took 31 milliseconds.
[2026-08-25T16:02:37.545+0000] [ERROR] Refusing a full-chroma capture with invalid layout or slot identity
[2026-08-25T16:02:37.547+0000] [ERROR] lib_data_in: lib_mod_process_message failed
[2026-08-25T16:02:37.549+0000] [ERROR] Xorg server closed connection
[2026-08-25T16:05:10.785+0000] [INFO ] Socket 13: connection accepted from 10.42.0.1:55814
[2026-08-25T16:05:10.793+0000] [INFO ] Using default X.509 certificate: /etc/xrdp/cert.pem
[2026-08-25T16:05:10.795+0000] [INFO ] Using default X.509 key file: /etc/xrdp/key.pem
[2026-08-25T16:05:10.797+0000] [INFO ] Client requested security types (RDP assumed) : SSL
[2026-08-25T16:05:10.799+0000] [INFO ] Selected TLS security
[2026-08-25T16:05:10.805+0000] [INFO ] Connected client computer name: xrdp-resize-con
[2026-08-25T16:05:10.807+0000] [INFO ] client supports gfx protocol
[2026-08-25T16:05:10.809+0000] [WARN ] Received [MS-RDPBCGR] TS_UD_HEADER type 0xc006 is unknown (ignored)
[2026-08-25T16:05:10.811+0000] [WARN ] Received [MS-RDPBCGR] TS_UD_HEADER type 0xc00a is unknown (ignored)
[2026-08-25T16:05:10.813+0000] [INFO ] TLS connection established from 10.42.0.1:55814 TLSv1.3 with cipher TLS_AES_256_GCM_SHA384
[2026-08-25T16:05:10.815+0000] [INFO ] Client supports single-screen resizes by xrdp
[2026-08-25T16:05:10.817+0000] [INFO ] xrdp_caps_process_pointer: client supports new(color) cursor
[2026-08-25T16:05:10.819+0000] [INFO ] Client does not support Unicode input
[2026-08-25T16:05:10.821+0000] [INFO ] Client Capability: LARGE_POINTER_FLAG_96x96 supported
[2026-08-25T16:05:10.826+0000] [INFO ] Loading keymap file /etc/xrdp/km-00000409.toml
[2026-08-25T16:05:10.828+0000] [INFO ] TConfig: Loading GFX config file /etc/xrdp/gfx.toml
[2026-08-25T16:05:10.830+0000] [WARN ] TConfig: [x264] x264 params are not defined
[2026-08-25T16:05:10.832+0000] [WARN ] TConfig: [OpenH264] OpenH264 params are not defined
[2026-08-25T16:05:10.834+0000] [INFO ] Login screen monitor height is 1250 pixels over 1000 mm (31 DPI)
[2026-08-25T16:05:10.837+0000] [INFO ] xrdp_egfx_create: error 0 channel_id 1
[2026-08-25T16:05:10.851+0000] [INFO ] xrdp_mm_egfx_caps_advertise:
[2026-08-25T16:05:10.853+0000] [INFO ]   version 0x00080004 flags 0x00000000 (index: 0)
[2026-08-25T16:05:10.855+0000] [INFO ]   version 0x00080105 flags 0x00000000 (index: 1)
[2026-08-25T16:05:10.857+0000] [INFO ]   version 0x000a0002 flags 0x00000000 (index: 2)
[2026-08-25T16:05:10.859+0000] [INFO ]   version 0x000a0200 flags 0x00000000 (index: 3)
[2026-08-25T16:05:10.861+0000] [INFO ]   version 0x000a0301 flags 0x00000000 (index: 4)
[2026-08-25T16:05:10.863+0000] [INFO ]   version 0x000a0400 flags 0x00000000 (index: 5)
[2026-08-25T16:05:10.865+0000] [INFO ]   version 0x000a0502 flags 0x00000000 (index: 6)
[2026-08-25T16:05:10.867+0000] [INFO ]   version 0x000a0600 flags 0x00000000 (index: 7)
[2026-08-25T16:05:10.869+0000] [INFO ]   version 0x000a0601 flags 0x00000000 (index: 8)
[2026-08-25T16:05:10.871+0000] [INFO ] unknown version 0x000a0601
[2026-08-25T16:05:10.873+0000] [INFO ]   version 0x000a0701 flags 0x00000000 (index: 9)
[2026-08-25T16:05:10.875+0000] [INFO ] xrdp_mm_egfx_caps_advertise: verifying ffmpeg AVC444 /usr/bin/ffmpeg at 2208x1264 (gfx.toml dump_extra=0)
[2026-08-25T16:05:10.932+0000] [INFO ] xrdp_ffmpeg: spawned ffmpeg pid 587 coded 2208x1264 generation 1
[2026-08-25T16:05:10.936+0000] [INFO ] xrdp_ffmpeg: spawned ffmpeg pid 588 coded 2208x1264 generation 1
[2026-08-25T16:05:10.938+0000] [INFO ] xrdp_ffmpeg: aux_intra_leaf active (aux child pid 588)
[2026-08-25T16:05:11.009+0000] [INFO ] xrdp_ffmpeg: production-topology probe OK (main plus forced-IDR auxiliary leaf child)
[2026-08-25T16:05:11.011+0000] [INFO ] xrdp_ffmpeg: probe OK (dump_extra=0) at 2208x1264 in 130 ms
[2026-08-25T16:05:11.014+0000] [WARN ] gfx.toml eager_slot_ack is set but aux_ltr_chain is off: there is no absorb marker on this path, so the shipped egress-paced ack stays
[2026-08-25T16:05:11.015+0000] [INFO ]   ffmpeg AVC444 verified OK (dump_extra=0)
[2026-08-25T16:05:11.017+0000] [INFO ] Codec search order is H264, RFX
[2026-08-25T16:05:11.019+0000] [INFO ] Matched H264/AVC444 (ffmpeg) mode, AVC444 v2 (0x000F), confirming capset index 9 (0x000a0701)
[2026-08-25T16:05:11.021+0000] [INFO ]   replying version 0x000a0701 flags 0x00000000
[2026-08-25T16:05:11.023+0000] [INFO ] xrdp_mm_egfx_caps_advertise: xrdp_egfx_send_capsconfirm error 0 best_index 9
[2026-08-25T16:05:11.025+0000] [INFO ] xrdp_egfx_reset_graphics:
[2026-08-25T16:05:11.027+0000] [INFO ] xrdp_egfx_reset_graphics: width 2196 height 1250 monitorcount 1
[2026-08-25T16:05:11.029+0000] [INFO ] xrdp_mm_egfx_caps_advertise: xrdp_egfx_send_reset_graphics error 0 monitorCount 0
[2026-08-25T16:05:11.031+0000] [INFO ] xrdp_mm_egfx_create_surfaces: map surface_id 0 left 0 top 0 width 2196 height 1250
[2026-08-25T16:05:11.033+0000] [INFO ] xrdp_encoder_create: starting ffmpeg AVC444 gfx session
[2026-08-25T16:05:11.035+0000] [INFO ] xrdp_encoder_create: AVC444 v2 (ChromaV2, 0x000F)
[2026-08-25T16:05:11.037+0000] [INFO ] xrdp_encoder_create: using x264 for software encoder
[2026-08-25T16:05:11.039+0000] [INFO ] xrdp_mm_egfx_invalidate_wm_screen:
[2026-08-25T16:05:11.041+0000] [INFO ] xrdp_mm_egfx_caps_advertise: egfx created.
[2026-08-25T16:05:11.043+0000] [WARN ] Ignoring obsolete SCP port value '3350'
[2026-08-25T16:05:11.045+0000] [INFO ] xrdp_wm_log_msg: sesman connect ok
[2026-08-25T16:05:11.047+0000] [INFO ] xrdp_wm_log_msg: Performing login request for probe444
[2026-08-25T16:05:11.065+0000] [INFO ] xrdp_wm_log_msg: login was successful - creating session
[2026-08-25T16:05:11.073+0000] [INFO ] xrdp_wm_log_msg: session is available on display X11-10 for user probe444
[2026-08-25T16:05:11.075+0000] [INFO ] xrdp_wm_log_msg: Getting session connections from sesman
[2026-08-25T16:05:11.081+0000] [INFO ] xrdp_wm_log_msg: Got connection details for session
[2026-08-25T16:05:11.084+0000] [INFO ] xrdp_wm_log_msg: Connecting to display server
[2026-08-25T16:05:11.090+0000] [INFO ] loaded module 'libxup.so' ok, interface size 10536, version 4
[2026-08-25T16:05:11.092+0000] [INFO ] xrdp_init_xkb_layout: Keyboard information sent by the RDP client, keyboard_type:[0x04], keyboard_subtype:[0x00], keylayout:[0x00000409]
[2026-08-25T16:05:11.095+0000] [INFO ] xrdp_init_xkb_layout: model [] variant [] layout [us] options []
[2026-08-25T16:05:11.098+0000] [INFO ] XKB rules 'evdev' will be used by the module
[2026-08-25T16:05:11.100+0000] [INFO ] lib_mod_connect: connecting via UNIX socket
[2026-08-25T16:05:11.101+0000] [INFO ] lib_mod_log_peer: xrdp_pid=532 connected to Xorg_pid=195 Xorg_uid=1101 Xorg_gid=1101 client=10.42.0.1:55814
[2026-08-25T16:05:11.104+0000] [INFO ] xrdp can now process resize requests (1 outstanding)
[2026-08-25T16:05:11.106+0000] [INFO ] xrdp_wm_log_msg: Connecting to chansrv via sesman
[2026-08-25T16:05:11.131+0000] [INFO ] Received memory_allocation_complete command. width: 2208, height: 1264
[2026-08-25T16:05:11.139+0000] [INFO ] xrdp_ffmpeg: spawned ffmpeg pid 698 coded 2208x1264 generation 1
[2026-08-25T16:05:11.143+0000] [INFO ] xrdp_ffmpeg: spawned ffmpeg pid 700 coded 2208x1264 generation 1
[2026-08-25T16:05:11.147+0000] [INFO ] xrdp_ffmpeg: aux_intra_leaf active (aux child pid 700)
[2026-08-25T16:05:15.976+0000] [INFO ] xrdp_egfx_reset_graphics:
[2026-08-25T16:05:15.981+0000] [INFO ] xrdp_egfx_reset_graphics: (index 0) monitor left 0 top 0 right 2197 bottom 1249 is_primary 1
[2026-08-25T16:05:15.983+0000] [INFO ] xrdp_egfx_reset_graphics: width 2198 height 1250 monitorcount 1
[2026-08-25T16:05:15.986+0000] [INFO ] Received memory_allocation_complete command. width: 2208, height: 1264
[2026-08-25T16:05:15.988+0000] [INFO ] server_monitor_resize_done: Advancing server monitor resized.
[2026-08-25T16:05:15.990+0000] [INFO ] xrdp_mm_egfx_create_surfaces: map surface_id 0 left 0 top 0 width 2198 height 1250
[2026-08-25T16:05:15.992+0000] [INFO ] xrdp_encoder_create: starting ffmpeg AVC444 gfx session
[2026-08-25T16:05:15.994+0000] [INFO ] xrdp_encoder_create: AVC444 v2 (ChromaV2, 0x000F)
[2026-08-25T16:05:15.996+0000] [INFO ] xrdp_encoder_create: using x264 for software encoder
[2026-08-25T16:05:15.999+0000] [INFO ] dynamic_monitor_process_queue: Clearing completed resize (w: 2198 x h: 1250). It took 36 milliseconds.
[2026-08-25T16:05:16.004+0000] [INFO ] xrdp_ffmpeg: spawned ffmpeg pid 808 coded 2208x1264 generation 1
[2026-08-25T16:05:16.006+0000] [INFO ] xrdp_ffmpeg: spawned ffmpeg pid 809 coded 2208x1264 generation 1
[2026-08-25T16:05:16.008+0000] [INFO ] xrdp_ffmpeg: aux_intra_leaf active (aux child pid 809)
[2026-08-25T16:05:17.996+0000] [INFO ] xrdp_egfx_reset_graphics:
[2026-08-25T16:05:18.001+0000] [INFO ] xrdp_egfx_reset_graphics: (index 0) monitor left 0 top 0 right 2411 bottom 1343 is_primary 1
[2026-08-25T16:05:18.003+0000] [INFO ] xrdp_egfx_reset_graphics: width 2412 height 1344 monitorcount 1
[2026-08-25T16:05:18.006+0000] [INFO ] Received memory_allocation_complete command. width: 2416, height: 1344
[2026-08-25T16:05:18.008+0000] [INFO ] server_monitor_resize_done: Advancing server monitor resized.
[2026-08-25T16:05:18.010+0000] [INFO ] xrdp_mm_egfx_create_surfaces: map surface_id 0 left 0 top 0 width 2412 height 1344
[2026-08-25T16:05:18.012+0000] [INFO ] xrdp_encoder_create: starting ffmpeg AVC444 gfx session
[2026-08-25T16:05:18.014+0000] [INFO ] xrdp_encoder_create: AVC444 v2 (ChromaV2, 0x000F)
[2026-08-25T16:05:18.016+0000] [INFO ] xrdp_encoder_create: using x264 for software encoder
[2026-08-25T16:05:18.019+0000] [INFO ] dynamic_monitor_process_queue: Clearing completed resize (w: 2412 x h: 1344). It took 34 milliseconds.
[2026-08-25T16:05:18.024+0000] [ERROR] Refusing a full-chroma capture with invalid layout or slot identity
[2026-08-25T16:05:18.026+0000] [ERROR] lib_data_in: lib_mod_process_message failed
[2026-08-25T16:05:18.028+0000] [ERROR] Xorg server closed connection
