[18:23:18:701] [1014416:000f7a92] [WARN][com.freerdp.client.x11] - [load_map_from_xkbfile]:     : keycode: 0x08 -> no RDP scancode found
[18:23:18:701] [1014416:000f7a92] [WARN][com.freerdp.client.x11] - [load_map_from_xkbfile]:     : keycode: 0x5d -> no RDP scancode found
[18:23:18:743] [1014416:000f7a92] [WARN][com.freerdp.core.connection] - [rdp_client_connect_auto_detect]: expected messageChannelId=0, got 1003
[18:23:18:743] [1014416:000f7a92] [WARN][com.freerdp.core.license] - [license_read_binary_blob_data]: license binary blob::type BB_ERROR_BLOB, length=0, skipping.
[18:23:18:743] [1014416:000f7a92] [WARN][com.freerdp.core.connection] - [rdp_client_connect_auto_detect]: expected messageChannelId=0, got 1003
[18:23:18:918] [1014416:000f7ada] [WARN][com.freerdp.channels.drdynvc.client] - [check_open_close_receive]: {Microsoft::Windows::RDS::DisplayControl:2} OnOpen=(nil), OnClose=0x7243e2b29190
[18:23:30:778] [1014416:000f7a90] [ERROR][com.freerdp.utils.signal] - [term_handler]: Caught signal 'Terminated' [15]
[18:23:30:778] [1014416:000f7a90] [ERROR][com.freerdp.core] - [freerdp_abort_connect_context]: ERRCONNECT_CONNECT_CANCELLED [0x0002000B]
fuse: writing device: Bad file descriptor
[18:23:30:789] [1014416:000f7ada] [WARN][com.freerdp.channels.drdynvc.client] - [check_open_close_receive]: {Microsoft::Windows::RDS::DisplayControl:2} OnOpen=(nil), OnClose=0x7243e2b29190
[18:23:18:749] [1014416:000f7a92] [INFO][com.freerdp.gdi] - [gdi_init_ex]: Local framebuffer format  PIXEL_FORMAT_BGRX32
[18:23:18:749] [1014416:000f7a92] [INFO][com.freerdp.gdi] - [gdi_init_ex]: Remote framebuffer format PIXEL_FORMAT_BGRA32
[18:23:18:752] [1014416:000f7a92] [INFO][com.freerdp.channels.rdpsnd.client] - [rdpsnd_load_device_plugin]: [static] Loaded fake backend for rdpsnd
[18:23:18:752] [1014416:000f7a92] [INFO][com.freerdp.channels.drdynvc.client] - [dvcman_load_addin]: Loading Dynamic Virtual Channel ainput
[18:23:18:755] [1014416:000f7a92] [INFO][com.freerdp.channels.drdynvc.client] - [dvcman_load_addin]: Loading Dynamic Virtual Channel rdpgfx
[18:23:18:755] [1014416:000f7a92] [INFO][com.freerdp.channels.drdynvc.client] - [dvcman_load_addin]: Loading Dynamic Virtual Channel disp
[18:23:18:755] [1014416:000f7a92] [INFO][com.freerdp.channels.drdynvc.client] - [dvcman_load_addin]: Loading Dynamic Virtual Channel rdpsnd
[18:23:30:778] [1014416:000f7a90] [INFO][com.freerdp.core] - [sig_abort_connect]: Signal Terminated [15], terminating session 0x5c4472bcd160
[18:23:30:778] [1014416:000f7a90] [INFO][com.freerdp.client.common.cliprdr.file] - [fuse_abort]: signal Terminated [15] aborting session
[18:23:30:778] [1014416:000f7a92] [INFO][com.freerdp.client.common] - [client_auto_reconnect_ex]: Network disconnect!
