[2026-08-28T12:35:29.133+0000] [INFO ] starting xrdp-sesman with pid 29
[2026-08-28T12:35:29.136+0000] [INFO ] Sesman now listening on /var/run/xrdp/sesman.socket
[2026-08-28T12:35:35.251+0000] [INFO ] Socket 12: connection accepted from AF_UNIX
[2026-08-28T12:35:35.265+0000] [INFO ] Received system login request from xrdp for user: probe444 IP: 10.42.0.1
[2026-08-28T12:35:35.271+0000] [INFO ] starting xrdp-sesexec with pid 198
[2026-08-28T12:35:35.282+0000] [INFO ] TerminalServerUsers group tsusers doesn't exist. Access granted for probe444
[2026-08-28T12:35:35.288+0000] [INFO ] Access permitted for user: probe444
[2026-08-28T12:35:35.294+0000] [INFO ] Received sys login status for probe444 : logged in
[2026-08-28T12:35:35.300+0000] [INFO ] Received request from xrdp to create a session for user probe444
[2026-08-28T12:35:35.303+0000] [INFO ] Passing session creation request to sesexec
[2026-08-28T12:35:35.310+0000] [INFO ] Starting X server on display X11-10: Xorg :10 -auth /var/run/xrdp/1101/Xauthority -config xrdp/xorg.conf -noreset -nolisten tcp -logfile .xorgxrdp.%s.log 
[2026-08-28T12:35:36.314+0000] [INFO ] Display X11-10 is working
[2026-08-28T12:35:36.321+0000] [INFO ] Starting window manager for display X11-10
[2026-08-28T12:35:36.326+0000] [INFO ] Starting the xrdp channel server for display X11-10
[2026-08-28T12:35:36.331+0000] [INFO ] Waiting for 1500 ms for session to start
[2026-08-28T12:35:36.333+0000] [INFO ] Using the default window manager on display X11-10: /etc/xrdp/startwm.sh
[2026-08-28T12:35:37.832+0000] [INFO ] Session in progress on display X11-10. Waiting until the window manager (pid 207) exits to end the session
[2026-08-28T12:35:37.839+0000] [INFO ] sesman: Session on display X11-10 is now running
[2026-08-28T12:35:37.845+0000] [INFO ] Forwarding request from probe444 to connect to a session
[2026-08-28T12:35:37.847+0000] [INFO ] sesman: Session on display X11-10 is connected from client 'xrdp-fixdpi'
[2026-08-28T12:35:37.847+0000] [INFO ] User probe444 has connected to a session
[2026-08-28T12:35:41.875+0000] [INFO ] sesexec_main_loop: xrdp connection has exited (client 'xrdp-fixdpi')
[2026-08-28T12:35:41.878+0000] [INFO ] sesman: Session on display X11-10 has no client connection
[2026-08-28T12:36:06.170+0000] [INFO ] Window manager (pid 207, display X11-10) finished normally in 30 secs
[2026-08-28T12:36:06.175+0000] [INFO ] Terminating X server (pid 199) on display X11-10
[2026-08-28T12:36:06.177+0000] [INFO ] Terminating the xrdp channel server (pid 208) on display X11-10
[2026-08-28T12:36:06.179+0000] [INFO ] xrdp channel server pid 208 on display X11-10 finished
[2026-08-28T12:36:06.188+0000] [INFO ] X server pid 199 on display X11-10 finished
[2026-08-28T12:36:06.190+0000] [INFO ] sesman: Session on display X11-10 has finished.
[2026-08-28T15:20:16.914+0000] [INFO ] Socket 12: connection accepted from AF_UNIX
[2026-08-28T15:20:16.920+0000] [INFO ] Received system login request from xrdp for user: tester IP: 10.42.0.1
[2026-08-28T15:20:16.925+0000] [INFO ] starting xrdp-sesexec with pid 759
[2026-08-28T15:20:16.928+0000] [INFO ] TerminalServerUsers group tsusers doesn't exist. Access granted for tester
[2026-08-28T15:20:16.930+0000] [INFO ] Access permitted for user: tester
[2026-08-28T15:20:16.932+0000] [INFO ] Received sys login status for tester : logged in
[2026-08-28T15:20:16.936+0000] [INFO ] Received request from xrdp to create a session for user tester
[2026-08-28T15:20:16.938+0000] [INFO ] Passing session creation request to sesexec
[2026-08-28T15:20:16.943+0000] [INFO ] Starting X server on display X11-10: Xorg :10 -auth /var/run/xrdp/1100/Xauthority -config xrdp/xorg.conf -noreset -nolisten tcp -logfile .xorgxrdp.%s.log 
[2026-08-28T15:20:17.947+0000] [INFO ] Display X11-10 is working
[2026-08-28T15:20:17.952+0000] [INFO ] Starting window manager for display X11-10
[2026-08-28T15:20:17.954+0000] [INFO ] Starting the xrdp channel server for display X11-10
[2026-08-28T15:20:17.956+0000] [INFO ] Waiting for 1500 ms for session to start
[2026-08-28T15:20:17.957+0000] [INFO ] Using the default window manager on display X11-10: /etc/xrdp/startwm.sh
[2026-08-28T15:20:19.458+0000] [INFO ] Session in progress on display X11-10. Waiting until the window manager (pid 768) exits to end the session
[2026-08-28T15:20:19.464+0000] [INFO ] sesman: Session on display X11-10 is now running
[2026-08-28T15:20:19.470+0000] [INFO ] Forwarding request from tester to connect to a session
[2026-08-28T15:20:19.473+0000] [INFO ] User tester has connected to a session
[2026-08-28T15:20:19.473+0000] [INFO ] sesman: Session on display X11-10 is connected from client '5Q77'
[2026-08-28T15:21:13.734+0000] [INFO ] Window manager (pid 768, display X11-10) finished normally in 56 secs
[2026-08-28T15:21:13.738+0000] [INFO ] Terminating X server (pid 760) on display X11-10
[2026-08-28T15:21:13.742+0000] [INFO ] Terminating the xrdp channel server (pid 769) on display X11-10
[2026-08-28T15:21:13.746+0000] [INFO ] xrdp channel server pid 769 on display X11-10 finished
[2026-08-28T15:21:13.763+0000] [INFO ] X server pid 760 on display X11-10 finished
[2026-08-28T15:21:13.767+0000] [INFO ] sesman: Session on display X11-10 has finished.
[2026-08-28T15:21:13.767+0000] [WARN ] xrdp process exited after 0 ms
[2026-08-28T15:21:18.661+0000] [INFO ] Socket 12: connection accepted from AF_UNIX
[2026-08-28T15:21:18.667+0000] [INFO ] Received system login request from xrdp for user: tester IP: 10.42.0.1
[2026-08-28T15:21:18.672+0000] [INFO ] starting xrdp-sesexec with pid 5642
[2026-08-28T15:21:18.676+0000] [INFO ] TerminalServerUsers group tsusers doesn't exist. Access granted for tester
[2026-08-28T15:21:18.678+0000] [INFO ] Access permitted for user: tester
[2026-08-28T15:21:18.680+0000] [INFO ] Received sys login status for tester : logged in
[2026-08-28T15:21:18.684+0000] [INFO ] Received request from xrdp to create a session for user tester
[2026-08-28T15:21:18.686+0000] [INFO ] Passing session creation request to sesexec
[2026-08-28T15:21:18.690+0000] [INFO ] Starting X server on display X11-10: Xorg :10 -auth /var/run/xrdp/1100/Xauthority -config xrdp/xorg.conf -noreset -nolisten tcp -logfile .xorgxrdp.%s.log 
[2026-08-28T15:21:19.696+0000] [INFO ] Display X11-10 is working
[2026-08-28T15:21:19.699+0000] [INFO ] Starting window manager for display X11-10
[2026-08-28T15:21:19.701+0000] [INFO ] Starting the xrdp channel server for display X11-10
[2026-08-28T15:21:19.703+0000] [INFO ] Waiting for 1500 ms for session to start
[2026-08-28T15:21:19.703+0000] [INFO ] Using the default window manager on display X11-10: /etc/xrdp/startwm.sh
[2026-08-28T15:21:21.204+0000] [INFO ] Session in progress on display X11-10. Waiting until the window manager (pid 5651) exits to end the session
[2026-08-28T15:21:21.212+0000] [INFO ] sesman: Session on display X11-10 is now running
[2026-08-28T15:21:21.218+0000] [INFO ] Forwarding request from tester to connect to a session
[2026-08-28T15:21:21.220+0000] [INFO ] sesman: Session on display X11-10 is connected from client '5Q77'
[2026-08-28T15:21:21.220+0000] [INFO ] User tester has connected to a session
