[1396550.980] 
X.Org X Server 1.21.1.16
X Protocol Version 11, Revision 0
[1396550.980] Current Operating System: Linux xrdp-arm-q-5484c56f5d-m44qm 7.0.0-27-generic #27-Ubuntu SMP PREEMPT_DYNAMIC Thu Jun 18 19:13:49 UTC 2026 x86_64
[1396550.980] Kernel command line: BOOT_IMAGE=/boot/vmlinuz-7.0.0-27-generic root=UUID=57160d0f-44cc-4743-b564-37a702f24e67 ro crashkernel=2G-4G:320M,4G-32G:512M,32G-64G:1024M,64G-128G:2048M,128G-:4096M
[1396550.980] xorg-server 2:21.1.16-1.3+deb13u3 (https://www.debian.org/support) 
[1396550.980] Current version of pixman: 0.44.0
[1396550.980] 	Before reporting problems, check http://wiki.x.org
	to make sure that you have the latest version.
[1396550.980] Markers: (--) probed, (**) from config file, (==) default setting,
	(++) from command line, (!!) notice, (II) informational,
	(WW) warning, (EE) error, (NI) not implemented, (??) unknown.
[1396550.980] (++) Log file: ".xorgxrdp.10.log", Time: Wed Jul 29 21:52:24 2026
[1396550.981] (++) Using config file: "/etc/X11/xrdp/xorg.conf"
[1396550.981] (==) Using system config directory "/usr/share/X11/xorg.conf.d"
[1396550.981] (**) Option "defaultserverlayout" "X11 Server"
[1396550.981] (**) ServerLayout "X11 Server"
[1396550.981] (**) |-->Screen "Screen (xrdpdev)" (0)
[1396550.981] (**) |   |-->Monitor "Monitor"
[1396550.981] (**) |   |-->Device "Video Card (xrdpdev)"
[1396550.981] (**) |-->Input Device "xrdpMouse"
[1396550.981] (**) |-->Input Device "xrdpKeyboard"
[1396550.981] (**) Option "DontVTSwitch" "on"
[1396550.981] (**) Option "AutoAddDevices" "off"
[1396550.981] (**) Option "AutoAddGPU" "off"
[1396550.981] (**) Allowing byte-swapped clients
[1396550.981] (**) Not automatically adding devices
[1396550.981] (==) Automatically enabling devices
[1396550.981] (**) Not automatically adding GPU devices
[1396550.981] (==) Automatically binding GPU devices
[1396550.981] (==) Max clients allowed: 256, resource mask: 0x1fffff
[1396550.984] (WW) The directory "/usr/share/fonts/X11/cyrillic" does not exist.
[1396550.984] 	Entry deleted from font path.
[1396550.984] (WW) The directory "/usr/share/fonts/X11/100dpi/" does not exist.
[1396550.984] 	Entry deleted from font path.
[1396550.984] (WW) The directory "/usr/share/fonts/X11/75dpi/" does not exist.
[1396550.984] 	Entry deleted from font path.
[1396550.984] (WW) The directory "/usr/share/fonts/X11/Type1" does not exist.
[1396550.984] 	Entry deleted from font path.
[1396550.984] (WW) The directory "/usr/share/fonts/X11/100dpi" does not exist.
[1396550.984] 	Entry deleted from font path.
[1396550.984] (WW) The directory "/usr/share/fonts/X11/75dpi" does not exist.
[1396550.984] 	Entry deleted from font path.
[1396550.984] (==) FontPath set to:
	/usr/share/fonts/X11/misc,
	built-ins
[1396550.984] (==) ModulePath set to "/usr/lib/xorg/modules"
[1396550.984] (II) Loader magic: 0x6273523c4f00
[1396550.984] (II) Module ABI versions:
[1396550.984] 	X.Org ANSI C Emulation: 0.4
[1396550.984] 	X.Org Video Driver: 25.2
[1396550.984] 	X.Org XInput driver : 24.4
[1396550.984] 	X.Org Server Extension : 10.0
[1396550.984] (EE) dbus-core: error connecting to system bus: org.freedesktop.DBus.Error.FileNotFound (Failed to connect to socket /run/dbus/system_bus_socket: No such file or directory)
[1396550.985] (II) xfree86: Adding drm device (/dev/dri/card0)
[1396550.985] (II) Platform probe for /sys/devices/pci0000:00/0000:00:08.1/0000:c5:00.0/drm/card0
[1396550.988] (--) PCI:*(197@0:0:0) 1002:1586:2014:801d rev 193, Mem @ 0x9000000000/8589934592, 0x90000000/268435456, 0xa0200000/1048576, I/O @ 0x0000e000/256
[1396550.989] (II) "glx" will be loaded. This was enabled by default and also specified in the config file.
[1396550.989] (II) LoadModule: "dbe"
[1396550.989] (II) Module "dbe" already built-in
[1396550.989] (II) LoadModule: "ddc"
[1396550.989] (II) Module "ddc" already built-in
[1396550.989] (II) LoadModule: "extmod"
[1396550.989] (II) Module "extmod" already built-in
[1396550.989] (II) LoadModule: "glx"
[1396550.989] (II) Loading /usr/lib/xorg/modules/extensions/libglx.so
[1396550.990] (II) Module glx: vendor="X.Org Foundation"
[1396550.990] 	compiled for 1.21.1.16, module version = 1.0.0
[1396550.990] 	ABI class: X.Org Server Extension, version 10.0
[1396550.990] (II) LoadModule: "int10"
[1396550.990] (II) Loading /usr/lib/xorg/modules/libint10.so
[1396550.990] (II) Module int10: vendor="X.Org Foundation"
[1396550.991] 	compiled for 1.21.1.16, module version = 1.0.0
[1396550.991] 	ABI class: X.Org Video Driver, version 25.2
[1396550.991] (II) LoadModule: "record"
[1396550.991] (II) Module "record" already built-in
[1396550.991] (II) LoadModule: "vbe"
[1396550.991] (II) Loading /usr/lib/xorg/modules/libint10.so
[1396550.991] (II) Module int10: vendor="X.Org Foundation"
[1396550.991] 	compiled for 1.21.1.16, module version = 1.0.0
[1396550.991] 	ABI class: X.Org Video Driver, version 25.2
[1396550.991] (II) LoadModule: "xorgxrdp"
[1396550.991] (II) Loading /usr/lib/xorg/modules/libxorgxrdp.so
[1396550.993] (II) Module XORGXRDP: vendor="X.Org Foundation"
[1396550.993] 	compiled for 1.21.1.16, module version = 0.10.80
[1396550.993] 	ABI class: X.Org Video Driver, version 25.2
[1396550.993] (II) LoadModule: "fb"
[1396550.993] (II) Module "fb" already built-in
[1396550.993] (II) LoadModule: "xrdpdev"
[1396550.993] (II) Loading /usr/lib/xorg/modules/drivers/xrdpdev_drv.so
[1396550.993] (II) Module XRDPDEV: vendor="X.Org Foundation"
[1396550.993] 	compiled for 1.21.1.16, module version = 0.10.80
[1396550.994] 	ABI class: X.Org Video Driver, version 25.2
[1396550.994] (II) LoadModule: "xrdpmouse"
[1396550.994] (II) Loading /usr/lib/xorg/modules/input/xrdpmouse_drv.so
[1396550.994] (II) Module XRDPMOUSE: vendor="X.Org Foundation"
[1396550.994] 	compiled for 1.21.1.16, module version = 0.10.80
[1396550.994] 	Module class: X.Org XInput Driver
[1396550.994] 	ABI class: X.Org XInput driver, version 24.4
[1396550.994] (II) LoadModule: "xrdpkeyb"
[1396550.994] (II) Loading /usr/lib/xorg/modules/input/xrdpkeyb_drv.so
[1396550.994] (II) Module XRDPKEYB: vendor="X.Org Foundation"
[1396550.994] 	compiled for 1.21.1.16, module version = 0.10.80
[1396550.994] 	Module class: X.Org XInput Driver
[1396550.994] 	ABI class: X.Org XInput driver, version 24.4
[1396550.994] (II) XRDPDEV: driver for xrdp: XRDPDEV
[1396550.994] (II) rdpDriverFunc: op 10
[1396550.994] (WW) Falling back to old probe method for XRDPDEV
[1396550.994] (II) Loading sub module "fb"
[1396550.994] (II) LoadModule: "fb"
[1396550.995] (II) Module "fb" already built-in
[1396550.995] (II) rdpProbe: found DRMDevice xorg.conf value [/dev/dri/renderD128]
[1396550.995] (II) rdpProbe: found DRI3 xorg.conf value [1]
[1396550.995] (II) rdpProbe: found DRMAllowList xorg.conf value [amdgpu i915 xe msm radeon]
[1396550.995] (II) XRDPDEV(0): using default device
[1396550.995] (WW) VGA arbiter: cannot open kernel arbiter, no multi-card support
[1396550.995] (II) rdpPreInit: /dev/dri/renderD128 open failed
[1396550.995] (**) XRDPDEV(0): Depth 24, (--) framebuffer bpp 32
[1396550.995] (==) XRDPDEV(0): RGB weight 888
[1396550.995] (==) XRDPDEV(0): Using gamma correction (1.0, 1.0, 1.0)
[1396550.995] (==) XRDPDEV(0): Default visual is TrueColor
[1396550.995] (==) XRDPDEV(0): DPI set to (96, 96)
[1396550.995] (II) XRDPDEV(0): 	mode "640x480" ok
[1396550.995] (II) XRDPDEV(0): 	mode "800x600" ok
[1396550.995] (II) XRDPDEV(0): Virtual size is 800x600 (pitch 800)
[1396550.995] (**) XRDPDEV(0):  Default mode "800x600": 36.0 MHz (scaled from 0.0 MHz), 35.2 kHz, 56.2 Hz
[1396550.995] (II) XRDPDEV(0): Modeline "800x600"x0.0   36.00  800 824 896 1024  600 601 603 625 +hsync +vsync (35.2 kHz d)
[1396550.995] (II) rdpScreenInit: virtualX 800 virtualY 600 rgbBits 8 depth 24
[1396550.995] (II) rdpScreenInit: pfbMemory bytes 1920000
[1396550.995] (II) rdpScreenInit: pfbMemory 0x732bb749d010
[1396550.995] (II) rdpSimdInit: assigning yuv functions
[1396550.995] (II) rdpSimdInit: cpuid ax 1 cx 0 return ax 0x00b70f00 bx 0x1c200800 cx 0x7ed8320b dx 0x178bfbff
[1396550.995] (II) rdpSimdInit: sse2 amd64 yuv functions assigned
[1396550.995] (==) XRDPDEV(0): Backing store enabled
[1396550.996] (II) rdpClientConInit: disconnect idle session after [0] sec
[1396550.996] (II) rdpClientConInit: kill disconnected [0] timeout [0] sec
[1396550.996] (II) rdpXvInit: depth 24
[1396550.996] (II) rdpScreenInit: out
[1396550.996] (II) Initializing extension Generic Event Extension
[1396550.996] (II) Initializing extension SHAPE
[1396550.996] (II) Initializing extension MIT-SHM
[1396550.996] (II) Initializing extension XInputExtension
[1396550.996] (II) Initializing extension XTEST
[1396550.996] (II) Initializing extension BIG-REQUESTS
[1396550.996] (II) Initializing extension SYNC
[1396550.997] (II) Initializing extension XKEYBOARD
[1396550.997] (II) Initializing extension XC-MISC
[1396550.997] (II) Initializing extension SECURITY
[1396550.997] (II) Initializing extension XFIXES
[1396550.997] (II) Initializing extension RENDER
[1396550.997] (II) Initializing extension RANDR
[1396550.997] (II) Initializing extension COMPOSITE
[1396550.997] (II) Initializing extension DAMAGE
[1396550.997] (II) Initializing extension MIT-SCREEN-SAVER
[1396550.997] (II) Initializing extension DOUBLE-BUFFER
[1396550.997] (II) Initializing extension RECORD
[1396550.997] (II) Initializing extension DPMS
[1396550.998] (II) Initializing extension Present
[1396550.998] (II) Initializing extension DRI3
[1396550.998] (II) Initializing extension X-Resource
[1396550.998] (II) Initializing extension XVideo
[1396550.998] (II) Initializing extension XVideo-MotionCompensation
[1396550.998] (II) Initializing extension SELinux
[1396550.998] (II) SELinux: Disabled on system
[1396550.998] (II) Initializing extension GLX
[1396550.998] (II) AIGLX: Screen 0 is not DRI2 capable
[1396551.014] (II) IGLX: Loaded and initialized swrast
[1396551.014] (II) GLX: Initialized DRISWRAST GL provider for screen 0
[1396551.014] (II) Initializing extension XFree86-VidModeExtension
[1396551.014] (II) Initializing extension XFree86-DGA
[1396551.014] (II) Initializing extension XFree86-DRI
[1396551.014] (II) Initializing extension DRI2
[1396551.029] (II) Using input driver 'XRDPMOUSE' for 'xrdpMouse'
[1396551.029] (**) Option "CorePointer"
[1396551.029] (**) xrdpMouse: always reports core events
[1396551.029] (II) rdpmousePreInit: drv 0x62737e716170 info 0x62737e801eb0, flags 0x0
[1396551.029] (II) XINPUT: Adding extended input device "xrdpMouse" (type: MOUSE, id 6)
[1396551.029] (II) rdpmouseControl: what 0
[1396551.029] (II) rdpRegisterInputCallback: type 1 proc 0x732bb7b74820
[1396551.029] (**) xrdpMouse: (accel) keeping acceleration scheme 1
[1396551.029] (**) xrdpMouse: (accel) acceleration profile 0
[1396551.029] (**) xrdpMouse: (accel) acceleration factor: 2.000
[1396551.029] (**) xrdpMouse: (accel) acceleration threshold: 4
[1396551.029] (II) rdpmouseControl: what 1
[1396551.029] (II) Using input driver 'XRDPKEYB' for 'xrdpKeyboard'
[1396551.029] (**) Option "CoreKeyboard"
[1396551.029] (**) xrdpKeyboard: always reports core events
[1396551.029] (II) rdpkeybPreInit: drv 0x62737e716890 info 0x62737e9c27b0, flags 0x0
[1396551.029] (II) XINPUT: Adding extended input device "xrdpKeyboard" (type: KEYBOARD, id 7)
[1396551.029] (II) rdpkeybControl: what 0
[1396551.029] (II) rdpLoadLayout: rules="evdev" model="pc104" variant=""layout="us" options=""
[1396551.040] (II) rdpkeybChangeKeyboardControl: autoRepeat on
[1396551.040] (II) rdpkeybChangeKeyboardControl: autoRepeat on
[1396551.040] (II) rdpRegisterInputCallback: type 0 proc 0x732bb7673930
[1396551.040] (II) rdpkeybControl: what 1
[1396551.052] (II) config/udev: Adding drm device (/dev/dri/card0)
[1396551.052] (II) xfree86: Adding drm device (/dev/dri/card0)
[1396551.052] (II) Platform probe for /sys/devices/pci0000:00/0000:00:08.1/0000:c5:00.0/drm/card0
[1396551.056] (EE) dbus-core: error connecting to system bus: org.freedesktop.DBus.Error.FileNotFound (Failed to connect to socket /run/dbus/system_bus_socket: No such file or directory)
[1396551.056] (II) rdpResizeSession: width 1024 height 768
[1396551.056] (II)   calling RRScreenSizeSet
[1396551.056] (II) rdpRRScreenSetSize: width 1024 height 768 mmWidth 271 mmHeight 203
[1396551.056] (II)   screen resized to 1024x768
[1396551.057] (II) rdpRRScreenSetSize: screenInfo x 0 y 0 width 800 height 600
[1396551.057] (II)   RRScreenSizeSet ok 1
[1396551.057] (II) rdpResizeSession: width 6400 height 2400
[1396551.057] (II)   calling RRScreenSizeSet
[1396551.057] (II) rdpRRScreenSetSize: width 6400 height 2400 mmWidth 1693 mmHeight 635
[1396551.057] (II)   screen resized to 6400x2400
[1396551.068] (II) rdpRRScreenSetSize: screenInfo x 0 y 0 width 800 height 600
[1396551.068] (II)   RRScreenSizeSet ok 1
[1396551.068] (II) rdpRRSetRdpOutputs: numCrtcs 0 numOutputs 0 monitorCount 0
[1396551.068] (II) rdpRRSetRdpOutputs: update output 0 left 0 top 0 width 6400 height 2400
[1396551.141] (II) rdpkeybChangeKeyboardControl: autoRepeat off
[1396551.141] (II) rdpkeybChangeKeyboardControl: autoRepeat off
[1396551.975] (EE) Failed to open authorization file "/var/run/xrdp/1001/Xauthority": No such file or directory
[1396553.500] (II) rdpClientConGotConnection: g_sck_accept ok new_sck 18
[1396553.500] (II) rdpClientConGotConnection: idle_disconnect_timeout set to non-positive value, idle timer turned off
[1396553.504] (II) rdpAddClientConToDev: adding first clientCon 0x62737eb082b0
[1396553.521] (II) rdpClientConProcessMsgVersion: version 0 0 0 1
[1396553.521] (II)   got client info bytes 1864
[1396553.522] (II)   jpeg support 0
[1396553.523] (II)   offscreen support 0
[1396553.525] (II)   offscreen size 0
[1396553.525] (II)   offscreen entries 0
[1396553.525] (II) rdpClientConProcessMsgClientInfo: got AVC444 packed-view capture (format 0x20450000 chroma_align 32)
[1396553.525] (II)     msFrameInterval 16
[1396553.534] (II) rdpClientConAllocateSharedMemory: shmemfd 19 shmemptr 0x732b9bb93000 bytes 77414400
[1396553.534] (II)   client can do multimon
[1396553.534] (II)   client monitor data, monitorCount=2
[1396553.534] (II)     left 0 top 0 right 2559 bottom 1439
[1396553.534] (II)     left 2560 top 0 right 6399 bottom 2399
[1396553.534] (II) rdpRRSetRdpOutputs: numCrtcs 1 numOutputs 1 monitorCount 2
[1396553.534] (II) rdpRRSetRdpOutputs: update output 0 left 0 top 0 width 2560 height 1440
[1396553.534] (II) rdpRRSetRdpOutputs: update output 1 left 2560 top 0 width 3840 height 2400
[1396553.534] (II)   client can not do offscreen to offscreen blits
[1396553.534] (II)   client can do new(color) cursor
[1396553.534] (II) rdpLoadLayout: rules="evdev" model="pc104" variant=""layout="us" options=""
[1396553.534] (II) rdpkeybChangeKeyboardControl: autoRepeat on
[1396553.535] (II) rdpkeybChangeKeyboardControl: autoRepeat on
[1396553.535] (II) rdpClientConProcessMsgClientInput: invalidate x 0 y 0 cx 6400 cy 2400
[1396553.544] (II) R1SLOT mon 0 shmem_offset 11059200 rect_id 1 rect_id_ack 0 max_outstanding 2
[1396553.557] (II) R1SLOT mon 1 shmem_offset 22118400 rect_id 2 rect_id_ack 0 max_outstanding 2
[1396553.635] (II) rdpkeybChangeKeyboardControl: autoRepeat off
[1396553.635] (II) rdpkeybChangeKeyboardControl: autoRepeat off
[1396553.709] (II) R1SLOT mon 0 shmem_offset 11059200 rect_id 3 rect_id_ack 1 max_outstanding 2
[1396553.865] (II) R1SLOT mon 0 shmem_offset 0 rect_id 4 rect_id_ack 2 max_outstanding 2
[1396554.145] (II) R1SLOT mon 0 shmem_offset 11059200 rect_id 5 rect_id_ack 4 max_outstanding 2
[1396554.189] (II) R1SLOT mon 0 shmem_offset 0 rect_id 6 rect_id_ack 4 max_outstanding 2
[1396554.291] (II) R1SLOT mon 0 shmem_offset 11059200 rect_id 7 rect_id_ack 6 max_outstanding 2
[1396554.393] (II) R1SLOT mon 0 shmem_offset 0 rect_id 8 rect_id_ack 7 max_outstanding 2
[1396554.495] (II) R1SLOT mon 0 shmem_offset 11059200 rect_id 9 rect_id_ack 8 max_outstanding 2
[1396554.598] (II) R1SLOT mon 0 shmem_offset 0 rect_id 10 rect_id_ack 9 max_outstanding 2
[1396554.701] (II) R1SLOT mon 0 shmem_offset 11059200 rect_id 11 rect_id_ack 10 max_outstanding 2
[1396554.803] (II) R1SLOT mon 0 shmem_offset 0 rect_id 12 rect_id_ack 11 max_outstanding 2
[1396554.904] (II) R1SLOT mon 0 shmem_offset 11059200 rect_id 13 rect_id_ack 12 max_outstanding 2
[1396555.007] (II) R1SLOT mon 0 shmem_offset 0 rect_id 14 rect_id_ack 13 max_outstanding 2
[1396555.110] (II) R1SLOT mon 0 shmem_offset 11059200 rect_id 15 rect_id_ack 14 max_outstanding 2
[1396555.212] (II) R1SLOT mon 0 shmem_offset 0 rect_id 16 rect_id_ack 15 max_outstanding 2
[1396555.315] (II) R1SLOT mon 0 shmem_offset 11059200 rect_id 17 rect_id_ack 16 max_outstanding 2
[1396555.417] (II) R1SLOT mon 0 shmem_offset 0 rect_id 18 rect_id_ack 17 max_outstanding 2
[1396555.519] (II) R1SLOT mon 0 shmem_offset 11059200 rect_id 19 rect_id_ack 18 max_outstanding 2
[1396555.621] (II) R1SLOT mon 0 shmem_offset 0 rect_id 20 rect_id_ack 19 max_outstanding 2
[1396555.724] (II) R1SLOT mon 0 shmem_offset 11059200 rect_id 21 rect_id_ack 20 max_outstanding 2
[1396555.827] (II) R1SLOT mon 0 shmem_offset 0 rect_id 22 rect_id_ack 21 max_outstanding 2
[1396555.931] (II) R1SLOT mon 0 shmem_offset 11059200 rect_id 23 rect_id_ack 22 max_outstanding 2
[1396556.034] (II) R1SLOT mon 0 shmem_offset 0 rect_id 24 rect_id_ack 23 max_outstanding 2
[1396556.138] (II) R1SLOT mon 0 shmem_offset 11059200 rect_id 25 rect_id_ack 24 max_outstanding 2
[1396556.241] (II) R1SLOT mon 0 shmem_offset 0 rect_id 26 rect_id_ack 25 max_outstanding 2
[1396556.345] (II) R1SLOT mon 0 shmem_offset 11059200 rect_id 27 rect_id_ack 26 max_outstanding 2
[1396556.448] (II) R1SLOT mon 0 shmem_offset 0 rect_id 28 rect_id_ack 27 max_outstanding 2
[1396556.551] (II) R1SLOT mon 0 shmem_offset 11059200 rect_id 29 rect_id_ack 28 max_outstanding 2
[1396556.654] (II) R1SLOT mon 0 shmem_offset 0 rect_id 30 rect_id_ack 29 max_outstanding 2
[1396556.757] (II) R1SLOT mon 0 shmem_offset 11059200 rect_id 31 rect_id_ack 30 max_outstanding 2
[1396556.860] (II) R1SLOT mon 0 shmem_offset 0 rect_id 32 rect_id_ack 31 max_outstanding 2
[1396556.962] (II) R1SLOT mon 0 shmem_offset 11059200 rect_id 33 rect_id_ack 32 max_outstanding 2
[1396557.065] (II) R1SLOT mon 0 shmem_offset 0 rect_id 34 rect_id_ack 33 max_outstanding 2
[1396557.168] (II) R1SLOT mon 0 shmem_offset 11059200 rect_id 35 rect_id_ack 34 max_outstanding 2
[1396557.270] (II) R1SLOT mon 0 shmem_offset 0 rect_id 36 rect_id_ack 35 max_outstanding 2
[1396557.374] (II) R1SLOT mon 0 shmem_offset 11059200 rect_id 37 rect_id_ack 36 max_outstanding 2
[1396557.476] (II) R1SLOT mon 0 shmem_offset 0 rect_id 38 rect_id_ack 37 max_outstanding 2
[1396557.578] (II) R1SLOT mon 0 shmem_offset 11059200 rect_id 39 rect_id_ack 38 max_outstanding 2
[1396557.681] (II) R1SLOT mon 0 shmem_offset 0 rect_id 40 rect_id_ack 39 max_outstanding 2
[1396557.784] (II) R1SLOT mon 0 shmem_offset 11059200 rect_id 41 rect_id_ack 40 max_outstanding 2
[1396557.887] (II) R1SLOT mon 0 shmem_offset 0 rect_id 42 rect_id_ack 41 max_outstanding 2
[1396557.988] (II) R1SLOT mon 0 shmem_offset 11059200 rect_id 43 rect_id_ack 42 max_outstanding 2
[1396558.090] (II) R1SLOT mon 0 shmem_offset 0 rect_id 44 rect_id_ack 43 max_outstanding 2
[1396558.194] (II) R1SLOT mon 0 shmem_offset 11059200 rect_id 45 rect_id_ack 44 max_outstanding 2
[1396558.296] (II) R1SLOT mon 0 shmem_offset 0 rect_id 46 rect_id_ack 45 max_outstanding 2
[1396558.402] (II) R1SLOT mon 0 shmem_offset 11059200 rect_id 47 rect_id_ack 46 max_outstanding 2
[1396558.504] (II) R1SLOT mon 0 shmem_offset 0 rect_id 48 rect_id_ack 47 max_outstanding 2
[1396558.607] (II) R1SLOT mon 0 shmem_offset 11059200 rect_id 49 rect_id_ack 48 max_outstanding 2
[1396561.057] (EE) dbus-core: error connecting to system bus: org.freedesktop.DBus.Error.FileNotFound (Failed to connect to socket /run/dbus/system_bus_socket: No such file or directory)
[1396562.809] (II) R1SLOT mon 1 shmem_offset 22118400 rect_id 50 rect_id_ack 49 max_outstanding 2
[1396562.811] (II) R1SLOT mon 0 shmem_offset 11059200 rect_id 51 rect_id_ack 49 max_outstanding 2
[1396562.910] (II) R1SLOT mon 1 shmem_offset 22118400 rect_id 52 rect_id_ack 50 max_outstanding 2
[1396563.215] (II) R1SLOT mon 0 shmem_offset 11059200 rect_id 53 rect_id_ack 52 max_outstanding 2
[1396563.223] (II) R1SLOT mon 1 shmem_offset 22118400 rect_id 54 rect_id_ack 52 max_outstanding 2
[1396563.542] (II) R1SLOT mon 0 shmem_offset 11059200 rect_id 55 rect_id_ack 54 max_outstanding 2
[1396563.550] (II) R1SLOT mon 1 shmem_offset 22118400 rect_id 56 rect_id_ack 54 max_outstanding 2
[1396563.876] (II) R1SLOT mon 0 shmem_offset 11059200 rect_id 57 rect_id_ack 56 max_outstanding 2
[1396563.884] (II) R1SLOT mon 1 shmem_offset 22118400 rect_id 58 rect_id_ack 56 max_outstanding 2
[1396564.206] (II) R1SLOT mon 0 shmem_offset 11059200 rect_id 59 rect_id_ack 58 max_outstanding 2
[1396564.213] (II) R1SLOT mon 1 shmem_offset 22118400 rect_id 60 rect_id_ack 58 max_outstanding 2
[1396564.543] (II) R1SLOT mon 0 shmem_offset 11059200 rect_id 61 rect_id_ack 60 max_outstanding 2
[1396564.550] (II) R1SLOT mon 1 shmem_offset 22118400 rect_id 62 rect_id_ack 60 max_outstanding 2
[1396564.856] (II) R1SLOT mon 0 shmem_offset 11059200 rect_id 63 rect_id_ack 62 max_outstanding 2
[1396564.864] (II) R1SLOT mon 1 shmem_offset 22118400 rect_id 64 rect_id_ack 62 max_outstanding 2
[1396565.192] (II) R1SLOT mon 0 shmem_offset 11059200 rect_id 65 rect_id_ack 64 max_outstanding 2
[1396565.199] (II) R1SLOT mon 1 shmem_offset 22118400 rect_id 66 rect_id_ack 64 max_outstanding 2
[1396565.525] (II) R1SLOT mon 0 shmem_offset 11059200 rect_id 67 rect_id_ack 66 max_outstanding 2
[1396565.532] (II) R1SLOT mon 1 shmem_offset 22118400 rect_id 68 rect_id_ack 66 max_outstanding 2
[1396565.858] (II) R1SLOT mon 0 shmem_offset 11059200 rect_id 69 rect_id_ack 68 max_outstanding 2
[1396565.866] (II) R1SLOT mon 1 shmem_offset 22118400 rect_id 70 rect_id_ack 68 max_outstanding 2
[1396566.193] (II) R1SLOT mon 0 shmem_offset 11059200 rect_id 71 rect_id_ack 70 max_outstanding 2
[1396566.200] (II) R1SLOT mon 1 shmem_offset 22118400 rect_id 72 rect_id_ack 70 max_outstanding 2
[1396566.531] (II) R1SLOT mon 0 shmem_offset 11059200 rect_id 73 rect_id_ack 72 max_outstanding 2
[1396566.538] (II) R1SLOT mon 1 shmem_offset 22118400 rect_id 74 rect_id_ack 72 max_outstanding 2
[1396566.869] (II) R1SLOT mon 0 shmem_offset 11059200 rect_id 75 rect_id_ack 74 max_outstanding 2
[1396566.876] (II) R1SLOT mon 1 shmem_offset 22118400 rect_id 76 rect_id_ack 74 max_outstanding 2
[1396567.189] (II) R1SLOT mon 0 shmem_offset 11059200 rect_id 77 rect_id_ack 76 max_outstanding 2
[1396567.196] (II) R1SLOT mon 1 shmem_offset 22118400 rect_id 78 rect_id_ack 76 max_outstanding 2
[1396567.503] (II) R1SLOT mon 0 shmem_offset 11059200 rect_id 79 rect_id_ack 78 max_outstanding 2
[1396567.510] (II) R1SLOT mon 1 shmem_offset 22118400 rect_id 80 rect_id_ack 78 max_outstanding 2
[1396567.843] (II) R1SLOT mon 0 shmem_offset 11059200 rect_id 81 rect_id_ack 80 max_outstanding 2
[1396567.850] (II) R1SLOT mon 1 shmem_offset 22118400 rect_id 82 rect_id_ack 80 max_outstanding 2
[1396568.176] (II) R1SLOT mon 0 shmem_offset 11059200 rect_id 83 rect_id_ack 82 max_outstanding 2
[1396568.184] (II) R1SLOT mon 1 shmem_offset 22118400 rect_id 84 rect_id_ack 82 max_outstanding 2
[1396568.517] (II) R1SLOT mon 0 shmem_offset 11059200 rect_id 85 rect_id_ack 84 max_outstanding 2
[1396568.524] (II) R1SLOT mon 1 shmem_offset 22118400 rect_id 86 rect_id_ack 84 max_outstanding 2
[1396568.856] (II) R1SLOT mon 0 shmem_offset 11059200 rect_id 87 rect_id_ack 86 max_outstanding 2
[1396568.864] (II) R1SLOT mon 1 shmem_offset 22118400 rect_id 88 rect_id_ack 86 max_outstanding 2
[1396569.187] (II) R1SLOT mon 0 shmem_offset 11059200 rect_id 89 rect_id_ack 88 max_outstanding 2
[1396569.195] (II) R1SLOT mon 1 shmem_offset 22118400 rect_id 90 rect_id_ack 88 max_outstanding 2
[1396569.520] (II) R1SLOT mon 0 shmem_offset 11059200 rect_id 91 rect_id_ack 90 max_outstanding 2
[1396569.527] (II) R1SLOT mon 1 shmem_offset 22118400 rect_id 92 rect_id_ack 90 max_outstanding 2
[1396569.863] (II) R1SLOT mon 0 shmem_offset 11059200 rect_id 93 rect_id_ack 92 max_outstanding 2
[1396569.870] (II) R1SLOT mon 1 shmem_offset 22118400 rect_id 94 rect_id_ack 92 max_outstanding 2
[1396570.193] (II) R1SLOT mon 0 shmem_offset 11059200 rect_id 95 rect_id_ack 94 max_outstanding 2
[1396570.200] (II) R1SLOT mon 1 shmem_offset 22118400 rect_id 96 rect_id_ack 94 max_outstanding 2
[1396570.533] (II) R1SLOT mon 0 shmem_offset 11059200 rect_id 97 rect_id_ack 96 max_outstanding 2
[1396570.541] (II) R1SLOT mon 1 shmem_offset 22118400 rect_id 98 rect_id_ack 96 max_outstanding 2
[1396570.852] (II) R1SLOT mon 0 shmem_offset 11059200 rect_id 99 rect_id_ack 98 max_outstanding 2
[1396570.859] (II) R1SLOT mon 1 shmem_offset 22118400 rect_id 100 rect_id_ack 98 max_outstanding 2
[1396571.058] (EE) dbus-core: error connecting to system bus: org.freedesktop.DBus.Error.FileNotFound (Failed to connect to socket /run/dbus/system_bus_socket: No such file or directory)
[1396571.184] (II) R1SLOT mon 0 shmem_offset 11059200 rect_id 101 rect_id_ack 100 max_outstanding 2
[1396571.192] (II) R1SLOT mon 1 shmem_offset 22118400 rect_id 102 rect_id_ack 100 max_outstanding 2
[1396571.516] (II) R1SLOT mon 0 shmem_offset 11059200 rect_id 103 rect_id_ack 102 max_outstanding 2
[1396571.524] (II) R1SLOT mon 1 shmem_offset 22118400 rect_id 104 rect_id_ack 102 max_outstanding 2
[1396571.847] (II) R1SLOT mon 0 shmem_offset 11059200 rect_id 105 rect_id_ack 104 max_outstanding 2
[1396571.854] (II) R1SLOT mon 1 shmem_offset 22118400 rect_id 106 rect_id_ack 104 max_outstanding 2
[1396572.189] (II) R1SLOT mon 0 shmem_offset 11059200 rect_id 107 rect_id_ack 106 max_outstanding 2
[1396572.197] (II) R1SLOT mon 1 shmem_offset 22118400 rect_id 108 rect_id_ack 106 max_outstanding 2
[1396572.526] (II) R1SLOT mon 0 shmem_offset 11059200 rect_id 109 rect_id_ack 108 max_outstanding 2
[1396572.534] (II) R1SLOT mon 1 shmem_offset 22118400 rect_id 110 rect_id_ack 108 max_outstanding 2
[1396572.864] (II) R1SLOT mon 0 shmem_offset 11059200 rect_id 111 rect_id_ack 110 max_outstanding 2
[1396572.872] (II) R1SLOT mon 1 shmem_offset 22118400 rect_id 112 rect_id_ack 110 max_outstanding 2
[1396573.196] (II) R1SLOT mon 0 shmem_offset 11059200 rect_id 113 rect_id_ack 112 max_outstanding 2
[1396573.203] (II) R1SLOT mon 1 shmem_offset 22118400 rect_id 114 rect_id_ack 112 max_outstanding 2
[1396573.531] (II) R1SLOT mon 0 shmem_offset 11059200 rect_id 115 rect_id_ack 114 max_outstanding 2
[1396573.539] (II) R1SLOT mon 1 shmem_offset 22118400 rect_id 116 rect_id_ack 114 max_outstanding 2
[1396573.863] (II) R1SLOT mon 0 shmem_offset 11059200 rect_id 117 rect_id_ack 116 max_outstanding 2
[1396573.871] (II) R1SLOT mon 1 shmem_offset 22118400 rect_id 118 rect_id_ack 116 max_outstanding 2
[1396574.207] (II) R1SLOT mon 0 shmem_offset 11059200 rect_id 119 rect_id_ack 118 max_outstanding 2
[1396574.215] (II) R1SLOT mon 1 shmem_offset 22118400 rect_id 120 rect_id_ack 118 max_outstanding 2
[1396574.537] (II) R1SLOT mon 0 shmem_offset 11059200 rect_id 121 rect_id_ack 120 max_outstanding 2
[1396574.544] (II) R1SLOT mon 1 shmem_offset 22118400 rect_id 122 rect_id_ack 120 max_outstanding 2
[1396574.868] (II) R1SLOT mon 0 shmem_offset 11059200 rect_id 123 rect_id_ack 122 max_outstanding 2
[1396574.876] (II) R1SLOT mon 1 shmem_offset 22118400 rect_id 124 rect_id_ack 122 max_outstanding 2
[1396575.200] (II) R1SLOT mon 0 shmem_offset 11059200 rect_id 125 rect_id_ack 124 max_outstanding 2
[1396575.208] (II) R1SLOT mon 1 shmem_offset 22118400 rect_id 126 rect_id_ack 124 max_outstanding 2
[1396575.534] (II) R1SLOT mon 0 shmem_offset 11059200 rect_id 127 rect_id_ack 126 max_outstanding 2
[1396575.542] (II) R1SLOT mon 1 shmem_offset 22118400 rect_id 128 rect_id_ack 126 max_outstanding 2
[1396575.859] (II) R1SLOT mon 0 shmem_offset 11059200 rect_id 129 rect_id_ack 128 max_outstanding 2
[1396575.866] (II) R1SLOT mon 1 shmem_offset 22118400 rect_id 130 rect_id_ack 128 max_outstanding 2
[1396576.193] (II) R1SLOT mon 0 shmem_offset 11059200 rect_id 131 rect_id_ack 130 max_outstanding 2
[1396576.200] (II) R1SLOT mon 1 shmem_offset 22118400 rect_id 132 rect_id_ack 130 max_outstanding 2
[1396576.526] (II) R1SLOT mon 0 shmem_offset 11059200 rect_id 133 rect_id_ack 132 max_outstanding 2
[1396576.533] (II) R1SLOT mon 1 shmem_offset 22118400 rect_id 134 rect_id_ack 132 max_outstanding 2
[1396576.860] (II) R1SLOT mon 0 shmem_offset 11059200 rect_id 135 rect_id_ack 134 max_outstanding 2
[1396576.868] (II) R1SLOT mon 1 shmem_offset 22118400 rect_id 136 rect_id_ack 134 max_outstanding 2
[1396577.192] (II) R1SLOT mon 0 shmem_offset 11059200 rect_id 137 rect_id_ack 136 max_outstanding 2
[1396577.199] (II) R1SLOT mon 1 shmem_offset 22118400 rect_id 138 rect_id_ack 136 max_outstanding 2
[1396577.517] (II) R1SLOT mon 0 shmem_offset 11059200 rect_id 139 rect_id_ack 138 max_outstanding 2
[1396577.524] (II) R1SLOT mon 1 shmem_offset 22118400 rect_id 140 rect_id_ack 138 max_outstanding 2
[1396577.855] (II) R1SLOT mon 0 shmem_offset 11059200 rect_id 141 rect_id_ack 140 max_outstanding 2
[1396577.862] (II) R1SLOT mon 1 shmem_offset 22118400 rect_id 142 rect_id_ack 140 max_outstanding 2
[1396578.186] (II) R1SLOT mon 0 shmem_offset 11059200 rect_id 143 rect_id_ack 142 max_outstanding 2
[1396578.193] (II) R1SLOT mon 1 shmem_offset 22118400 rect_id 144 rect_id_ack 142 max_outstanding 2
[1396578.527] (II) R1SLOT mon 0 shmem_offset 11059200 rect_id 145 rect_id_ack 144 max_outstanding 2
[1396578.535] (II) R1SLOT mon 1 shmem_offset 22118400 rect_id 146 rect_id_ack 144 max_outstanding 2
[1396578.868] (II) R1SLOT mon 0 shmem_offset 11059200 rect_id 147 rect_id_ack 146 max_outstanding 2
[1396578.875] (II) R1SLOT mon 1 shmem_offset 22118400 rect_id 148 rect_id_ack 146 max_outstanding 2
[1396579.199] (II) R1SLOT mon 0 shmem_offset 11059200 rect_id 149 rect_id_ack 148 max_outstanding 2
[1396579.207] (II) R1SLOT mon 1 shmem_offset 22118400 rect_id 150 rect_id_ack 148 max_outstanding 2
[1396579.533] (II) R1SLOT mon 0 shmem_offset 11059200 rect_id 151 rect_id_ack 150 max_outstanding 2
[1396579.540] (II) R1SLOT mon 1 shmem_offset 22118400 rect_id 152 rect_id_ack 150 max_outstanding 2
[1396579.865] (II) R1SLOT mon 0 shmem_offset 11059200 rect_id 153 rect_id_ack 152 max_outstanding 2
[1396579.873] (II) R1SLOT mon 1 shmem_offset 22118400 rect_id 154 rect_id_ack 152 max_outstanding 2
[1396580.198] (II) R1SLOT mon 0 shmem_offset 11059200 rect_id 155 rect_id_ack 154 max_outstanding 2
[1396580.206] (II) R1SLOT mon 1 shmem_offset 22118400 rect_id 156 rect_id_ack 154 max_outstanding 2
[1396580.522] (II) R1SLOT mon 0 shmem_offset 11059200 rect_id 157 rect_id_ack 156 max_outstanding 2
[1396580.530] (II) R1SLOT mon 1 shmem_offset 22118400 rect_id 158 rect_id_ack 156 max_outstanding 2
[1396580.859] (II) R1SLOT mon 0 shmem_offset 11059200 rect_id 159 rect_id_ack 158 max_outstanding 2
[1396580.866] (II) R1SLOT mon 1 shmem_offset 22118400 rect_id 160 rect_id_ack 158 max_outstanding 2
[1396581.058] (EE) dbus-core: error connecting to system bus: org.freedesktop.DBus.Error.FileNotFound (Failed to connect to socket /run/dbus/system_bus_socket: No such file or directory)
[1396581.201] (II) R1SLOT mon 0 shmem_offset 11059200 rect_id 161 rect_id_ack 160 max_outstanding 2
[1396581.209] (II) R1SLOT mon 1 shmem_offset 22118400 rect_id 162 rect_id_ack 160 max_outstanding 2
[1396581.534] (II) R1SLOT mon 0 shmem_offset 11059200 rect_id 163 rect_id_ack 162 max_outstanding 2
[1396581.541] (II) R1SLOT mon 1 shmem_offset 22118400 rect_id 164 rect_id_ack 162 max_outstanding 2
[1396581.873] (II) R1SLOT mon 0 shmem_offset 11059200 rect_id 165 rect_id_ack 164 max_outstanding 2
[1396581.881] (II) R1SLOT mon 1 shmem_offset 22118400 rect_id 166 rect_id_ack 164 max_outstanding 2
[1396582.211] (II) R1SLOT mon 0 shmem_offset 11059200 rect_id 167 rect_id_ack 166 max_outstanding 2
[1396582.218] (II) R1SLOT mon 1 shmem_offset 22118400 rect_id 168 rect_id_ack 166 max_outstanding 2
[1396582.520] (II) R1SLOT mon 0 shmem_offset 11059200 rect_id 169 rect_id_ack 168 max_outstanding 2
[1396582.528] (II) R1SLOT mon 1 shmem_offset 22118400 rect_id 170 rect_id_ack 168 max_outstanding 2
[1396582.851] (II) R1SLOT mon 0 shmem_offset 11059200 rect_id 171 rect_id_ack 170 max_outstanding 2
[1396582.859] (II) R1SLOT mon 1 shmem_offset 22118400 rect_id 172 rect_id_ack 170 max_outstanding 2
[1396583.193] (II) R1SLOT mon 0 shmem_offset 11059200 rect_id 173 rect_id_ack 172 max_outstanding 2
[1396583.201] (II) R1SLOT mon 1 shmem_offset 22118400 rect_id 174 rect_id_ack 172 max_outstanding 2
[1396583.530] (II) R1SLOT mon 0 shmem_offset 11059200 rect_id 175 rect_id_ack 174 max_outstanding 2
[1396583.537] (II) R1SLOT mon 1 shmem_offset 22118400 rect_id 176 rect_id_ack 174 max_outstanding 2
[1396583.866] (II) R1SLOT mon 0 shmem_offset 11059200 rect_id 177 rect_id_ack 176 max_outstanding 2
[1396583.873] (II) R1SLOT mon 1 shmem_offset 22118400 rect_id 178 rect_id_ack 176 max_outstanding 2
[1396584.209] (II) R1SLOT mon 0 shmem_offset 11059200 rect_id 179 rect_id_ack 178 max_outstanding 2
[1396584.216] (II) R1SLOT mon 1 shmem_offset 22118400 rect_id 180 rect_id_ack 178 max_outstanding 2
[1396584.548] (II) R1SLOT mon 0 shmem_offset 11059200 rect_id 181 rect_id_ack 180 max_outstanding 2
[1396584.555] (II) R1SLOT mon 1 shmem_offset 22118400 rect_id 182 rect_id_ack 180 max_outstanding 2
[1396584.877] (II) R1SLOT mon 0 shmem_offset 11059200 rect_id 183 rect_id_ack 182 max_outstanding 2
[1396584.884] (II) R1SLOT mon 1 shmem_offset 22118400 rect_id 184 rect_id_ack 182 max_outstanding 2
[1396585.216] (II) R1SLOT mon 0 shmem_offset 11059200 rect_id 185 rect_id_ack 184 max_outstanding 2
[1396585.224] (II) R1SLOT mon 1 shmem_offset 22118400 rect_id 186 rect_id_ack 184 max_outstanding 2
[1396585.559] (II) R1SLOT mon 0 shmem_offset 11059200 rect_id 187 rect_id_ack 186 max_outstanding 2
[1396585.566] (II) R1SLOT mon 1 shmem_offset 22118400 rect_id 188 rect_id_ack 186 max_outstanding 2
[1396585.885] (II) R1SLOT mon 0 shmem_offset 11059200 rect_id 189 rect_id_ack 188 max_outstanding 2
[1396585.893] (II) R1SLOT mon 1 shmem_offset 22118400 rect_id 190 rect_id_ack 188 max_outstanding 2
[1396586.222] (II) R1SLOT mon 0 shmem_offset 11059200 rect_id 191 rect_id_ack 190 max_outstanding 2
[1396586.230] (II) R1SLOT mon 1 shmem_offset 22118400 rect_id 192 rect_id_ack 190 max_outstanding 2
[1396586.558] (II) R1SLOT mon 0 shmem_offset 11059200 rect_id 193 rect_id_ack 192 max_outstanding 2
[1396586.566] (II) R1SLOT mon 1 shmem_offset 22118400 rect_id 194 rect_id_ack 192 max_outstanding 2
[1396586.895] (II) R1SLOT mon 0 shmem_offset 11059200 rect_id 195 rect_id_ack 194 max_outstanding 2
[1396586.902] (II) R1SLOT mon 1 shmem_offset 22118400 rect_id 196 rect_id_ack 194 max_outstanding 2
[1396587.239] (II) R1SLOT mon 0 shmem_offset 11059200 rect_id 197 rect_id_ack 196 max_outstanding 2
[1396587.246] (II) R1SLOT mon 1 shmem_offset 22118400 rect_id 198 rect_id_ack 196 max_outstanding 2
[1396587.579] (II) R1SLOT mon 0 shmem_offset 11059200 rect_id 199 rect_id_ack 198 max_outstanding 2
[1396587.586] (II) R1SLOT mon 1 shmem_offset 22118400 rect_id 200 rect_id_ack 198 max_outstanding 2
[1396587.911] (II) R1SLOT mon 0 shmem_offset 11059200 rect_id 201 rect_id_ack 200 max_outstanding 2
[1396587.919] (II) R1SLOT mon 1 shmem_offset 22118400 rect_id 202 rect_id_ack 200 max_outstanding 2
[1396588.253] (II) R1SLOT mon 0 shmem_offset 11059200 rect_id 203 rect_id_ack 202 max_outstanding 2
[1396588.260] (II) R1SLOT mon 1 shmem_offset 22118400 rect_id 204 rect_id_ack 202 max_outstanding 2
[1396588.563] (II) R1SLOT mon 0 shmem_offset 11059200 rect_id 205 rect_id_ack 204 max_outstanding 2
[1396588.571] (II) R1SLOT mon 1 shmem_offset 22118400 rect_id 206 rect_id_ack 204 max_outstanding 2
[1396588.900] (II) R1SLOT mon 0 shmem_offset 11059200 rect_id 207 rect_id_ack 206 max_outstanding 2
[1396588.908] (II) R1SLOT mon 1 shmem_offset 22118400 rect_id 208 rect_id_ack 206 max_outstanding 2
[1396589.240] (II) R1SLOT mon 0 shmem_offset 11059200 rect_id 209 rect_id_ack 208 max_outstanding 2
[1396589.248] (II) R1SLOT mon 1 shmem_offset 22118400 rect_id 210 rect_id_ack 208 max_outstanding 2
[1396589.560] (II) R1SLOT mon 0 shmem_offset 11059200 rect_id 211 rect_id_ack 210 max_outstanding 2
[1396589.568] (II) R1SLOT mon 1 shmem_offset 22118400 rect_id 212 rect_id_ack 210 max_outstanding 2
[1396589.895] (II) R1SLOT mon 0 shmem_offset 11059200 rect_id 213 rect_id_ack 212 max_outstanding 2
[1396589.903] (II) R1SLOT mon 1 shmem_offset 22118400 rect_id 214 rect_id_ack 212 max_outstanding 2
[1396590.229] (II) R1SLOT mon 0 shmem_offset 11059200 rect_id 215 rect_id_ack 214 max_outstanding 2
[1396590.236] (II) R1SLOT mon 1 shmem_offset 22118400 rect_id 216 rect_id_ack 214 max_outstanding 2
[1396590.570] (II) R1SLOT mon 0 shmem_offset 11059200 rect_id 217 rect_id_ack 216 max_outstanding 2
[1396590.578] (II) R1SLOT mon 1 shmem_offset 22118400 rect_id 218 rect_id_ack 216 max_outstanding 2
[1396590.901] (II) R1SLOT mon 0 shmem_offset 11059200 rect_id 219 rect_id_ack 218 max_outstanding 2
[1396590.908] (II) R1SLOT mon 1 shmem_offset 22118400 rect_id 220 rect_id_ack 218 max_outstanding 2
[1396591.058] (EE) dbus-core: error connecting to system bus: org.freedesktop.DBus.Error.FileNotFound (Failed to connect to socket /run/dbus/system_bus_socket: No such file or directory)
[1396591.228] (II) R1SLOT mon 0 shmem_offset 11059200 rect_id 221 rect_id_ack 220 max_outstanding 2
[1396591.235] (II) R1SLOT mon 1 shmem_offset 22118400 rect_id 222 rect_id_ack 220 max_outstanding 2
[1396591.566] (II) R1SLOT mon 0 shmem_offset 11059200 rect_id 223 rect_id_ack 222 max_outstanding 2
[1396591.574] (II) R1SLOT mon 1 shmem_offset 22118400 rect_id 224 rect_id_ack 222 max_outstanding 2
[1396591.902] (II) R1SLOT mon 0 shmem_offset 11059200 rect_id 225 rect_id_ack 224 max_outstanding 2
[1396591.909] (II) R1SLOT mon 1 shmem_offset 22118400 rect_id 226 rect_id_ack 224 max_outstanding 2
[1396592.239] (II) R1SLOT mon 0 shmem_offset 11059200 rect_id 227 rect_id_ack 226 max_outstanding 2
[1396592.247] (II) R1SLOT mon 1 shmem_offset 22118400 rect_id 228 rect_id_ack 226 max_outstanding 2
[1396592.578] (II) R1SLOT mon 0 shmem_offset 11059200 rect_id 229 rect_id_ack 228 max_outstanding 2
[1396592.585] (II) R1SLOT mon 1 shmem_offset 22118400 rect_id 230 rect_id_ack 228 max_outstanding 2
[1396592.909] (II) R1SLOT mon 0 shmem_offset 11059200 rect_id 231 rect_id_ack 230 max_outstanding 2
[1396592.916] (II) R1SLOT mon 1 shmem_offset 22118400 rect_id 232 rect_id_ack 230 max_outstanding 2
[1396593.248] (II) R1SLOT mon 0 shmem_offset 11059200 rect_id 233 rect_id_ack 232 max_outstanding 2
[1396593.255] (II) R1SLOT mon 1 shmem_offset 22118400 rect_id 234 rect_id_ack 232 max_outstanding 2
[1396593.579] (II) R1SLOT mon 0 shmem_offset 11059200 rect_id 235 rect_id_ack 234 max_outstanding 2
[1396593.586] (II) R1SLOT mon 1 shmem_offset 22118400 rect_id 236 rect_id_ack 234 max_outstanding 2
[1396593.908] (II) R1SLOT mon 0 shmem_offset 11059200 rect_id 237 rect_id_ack 236 max_outstanding 2
[1396593.915] (II) R1SLOT mon 1 shmem_offset 22118400 rect_id 238 rect_id_ack 236 max_outstanding 2
[1396594.235] (II) R1SLOT mon 0 shmem_offset 11059200 rect_id 239 rect_id_ack 238 max_outstanding 2
[1396594.242] (II) R1SLOT mon 1 shmem_offset 22118400 rect_id 240 rect_id_ack 238 max_outstanding 2
[1396594.573] (II) R1SLOT mon 0 shmem_offset 11059200 rect_id 241 rect_id_ack 240 max_outstanding 2
[1396594.580] (II) R1SLOT mon 1 shmem_offset 22118400 rect_id 242 rect_id_ack 240 max_outstanding 2
[1396594.871] (II) R1SLOT mon 0 shmem_offset 11059200 rect_id 243 rect_id_ack 242 max_outstanding 2
[1396594.879] (II) R1SLOT mon 1 shmem_offset 22118400 rect_id 244 rect_id_ack 242 max_outstanding 2
[1396595.206] (II) R1SLOT mon 0 shmem_offset 11059200 rect_id 245 rect_id_ack 244 max_outstanding 2
[1396595.213] (II) R1SLOT mon 1 shmem_offset 22118400 rect_id 246 rect_id_ack 244 max_outstanding 2
[1396595.536] (II) R1SLOT mon 0 shmem_offset 11059200 rect_id 247 rect_id_ack 246 max_outstanding 2
[1396595.543] (II) R1SLOT mon 1 shmem_offset 22118400 rect_id 248 rect_id_ack 246 max_outstanding 2
[1396595.868] (II) R1SLOT mon 0 shmem_offset 11059200 rect_id 249 rect_id_ack 248 max_outstanding 2
[1396595.875] (II) R1SLOT mon 1 shmem_offset 22118400 rect_id 250 rect_id_ack 248 max_outstanding 2
[1396596.190] (II) R1SLOT mon 0 shmem_offset 11059200 rect_id 251 rect_id_ack 250 max_outstanding 2
[1396596.198] (II) R1SLOT mon 1 shmem_offset 22118400 rect_id 252 rect_id_ack 250 max_outstanding 2
[1396596.524] (II) R1SLOT mon 0 shmem_offset 11059200 rect_id 253 rect_id_ack 252 max_outstanding 2
[1396596.532] (II) R1SLOT mon 1 shmem_offset 22118400 rect_id 254 rect_id_ack 252 max_outstanding 2
[1396596.854] (II) R1SLOT mon 0 shmem_offset 11059200 rect_id 255 rect_id_ack 254 max_outstanding 2
[1396596.862] (II) R1SLOT mon 1 shmem_offset 22118400 rect_id 256 rect_id_ack 254 max_outstanding 2
[1396597.187] (II) R1SLOT mon 0 shmem_offset 11059200 rect_id 257 rect_id_ack 256 max_outstanding 2
[1396597.195] (II) R1SLOT mon 1 shmem_offset 22118400 rect_id 258 rect_id_ack 256 max_outstanding 2
[1396597.527] (II) R1SLOT mon 0 shmem_offset 11059200 rect_id 259 rect_id_ack 258 max_outstanding 2
[1396597.534] (II) R1SLOT mon 1 shmem_offset 22118400 rect_id 260 rect_id_ack 258 max_outstanding 2
[1396597.867] (II) R1SLOT mon 0 shmem_offset 11059200 rect_id 261 rect_id_ack 260 max_outstanding 2
[1396597.874] (II) R1SLOT mon 1 shmem_offset 22118400 rect_id 262 rect_id_ack 260 max_outstanding 2
[1396598.204] (II) R1SLOT mon 0 shmem_offset 11059200 rect_id 263 rect_id_ack 262 max_outstanding 2
[1396598.211] (II) R1SLOT mon 1 shmem_offset 22118400 rect_id 264 rect_id_ack 262 max_outstanding 2
[1396598.540] (II) R1SLOT mon 0 shmem_offset 11059200 rect_id 265 rect_id_ack 264 max_outstanding 2
[1396598.547] (II) R1SLOT mon 1 shmem_offset 22118400 rect_id 266 rect_id_ack 264 max_outstanding 2
[1396598.871] (II) R1SLOT mon 0 shmem_offset 11059200 rect_id 267 rect_id_ack 266 max_outstanding 2
[1396598.878] (II) R1SLOT mon 1 shmem_offset 22118400 rect_id 268 rect_id_ack 266 max_outstanding 2
[1396599.205] (II) R1SLOT mon 0 shmem_offset 11059200 rect_id 269 rect_id_ack 268 max_outstanding 2
[1396599.213] (II) R1SLOT mon 1 shmem_offset 22118400 rect_id 270 rect_id_ack 268 max_outstanding 2
[1396599.542] (II) R1SLOT mon 0 shmem_offset 11059200 rect_id 271 rect_id_ack 270 max_outstanding 2
[1396599.549] (II) R1SLOT mon 1 shmem_offset 22118400 rect_id 272 rect_id_ack 270 max_outstanding 2
[1396599.885] (II) R1SLOT mon 0 shmem_offset 11059200 rect_id 273 rect_id_ack 272 max_outstanding 2
[1396599.892] (II) R1SLOT mon 1 shmem_offset 22118400 rect_id 274 rect_id_ack 272 max_outstanding 2
[1396600.230] (II) R1SLOT mon 0 shmem_offset 11059200 rect_id 275 rect_id_ack 274 max_outstanding 2
[1396600.238] (II) R1SLOT mon 1 shmem_offset 22118400 rect_id 276 rect_id_ack 274 max_outstanding 2
[1396600.546] (II) R1SLOT mon 0 shmem_offset 11059200 rect_id 277 rect_id_ack 276 max_outstanding 2
[1396600.553] (II) R1SLOT mon 1 shmem_offset 22118400 rect_id 278 rect_id_ack 276 max_outstanding 2
[1396600.878] (II) R1SLOT mon 0 shmem_offset 11059200 rect_id 279 rect_id_ack 278 max_outstanding 2
[1396600.885] (II) R1SLOT mon 1 shmem_offset 22118400 rect_id 280 rect_id_ack 278 max_outstanding 2
[1396601.059] (EE) dbus-core: error connecting to system bus: org.freedesktop.DBus.Error.FileNotFound (Failed to connect to socket /run/dbus/system_bus_socket: No such file or directory)
[1396601.212] (II) R1SLOT mon 0 shmem_offset 11059200 rect_id 281 rect_id_ack 280 max_outstanding 2
[1396601.220] (II) R1SLOT mon 1 shmem_offset 22118400 rect_id 282 rect_id_ack 280 max_outstanding 2
[1396601.543] (II) R1SLOT mon 0 shmem_offset 11059200 rect_id 283 rect_id_ack 282 max_outstanding 2
[1396601.550] (II) R1SLOT mon 1 shmem_offset 22118400 rect_id 284 rect_id_ack 282 max_outstanding 2
[1396601.880] (II) R1SLOT mon 0 shmem_offset 11059200 rect_id 285 rect_id_ack 284 max_outstanding 2
[1396601.888] (II) R1SLOT mon 1 shmem_offset 22118400 rect_id 286 rect_id_ack 284 max_outstanding 2
[1396602.220] (II) R1SLOT mon 0 shmem_offset 11059200 rect_id 287 rect_id_ack 286 max_outstanding 2
[1396602.227] (II) R1SLOT mon 1 shmem_offset 22118400 rect_id 288 rect_id_ack 286 max_outstanding 2
[1396602.558] (II) R1SLOT mon 0 shmem_offset 11059200 rect_id 289 rect_id_ack 288 max_outstanding 2
[1396602.565] (II) R1SLOT mon 1 shmem_offset 22118400 rect_id 290 rect_id_ack 288 max_outstanding 2
[1396602.893] (II) R1SLOT mon 0 shmem_offset 11059200 rect_id 291 rect_id_ack 290 max_outstanding 2
[1396602.900] (II) R1SLOT mon 1 shmem_offset 22118400 rect_id 292 rect_id_ack 290 max_outstanding 2
[1396603.231] (II) R1SLOT mon 0 shmem_offset 11059200 rect_id 293 rect_id_ack 292 max_outstanding 2
[1396603.238] (II) R1SLOT mon 1 shmem_offset 22118400 rect_id 294 rect_id_ack 292 max_outstanding 2
[1396603.569] (II) R1SLOT mon 0 shmem_offset 11059200 rect_id 295 rect_id_ack 294 max_outstanding 2
[1396603.576] (II) R1SLOT mon 1 shmem_offset 22118400 rect_id 296 rect_id_ack 294 max_outstanding 2
[1396603.908] (II) R1SLOT mon 0 shmem_offset 11059200 rect_id 297 rect_id_ack 296 max_outstanding 2
[1396603.916] (II) R1SLOT mon 1 shmem_offset 22118400 rect_id 298 rect_id_ack 296 max_outstanding 2
[1396604.241] (II) R1SLOT mon 0 shmem_offset 11059200 rect_id 299 rect_id_ack 298 max_outstanding 2
[1396604.248] (II) R1SLOT mon 1 shmem_offset 22118400 rect_id 300 rect_id_ack 298 max_outstanding 2
[1396604.576] (II) R1SLOT mon 0 shmem_offset 11059200 rect_id 301 rect_id_ack 300 max_outstanding 2
[1396604.583] (II) R1SLOT mon 1 shmem_offset 22118400 rect_id 302 rect_id_ack 300 max_outstanding 2
[1396604.903] (II) R1SLOT mon 0 shmem_offset 11059200 rect_id 303 rect_id_ack 302 max_outstanding 2
[1396604.911] (II) R1SLOT mon 1 shmem_offset 22118400 rect_id 304 rect_id_ack 302 max_outstanding 2
[1396605.241] (II) R1SLOT mon 0 shmem_offset 11059200 rect_id 305 rect_id_ack 304 max_outstanding 2
[1396605.248] (II) R1SLOT mon 1 shmem_offset 22118400 rect_id 306 rect_id_ack 304 max_outstanding 2
[1396605.568] (II) R1SLOT mon 0 shmem_offset 11059200 rect_id 307 rect_id_ack 306 max_outstanding 2
[1396605.575] (II) R1SLOT mon 1 shmem_offset 22118400 rect_id 308 rect_id_ack 306 max_outstanding 2
[1396605.903] (II) R1SLOT mon 0 shmem_offset 11059200 rect_id 309 rect_id_ack 308 max_outstanding 2
[1396605.911] (II) R1SLOT mon 1 shmem_offset 22118400 rect_id 310 rect_id_ack 308 max_outstanding 2
[1396606.234] (II) R1SLOT mon 0 shmem_offset 11059200 rect_id 311 rect_id_ack 310 max_outstanding 2
[1396606.242] (II) R1SLOT mon 1 shmem_offset 22118400 rect_id 312 rect_id_ack 310 max_outstanding 2
[1396606.563] (II) R1SLOT mon 0 shmem_offset 11059200 rect_id 313 rect_id_ack 312 max_outstanding 2
[1396606.570] (II) R1SLOT mon 1 shmem_offset 22118400 rect_id 314 rect_id_ack 312 max_outstanding 2
[1396606.896] (II) R1SLOT mon 0 shmem_offset 11059200 rect_id 315 rect_id_ack 314 max_outstanding 2
[1396606.903] (II) R1SLOT mon 1 shmem_offset 22118400 rect_id 316 rect_id_ack 314 max_outstanding 2
[1396607.236] (II) R1SLOT mon 0 shmem_offset 11059200 rect_id 317 rect_id_ack 316 max_outstanding 2
[1396607.243] (II) R1SLOT mon 1 shmem_offset 22118400 rect_id 318 rect_id_ack 316 max_outstanding 2
[1396607.575] (II) R1SLOT mon 0 shmem_offset 11059200 rect_id 319 rect_id_ack 318 max_outstanding 2
[1396607.582] (II) R1SLOT mon 1 shmem_offset 22118400 rect_id 320 rect_id_ack 318 max_outstanding 2
[1396607.877] (II) R1SLOT mon 0 shmem_offset 11059200 rect_id 321 rect_id_ack 320 max_outstanding 2
[1396607.885] (II) R1SLOT mon 1 shmem_offset 22118400 rect_id 322 rect_id_ack 320 max_outstanding 2
[1396608.210] (II) R1SLOT mon 0 shmem_offset 11059200 rect_id 323 rect_id_ack 322 max_outstanding 2
[1396608.218] (II) R1SLOT mon 1 shmem_offset 22118400 rect_id 324 rect_id_ack 322 max_outstanding 2
[1396608.530] (II) R1SLOT mon 0 shmem_offset 11059200 rect_id 325 rect_id_ack 324 max_outstanding 2
[1396608.537] (II) R1SLOT mon 1 shmem_offset 22118400 rect_id 326 rect_id_ack 324 max_outstanding 2
[1396608.858] (II) R1SLOT mon 0 shmem_offset 11059200 rect_id 327 rect_id_ack 326 max_outstanding 2
[1396608.866] (II) R1SLOT mon 1 shmem_offset 22118400 rect_id 328 rect_id_ack 326 max_outstanding 2
[1396609.181] (II) R1SLOT mon 0 shmem_offset 11059200 rect_id 329 rect_id_ack 328 max_outstanding 2
[1396609.188] (II) R1SLOT mon 1 shmem_offset 22118400 rect_id 330 rect_id_ack 328 max_outstanding 2
[1396609.477] (II) R1SLOT mon 0 shmem_offset 11059200 rect_id 331 rect_id_ack 330 max_outstanding 2
[1396609.484] (II) R1SLOT mon 1 shmem_offset 22118400 rect_id 332 rect_id_ack 330 max_outstanding 2
[1396609.804] (II) R1SLOT mon 0 shmem_offset 11059200 rect_id 333 rect_id_ack 332 max_outstanding 2
[1396609.811] (II) R1SLOT mon 1 shmem_offset 22118400 rect_id 334 rect_id_ack 332 max_outstanding 2
[1396610.118] (II) R1SLOT mon 0 shmem_offset 11059200 rect_id 335 rect_id_ack 334 max_outstanding 2
[1396610.125] (II) R1SLOT mon 1 shmem_offset 22118400 rect_id 336 rect_id_ack 334 max_outstanding 2
[1396610.452] (II) R1SLOT mon 0 shmem_offset 11059200 rect_id 337 rect_id_ack 336 max_outstanding 2
[1396610.460] (II) R1SLOT mon 1 shmem_offset 22118400 rect_id 338 rect_id_ack 336 max_outstanding 2
[1396610.663] (II) rdpClientConRecv: g_sck_recv failed(returned 0)
[1396610.663] (II) rdpClientConRecvMsg: error
[1396610.663] (II) rdpClientConCheck: rdpClientConGotData failed
[1396610.663] (II) rdpRemoveClientConFromDev: removing clientCon 0x62737eb082b0
[1396611.059] (EE) dbus-core: error connecting to system bus: org.freedesktop.DBus.Error.FileNotFound (Failed to connect to socket /run/dbus/system_bus_socket: No such file or directory)
