[  3444.156] 
X.Org X Server 1.21.1.22
X Protocol Version 11, Revision 0
[  3444.156] Current Operating System: Linux ip-172-31-10-230 7.0.0-1009-aws #9-Ubuntu SMP PREEMPT Tue Jun 30 21:23:37 UTC 2026 x86_64
[  3444.156] Kernel command line: BOOT_IMAGE=/vmlinuz-7.0.0-1009-aws root=PARTUUID=0258290b-29ad-4f2b-9001-018bec7b8627 ro console=tty1 console=ttyS0 nvme_core.io_timeout=4294967295 panic=-1
[  3444.156] xorg-server 2:21.1.22-1ubuntu1 (For technical support please see http://www.ubuntu.com/support) 
[  3444.156] Current version of pixman: 0.46.4
[  3444.156] 	Before reporting problems, check http://wiki.x.org
	to make sure that you have the latest version.
[  3444.156] Markers: (--) probed, (**) from config file, (==) default setting,
	(++) from command line, (!!) notice, (II) informational,
	(WW) warning, (EE) error, (NI) not implemented, (??) unknown.
[  3444.157] (++) Log file: ".xorgxrdp.10.log", Time: Mon Aug 24 14:21:44 2026
[  3444.157] (++) Using config file: "/etc/X11/xrdp/xorg.conf"
[  3444.157] (==) Using system config directory "/usr/share/X11/xorg.conf.d"
[  3444.157] (**) Option "defaultserverlayout" "X11 Server"
[  3444.157] (**) ServerLayout "X11 Server"
[  3444.157] (**) |-->Screen "Screen (xrdpdev)" (0)
[  3444.157] (**) |   |-->Monitor "Monitor"
[  3444.157] (**) |   |-->Device "Video Card (xrdpdev)"
[  3444.157] (**) |-->Input Device "xrdpMouse"
[  3444.157] (**) |-->Input Device "xrdpKeyboard"
[  3444.157] (**) Option "DontVTSwitch" "on"
[  3444.157] (**) Option "AutoAddDevices" "off"
[  3444.157] (**) Option "AutoAddGPU" "off"
[  3444.157] (**) Allowing byte-swapped clients
[  3444.158] (**) Not automatically adding devices
[  3444.158] (==) Automatically enabling devices
[  3444.158] (**) Not automatically adding GPU devices
[  3444.158] (==) Automatically binding GPU devices
[  3444.158] (==) Max clients allowed: 256, resource mask: 0x1fffff
[  3444.158] (WW) The directory "/usr/share/fonts/X11/cyrillic" does not exist.
[  3444.158] 	Entry deleted from font path.
[  3444.158] (WW) The directory "/usr/share/fonts/X11/100dpi/" does not exist.
[  3444.158] 	Entry deleted from font path.
[  3444.158] (WW) The directory "/usr/share/fonts/X11/75dpi/" does not exist.
[  3444.158] 	Entry deleted from font path.
[  3444.158] (WW) The directory "/usr/share/fonts/X11/100dpi" does not exist.
[  3444.158] 	Entry deleted from font path.
[  3444.158] (WW) The directory "/usr/share/fonts/X11/75dpi" does not exist.
[  3444.158] 	Entry deleted from font path.
[  3444.158] (==) FontPath set to:
	/usr/share/fonts/X11/misc,
	/usr/share/fonts/X11/Type1,
	built-ins
[  3444.158] (==) ModulePath set to "/usr/lib/xorg/modules"
[  3444.158] (II) Loader magic: 0x5d633f7d2020
[  3444.158] (II) Module ABI versions:
[  3444.158] 	X.Org ANSI C Emulation: 0.4
[  3444.158] 	X.Org Video Driver: 25.2
[  3444.158] 	X.Org XInput driver : 24.4
[  3444.158] 	X.Org Server Extension : 10.0
[  3444.160] (II) systemd-logind: took control of session /org/freedesktop/login1/session/_3501
[  3444.161] (II) xfree86: Adding drm device (/dev/dri/card0)
[  3444.161] (II) Platform probe for /sys/devices/pci0000:00/0000:00:03.0/simple-framebuffer.0/drm/card0
[  3444.161] (EE) systemd-logind: failed to take device /dev/dri/card0: Operation not permitted
[  3444.162] (II) xfree86: Adding drm device (/dev/dri/card1)
[  3444.162] (II) Platform probe for /sys/devices/pci0000:00/0000:00:1e.0/drm/card1
[  3444.162] (EE) systemd-logind: failed to take device /dev/dri/card1: Operation not permitted
[  3444.164] (--) PCI:*(0@0:3:0) 1d0f:1111:0000:0000 rev 0, Mem @ 0xc1000000/4194304, BIOS @ 0x????????/131072
[  3444.164] (--) PCI: (0@0:30:0) 10de:1eb8:10de:12a2 rev 161, Mem @ 0xc0000000/16777216, 0x440000000/268435456, 0x450000000/33554432
[  3444.164] (II) "glx" will be loaded. This was enabled by default and also specified in the config file.
[  3444.164] (II) LoadModule: "dbe"
[  3444.164] (II) Module "dbe" already built-in
[  3444.164] (II) LoadModule: "ddc"
[  3444.164] (II) Module "ddc" already built-in
[  3444.164] (II) LoadModule: "extmod"
[  3444.164] (II) Module "extmod" already built-in
[  3444.164] (II) LoadModule: "glx"
[  3444.164] (II) Loading /usr/lib/xorg/modules/extensions/libglx.so
[  3444.165] (II) Module glx: vendor="X.Org Foundation"
[  3444.165] 	compiled for 1.21.1.22, module version = 1.0.0
[  3444.165] 	ABI class: X.Org Server Extension, version 10.0
[  3444.165] (II) LoadModule: "int10"
[  3444.165] (II) Loading /usr/lib/xorg/modules/libint10.so
[  3444.165] (II) Module int10: vendor="X.Org Foundation"
[  3444.165] 	compiled for 1.21.1.22, module version = 1.0.0
[  3444.165] 	ABI class: X.Org Video Driver, version 25.2
[  3444.165] (II) LoadModule: "record"
[  3444.165] (II) Module "record" already built-in
[  3444.165] (II) LoadModule: "vbe"
[  3444.165] (II) Loading /usr/lib/xorg/modules/libint10.so
[  3444.165] (II) Module int10: vendor="X.Org Foundation"
[  3444.165] 	compiled for 1.21.1.22, module version = 1.0.0
[  3444.165] 	ABI class: X.Org Video Driver, version 25.2
[  3444.165] (II) LoadModule: "xorgxrdp"
[  3444.166] (II) Loading /usr/lib/xorg/modules/libxorgxrdp.so
[  3444.168] (II) Module XORGXRDP: vendor="X.Org Foundation"
[  3444.168] 	compiled for 1.21.1.16, module version = 0.10.80
[  3444.168] 	ABI class: X.Org Video Driver, version 25.2
[  3444.168] (II) LoadModule: "fb"
[  3444.168] (II) Module "fb" already built-in
[  3444.168] (II) LoadModule: "xrdpdev"
[  3444.168] (II) Loading /usr/lib/xorg/modules/drivers/xrdpdev_drv.so
[  3444.168] (II) Module XRDPDEV: vendor="X.Org Foundation"
[  3444.168] 	compiled for 1.21.1.16, module version = 0.10.80
[  3444.168] 	ABI class: X.Org Video Driver, version 25.2
[  3444.168] (II) LoadModule: "xrdpmouse"
[  3444.168] (II) Loading /usr/lib/xorg/modules/input/xrdpmouse_drv.so
[  3444.168] (II) Module XRDPMOUSE: vendor="X.Org Foundation"
[  3444.168] 	compiled for 1.21.1.16, module version = 0.10.80
[  3444.168] 	Module class: X.Org XInput Driver
[  3444.168] 	ABI class: X.Org XInput driver, version 24.4
[  3444.168] (II) LoadModule: "xrdpkeyb"
[  3444.168] (II) Loading /usr/lib/xorg/modules/input/xrdpkeyb_drv.so
[  3444.169] (II) Module XRDPKEYB: vendor="X.Org Foundation"
[  3444.169] 	compiled for 1.21.1.16, module version = 0.10.80
[  3444.169] 	Module class: X.Org XInput Driver
[  3444.169] 	ABI class: X.Org XInput driver, version 24.4
[  3444.169] (II) XRDPDEV: driver for xrdp: XRDPDEV
[  3444.169] (II) rdpDriverFunc: op 10
[  3444.169] (WW) Falling back to old probe method for XRDPDEV
[  3444.169] (II) Loading sub module "fb"
[  3444.169] (II) LoadModule: "fb"
[  3444.169] (II) Module "fb" already built-in
[  3444.169] (II) rdpProbe: found DRMDevice xorg.conf value [/dev/dri/renderD128]
[  3444.169] (II) rdpProbe: found DRI3 xorg.conf value [1]
[  3444.169] (II) rdpProbe: found DRMAllowList xorg.conf value [amdgpu i915 xe msm radeon]
[  3444.169] (II) XRDPDEV(0): using default device
[  3444.169] (WW) VGA arbiter: cannot open kernel arbiter, no multi-card support
[  3444.169] (II) rdpPreInit: /dev/dri/renderD128 open ok, fd 12
[  3444.169] (II) rdpPreInit: name [nvidia-drm]
[  3444.169] (II) rdpPreInit: date [0]
[  3444.169] (II) rdpPreInit: desc [NVIDIA DRM driver]
[  3444.169] (II) rdpPreInit: unsupported render node
[  3444.169] (**) XRDPDEV(0): Depth 24, (--) framebuffer bpp 32
[  3444.169] (==) XRDPDEV(0): RGB weight 888
[  3444.169] (==) XRDPDEV(0): Using gamma correction (1.0, 1.0, 1.0)
[  3444.169] (==) XRDPDEV(0): Default visual is TrueColor
[  3444.169] (==) XRDPDEV(0): DPI set to (96, 96)
[  3444.169] (II) XRDPDEV(0): 	mode "640x480" ok
[  3444.169] (II) XRDPDEV(0): 	mode "800x600" ok
[  3444.169] (II) XRDPDEV(0): Virtual size is 800x600 (pitch 800)
[  3444.169] (**) XRDPDEV(0):  Default mode "800x600": 36.0 MHz (scaled from 0.0 MHz), 35.2 kHz, 56.2 Hz
[  3444.169] (II) XRDPDEV(0): Modeline "800x600"x0.0   36.00  800 824 896 1024  600 601 603 625 +hsync +vsync (35.2 kHz d)
[  3444.169] (II) rdpScreenInit: virtualX 800 virtualY 600 rgbBits 8 depth 24
[  3444.169] (II) rdpScreenInit: pfbMemory bytes 1920000
[  3444.169] (II) rdpScreenInit: pfbMemory 0x70f06f403010
[  3444.169] (II) rdpSimdInit: assigning yuv functions
[  3444.169] (II) rdpSimdInit: cpuid ax 1 cx 0 return ax 0x00050657 bx 0x01040800 cx 0xfffa3203 dx 0x1f8bfbff
[  3444.169] (II) rdpSimdInit: sse2 amd64 yuv functions assigned
[  3444.169] (==) XRDPDEV(0): Backing store enabled
[  3444.170] (II) rdpClientConInit: disconnect idle session after [0] sec
[  3444.170] (II) rdpClientConInit: kill disconnected [0] timeout [0] sec
[  3444.170] (II) rdpXvInit: depth 24
[  3444.170] (II) rdpScreenInit: out
[  3444.170] (II) Initializing extension Generic Event Extension
[  3444.170] (II) Initializing extension SHAPE
[  3444.170] (II) Initializing extension MIT-SHM
[  3444.170] (II) Initializing extension XInputExtension
[  3444.170] (II) Initializing extension XTEST
[  3444.170] (II) Initializing extension BIG-REQUESTS
[  3444.170] (II) Initializing extension SYNC
[  3444.170] (II) Initializing extension XKEYBOARD
[  3444.170] (II) Initializing extension XC-MISC
[  3444.170] (II) Initializing extension SECURITY
[  3444.171] (II) Initializing extension XFIXES
[  3444.171] (II) Initializing extension RENDER
[  3444.171] (II) Initializing extension RANDR
[  3444.171] (II) Initializing extension COMPOSITE
[  3444.171] (II) Initializing extension DAMAGE
[  3444.171] (II) Initializing extension MIT-SCREEN-SAVER
[  3444.171] (II) Initializing extension DOUBLE-BUFFER
[  3444.171] (II) Initializing extension RECORD
[  3444.171] (II) Initializing extension DPMS
[  3444.171] (II) Initializing extension Present
[  3444.171] (II) Initializing extension DRI3
[  3444.171] (II) Initializing extension X-Resource
[  3444.171] (II) Initializing extension XVideo
[  3444.172] (II) Initializing extension XVideo-MotionCompensation
[  3444.172] (II) Initializing extension SELinux
[  3444.172] (II) SELinux: Disabled on system
[  3444.172] (II) Initializing extension GLX
[  3444.172] (II) AIGLX: Screen 0 is not DRI2 capable
[  3444.222] (II) IGLX: Loaded and initialized swrast
[  3444.222] (II) GLX: Initialized DRISWRAST GL provider for screen 0
[  3444.222] (II) Initializing extension XFree86-VidModeExtension
[  3444.222] (II) Initializing extension XFree86-DGA
[  3444.222] (II) Initializing extension XFree86-DRI
[  3444.222] (II) Initializing extension DRI2
[  3444.239] (II) Using input driver 'XRDPMOUSE' for 'xrdpMouse'
[  3444.239] (**) Option "CorePointer"
[  3444.239] (**) xrdpMouse: always reports core events
[  3444.239] (II) rdpmousePreInit: drv 0x5d636de47000 info 0x5d636de873e0, flags 0x0
[  3444.239] (II) XINPUT: Adding extended input device "xrdpMouse" (type: MOUSE, id 6)
[  3444.239] (II) rdpmouseControl: what 0
[  3444.239] (II) rdpRegisterInputCallback: type 1 proc 0x70f0704c1820
[  3444.239] (**) xrdpMouse: (accel) keeping acceleration scheme 1
[  3444.239] (**) xrdpMouse: (accel) acceleration profile 0
[  3444.239] (**) xrdpMouse: (accel) acceleration factor: 2.000
[  3444.239] (**) xrdpMouse: (accel) acceleration threshold: 4
[  3444.239] (II) rdpmouseControl: what 1
[  3444.240] (II) Using input driver 'XRDPKEYB' for 'xrdpKeyboard'
[  3444.240] (**) Option "CoreKeyboard"
[  3444.240] (**) xrdpKeyboard: always reports core events
[  3444.240] (II) rdpkeybPreInit: drv 0x5d636de474c0 info 0x5d636def8d90, flags 0x0
[  3444.240] (II) XINPUT: Adding extended input device "xrdpKeyboard" (type: KEYBOARD, id 7)
[  3444.240] (II) rdpkeybControl: what 0
[  3444.240] (II) rdpLoadLayout: rules="evdev" model="pc104" variant=""layout="us" options=""
[  3444.254] (II) rdpkeybChangeKeyboardControl: autoRepeat on
[  3444.254] (II) rdpkeybChangeKeyboardControl: autoRepeat on
[  3444.254] (II) rdpRegisterInputCallback: type 0 proc 0x70f06fab4930
[  3444.254] (II) rdpkeybControl: what 1
[  3444.254] (II) rdpkeybChangeKeyboardControl: autoRepeat on
[  3444.272] (II) config/udev: Adding drm device (/dev/dri/card0)
[  3444.272] (II) xfree86: Adding drm device (/dev/dri/card0)
[  3444.272] (II) Platform probe for /sys/devices/pci0000:00/0000:00:03.0/simple-framebuffer.0/drm/card0
[  3444.272] (EE) systemd-logind: failed to take device /dev/dri/card0: Operation not permitted
[  3444.273] (II) config/udev: Adding drm device (/dev/dri/card1)
[  3444.273] (II) xfree86: Adding drm device (/dev/dri/card1)
[  3444.273] (II) Platform probe for /sys/devices/pci0000:00/0000:00:1e.0/drm/card1
[  3444.273] (EE) systemd-logind: failed to take device /dev/dri/card1: Operation not permitted
[  3444.274] (II) config/udev: Adding input device Power Button (/dev/input/event0)
[  3444.274] (II) AutoAddDevices is off - not adding device.
[  3444.275] (II) config/udev: Adding input device Sleep Button (/dev/input/event1)
[  3444.275] (II) AutoAddDevices is off - not adding device.
[  3444.275] (II) config/udev: Adding input device AT Translated Set 2 keyboard (/dev/input/event2)
[  3444.275] (II) AutoAddDevices is off - not adding device.
[  3444.276] (II) config/udev: Adding input device ImPS/2 Generic Wheel Mouse (/dev/input/event3)
[  3444.276] (II) AutoAddDevices is off - not adding device.
[  3444.277] (II) config/udev: Adding input device ImPS/2 Generic Wheel Mouse (/dev/input/mouse0)
[  3444.277] (II) AutoAddDevices is off - not adding device.
[  3444.285] (II) rdpResizeSession: width 1024 height 768
[  3444.285] (II)   calling RRScreenSizeSet
[  3444.285] (II) rdpRRScreenSetSize: width 1024 height 768 mmWidth 271 mmHeight 203
[  3444.285] (II)   screen resized to 1024x768
[  3444.287] (II) rdpRRScreenSetSize: screenInfo x 0 y 0 width 800 height 600
[  3444.287] (II)   RRScreenSizeSet ok 1
[  3444.287] (II) rdpResizeSession: width 3840 height 2400
[  3444.287] (II)   calling RRScreenSizeSet
[  3444.287] (II) rdpRRScreenSetSize: width 3840 height 2400 mmWidth 1016 mmHeight 635
[  3444.287] (II)   screen resized to 3840x2400
[  3444.306] (II) rdpRRScreenSetSize: screenInfo x 0 y 0 width 800 height 600
[  3444.306] (II)   RRScreenSizeSet ok 1
[  3444.306] (II) rdpRRSetRdpOutputs: numCrtcs 0 numOutputs 0 monitorCount 0
[  3444.306] (II) rdpRRSetRdpOutputs: update output 0 left 0 top 0 width 3840 height 2400
[  3444.355] (II) rdpkeybChangeKeyboardControl: autoRepeat off
[  3444.355] (II) rdpkeybChangeKeyboardControl: autoRepeat off
[  3444.355] (II) rdpkeybChangeKeyboardControl: autoRepeat off
[  3445.555] (II) rdpkeybChangeKeyboardControl: autoRepeat on
[  3445.555] (II) rdpkeybChangeKeyboardControl: autoRepeat on
[  3445.556] (II) rdpkeybChangeKeyboardControl: autoRepeat on
[  3445.556] (II) rdpkeybChangeKeyboardControl: autoRepeat on
[  3445.559] (II) rdpkeybChangeKeyboardControl: autoRepeat on
[  3445.559] (II) rdpkeybChangeKeyboardControl: autoRepeat on
[  3445.610] (II) rdpRRScreenSetSize: width 3840 height 2400 mmWidth 1017 mmHeight 636
[  3445.610] (II) rdpRRScreenSetSize: not allowing resize
[  3445.655] (II) rdpkeybChangeKeyboardControl: autoRepeat off
[  3445.655] (II) rdpkeybChangeKeyboardControl: autoRepeat off
[  3445.656] (II) rdpkeybChangeKeyboardControl: autoRepeat off
[  3445.656] (II) rdpkeybChangeKeyboardControl: autoRepeat off
[  3445.659] (II) rdpkeybChangeKeyboardControl: autoRepeat off
[  3445.659] (II) rdpkeybChangeKeyboardControl: autoRepeat off
[  3446.278] (II) rdpRRCrtcGetGamma: 0x5d636de86220 0x5d636e141e80 0x5d636e142280 0x5d636e142080
[  3446.278] (II) rdpRRCrtcGetGamma: 0x5d636de86220 0x5d636e141e80 0x5d636e142280 0x5d636e142080
[  3446.692] (II) rdpClientConGotConnection: g_sck_accept ok new_sck 30
[  3446.692] (II) rdpClientConGotConnection: idle_disconnect_timeout set to non-positive value, idle timer turned off
[  3446.692] (II) rdpAddClientConToDev: adding first clientCon 0x5d636e48efb0
[  3446.703] (II) rdpClientConProcessMsgVersion: version 0 0 0 1
[  3446.703] (II)   got client info bytes 1864
[  3446.703] (II)   jpeg support 0
[  3446.703] (II)   offscreen support 0
[  3446.703] (II)   offscreen size 0
[  3446.703] (II)   offscreen entries 0
[  3446.703] (II) rdpClientConProcessMsgClientInfo: got AVC444 packed-view capture (format 0x20450000 chroma_align 32)
[  3446.703] (II)     msFrameInterval 16
[  3446.724] (II) rdpClientConAllocateSharedMemory: shmemfd 34 shmemptr 0x70f04e1ca000 bytes 55296000
[  3446.724] (II)   client can not do multimon
[  3446.724] (II) rdpRRSetRdpOutputs: numCrtcs 1 numOutputs 1 monitorCount 0
[  3446.724] (II) rdpRRSetRdpOutputs: update output 0 left 0 top 0 width 3840 height 2400
[  3446.724] (II)   client can not do offscreen to offscreen blits
[  3446.724] (II)   client can do new(color) cursor
[  3446.725] (II) rdpLoadLayout: rules="evdev" model="pc104" variant=""layout="us" options=""
[  3446.725] (II) rdpkeybChangeKeyboardControl: autoRepeat on
[  3446.725] (II) rdpkeybChangeKeyboardControl: autoRepeat on
[  3446.726] (II) rdpClientConProcessMsgClientInput: invalidate x 0 y 0 cx 3840 cy 2400
[  3446.825] (II) rdpkeybChangeKeyboardControl: autoRepeat off
[  3446.826] (II) rdpkeybChangeKeyboardControl: autoRepeat off
[  3462.882] (II) rdpClientConRecv: g_sck_recv failed(returned -1)
[  3462.883] (II) rdpClientConRecvMsg: error
[  3462.883] (II) rdpClientConCheck: rdpClientConGotData failed
[  3462.883] (II) rdpRemoveClientConFromDev: removing clientCon 0x5d636e48efb0
