[2026-08-24T22:41:55.560+0000] [INFO ] Socket 13: connection accepted from 10.42.0.1:40842
[2026-08-24T22:41:55.567+0000] [INFO ] Using default X.509 certificate: /etc/xrdp/cert.pem
[2026-08-24T22:41:55.569+0000] [INFO ] Using default X.509 key file: /etc/xrdp/key.pem
[2026-08-24T22:41:55.570+0000] [INFO ] Client requested security types (RDP assumed) : SSL|HYBRID
[2026-08-24T22:41:55.572+0000] [INFO ] Selected TLS security
[2026-08-24T22:41:55.578+0000] [INFO ] Connected client computer name: xrdp-fixdpi
[2026-08-24T22:41:55.580+0000] [INFO ] client supports gfx protocol
[2026-08-24T22:41:55.582+0000] [WARN ] Received [MS-RDPBCGR] TS_UD_HEADER type 0xc006 is unknown (ignored)
[2026-08-24T22:41:55.583+0000] [WARN ] Received [MS-RDPBCGR] TS_UD_HEADER type 0xc00a is unknown (ignored)
[2026-08-24T22:41:55.585+0000] [INFO ] TLS connection established from 10.42.0.1:40842 TLSv1.3 with cipher TLS_AES_256_GCM_SHA384
[2026-08-24T22:41:55.587+0000] [INFO ] Client supports single-screen resizes by xrdp
[2026-08-24T22:41:55.589+0000] [INFO ] xrdp_caps_process_pointer: client supports new(color) cursor
[2026-08-24T22:41:55.591+0000] [INFO ] Client does not support Unicode input
[2026-08-24T22:41:55.593+0000] [INFO ] Client Capability: LARGE_POINTER_FLAG_96x96 supported
[2026-08-24T22:41:55.597+0000] [INFO ] Loading keymap file /etc/xrdp/km-00000409.toml
[2026-08-24T22:41:55.599+0000] [INFO ] TConfig: Loading GFX config file /etc/xrdp/gfx.toml
[2026-08-24T22:41:55.601+0000] [WARN ] TConfig: [x264] x264 params are not defined
[2026-08-24T22:41:55.603+0000] [WARN ] TConfig: [OpenH264] OpenH264 params are not defined
[2026-08-24T22:41:55.605+0000] [INFO ] Login screen monitor height is 1440 pixels over 1000 mm (36 DPI)
[2026-08-24T22:41:55.607+0000] [INFO ] xrdp_egfx_create: error 0 channel_id 1
[2026-08-24T22:41:55.637+0000] [INFO ] xrdp_mm_egfx_caps_advertise:
[2026-08-24T22:41:55.639+0000] [INFO ]   version 0x00080004 flags 0x00000002 (index: 0)
[2026-08-24T22:41:55.641+0000] [INFO ]   version 0x00080105 flags 0x00000002 (index: 1)
[2026-08-24T22:41:55.643+0000] [INFO ]   version 0x000a0002 flags 0x00000002 (index: 2)
[2026-08-24T22:41:55.645+0000] [INFO ]   version 0x000a0200 flags 0x00000002 (index: 3)
[2026-08-24T22:41:55.647+0000] [INFO ]   version 0x000a0301 flags 0x00000000 (index: 4)
[2026-08-24T22:41:55.649+0000] [INFO ]   version 0x000a0400 flags 0x00000002 (index: 5)
[2026-08-24T22:41:55.650+0000] [INFO ]   version 0x000a0502 flags 0x00000002 (index: 6)
[2026-08-24T22:41:55.652+0000] [INFO ]   version 0x000a0600 flags 0x00000002 (index: 7)
[2026-08-24T22:41:55.654+0000] [INFO ]   version 0x000a0601 flags 0x00000002 (index: 8)
[2026-08-24T22:41:55.656+0000] [INFO ] unknown version 0x000a0601
[2026-08-24T22:41:55.658+0000] [INFO ]   version 0x000a0701 flags 0x00000002 (index: 9)
[2026-08-24T22:41:55.659+0000] [INFO ] xrdp_mm_egfx_caps_advertise: verifying ffmpeg AVC444 /usr/bin/ffmpeg at 2560x1440 (gfx.toml dump_extra=0)
[2026-08-24T22:41:55.723+0000] [INFO ] xrdp_ffmpeg: probe OK (dump_extra=0) at 2560x1440 in 55 ms
[2026-08-24T22:41:55.727+0000] [INFO ]   ffmpeg AVC444 verified OK (dump_extra=0)
[2026-08-24T22:41:55.729+0000] [INFO ] Codec search order is H264, RFX
[2026-08-24T22:41:55.731+0000] [INFO ] Matched H264/AVC444 (ffmpeg) mode, AVC444 v2 (0x000F), confirming capset index 9 (0x000a0701)
[2026-08-24T22:41:55.732+0000] [INFO ]   replying version 0x000a0701 flags 0x00000002
[2026-08-24T22:41:55.734+0000] [INFO ] xrdp_mm_egfx_caps_advertise: xrdp_egfx_send_capsconfirm error 0 best_index 9
[2026-08-24T22:41:55.736+0000] [INFO ] xrdp_egfx_reset_graphics:
[2026-08-24T22:41:55.738+0000] [INFO ] xrdp_egfx_reset_graphics: width 2560 height 1440 monitorcount 1
[2026-08-24T22:41:55.740+0000] [INFO ] xrdp_mm_egfx_caps_advertise: xrdp_egfx_send_reset_graphics error 0 monitorCount 0
[2026-08-24T22:41:55.741+0000] [INFO ] xrdp_mm_egfx_create_surfaces: map surface_id 0 left 0 top 0 width 2560 height 1440
[2026-08-24T22:41:55.743+0000] [INFO ] xrdp_encoder_create: starting ffmpeg AVC444 gfx session
[2026-08-24T22:41:55.745+0000] [INFO ] xrdp_encoder_create: AVC444 v2 (ChromaV2, 0x000F)
[2026-08-24T22:41:55.747+0000] [INFO ] xrdp_mm_egfx_invalidate_wm_screen:
[2026-08-24T22:41:55.749+0000] [INFO ] xrdp_mm_egfx_caps_advertise: egfx created.
[2026-08-24T22:41:55.751+0000] [WARN ] Ignoring obsolete SCP port value '3350'
[2026-08-24T22:41:55.752+0000] [INFO ] xrdp_wm_log_msg: sesman connect ok
[2026-08-24T22:41:55.754+0000] [INFO ] xrdp_wm_log_msg: Performing login request for probe444
[2026-08-24T22:41:55.776+0000] [INFO ] xrdp_wm_log_msg: login was successful - creating session
[2026-08-24T22:41:58.305+0000] [INFO ] xrdp_wm_log_msg: session is available on display X11-10 for user probe444
[2026-08-24T22:41:58.309+0000] [INFO ] xrdp_wm_log_msg: Getting session connections from sesman
[2026-08-24T22:41:58.313+0000] [INFO ] xrdp_wm_log_msg: Got connection details for session
[2026-08-24T22:41:58.315+0000] [INFO ] xrdp_wm_log_msg: Connecting to display server
[2026-08-24T22:41:58.320+0000] [INFO ] loaded module 'libxup.so' ok, interface size 10536, version 4
[2026-08-24T22:41:58.322+0000] [INFO ] xrdp_init_xkb_layout: Keyboard information sent by the RDP client, keyboard_type:[0x04], keyboard_subtype:[0x00], keylayout:[0x00000409]
[2026-08-24T22:41:58.324+0000] [INFO ] xrdp_init_xkb_layout: model [] variant [] layout [us] options []
[2026-08-24T22:41:58.326+0000] [INFO ] XKB rules 'evdev' will be used by the module
[2026-08-24T22:41:58.328+0000] [INFO ] lib_mod_connect: connecting via UNIX socket
[2026-08-24T22:41:58.330+0000] [INFO ] lib_mod_log_peer: xrdp_pid=11214 connected to Xorg_pid=11274 Xorg_uid=1101 Xorg_gid=1101 client=10.42.0.1:40842
[2026-08-24T22:41:58.332+0000] [INFO ] xrdp can now process resize requests (1 outstanding)
[2026-08-24T22:41:58.334+0000] [INFO ] xrdp_wm_log_msg: Connecting to chansrv via sesman
[2026-08-24T22:41:58.339+0000] [INFO ] Received memory_allocation_complete command. width: 2560, height: 1440
[2026-08-24T22:41:58.347+0000] [INFO ] xrdp_ffmpeg: spawned ffmpeg pid 11299 coded 2560x1440 generation 1
[2026-08-24T22:41:58.350+0000] [INFO ] xrdp_ffmpeg: spawned ffmpeg pid 11300 coded 2560x1440 generation 1
[2026-08-24T22:41:58.353+0000] [INFO ] xrdp_ffmpeg: aux_intra_leaf active (aux child pid 11300)
[2026-08-24T22:41:58.448+0000] [ERROR] xrdp_ffmpeg: aux_intra_leaf rewrite failed; refusing to ship the pair
[2026-08-24T22:41:58.469+0000] [INFO ] xrdp_ffmpeg: spawned ffmpeg pid 11413 coded 2560x1440 generation 1
[2026-08-24T22:41:58.471+0000] [INFO ] xrdp_ffmpeg: spawned ffmpeg pid 11414 coded 2560x1440 generation 1
[2026-08-24T22:41:58.472+0000] [INFO ] xrdp_ffmpeg: aux_intra_leaf active (aux child pid 11414)
[2026-08-24T22:41:58.541+0000] [ERROR] xrdp_ffmpeg: aux_intra_leaf rewrite failed; refusing to ship the pair
[2026-08-24T22:41:58.557+0000] [INFO ] xrdp_ffmpeg: spawned ffmpeg pid 11527 coded 2560x1440 generation 1
[2026-08-24T22:41:58.559+0000] [INFO ] xrdp_ffmpeg: spawned ffmpeg pid 11528 coded 2560x1440 generation 1
[2026-08-24T22:41:58.561+0000] [INFO ] xrdp_ffmpeg: aux_intra_leaf active (aux child pid 11528)
[2026-08-24T22:41:58.634+0000] [ERROR] xrdp_ffmpeg: aux_intra_leaf rewrite failed; refusing to ship the pair
[2026-08-24T22:41:58.653+0000] [INFO ] xrdp_ffmpeg: spawned ffmpeg pid 11641 coded 2560x1440 generation 1
[2026-08-24T22:41:58.655+0000] [INFO ] xrdp_ffmpeg: spawned ffmpeg pid 11642 coded 2560x1440 generation 1
[2026-08-24T22:41:58.657+0000] [INFO ] xrdp_ffmpeg: aux_intra_leaf active (aux child pid 11642)
[2026-08-24T22:41:58.725+0000] [ERROR] xrdp_ffmpeg: aux_intra_leaf rewrite failed; refusing to ship the pair
[2026-08-24T22:41:58.741+0000] [INFO ] xrdp_ffmpeg: spawned ffmpeg pid 11755 coded 2560x1440 generation 1
[2026-08-24T22:41:58.743+0000] [INFO ] xrdp_ffmpeg: spawned ffmpeg pid 11756 coded 2560x1440 generation 1
[2026-08-24T22:41:58.745+0000] [INFO ] xrdp_ffmpeg: aux_intra_leaf active (aux child pid 11756)
[2026-08-24T22:41:58.817+0000] [ERROR] xrdp_ffmpeg: aux_intra_leaf rewrite failed; refusing to ship the pair
[2026-08-24T22:41:58.835+0000] [INFO ] xrdp_ffmpeg: spawned ffmpeg pid 11869 coded 2560x1440 generation 1
[2026-08-24T22:41:58.837+0000] [INFO ] xrdp_ffmpeg: spawned ffmpeg pid 11870 coded 2560x1440 generation 1
[2026-08-24T22:41:58.839+0000] [INFO ] xrdp_ffmpeg: aux_intra_leaf active (aux child pid 11870)
[2026-08-24T22:41:58.910+0000] [ERROR] xrdp_ffmpeg: aux_intra_leaf rewrite failed; refusing to ship the pair
[2026-08-24T22:41:58.922+0000] [INFO ] xrdp_ffmpeg: spawned ffmpeg pid 11986 coded 2560x1440 generation 1
[2026-08-24T22:41:58.924+0000] [INFO ] xrdp_ffmpeg: spawned ffmpeg pid 11987 coded 2560x1440 generation 1
[2026-08-24T22:41:58.926+0000] [INFO ] xrdp_ffmpeg: aux_intra_leaf active (aux child pid 11987)
[2026-08-24T22:41:58.991+0000] [ERROR] xrdp_ffmpeg: aux_intra_leaf rewrite failed; refusing to ship the pair
[2026-08-24T22:41:59.001+0000] [INFO ] xrdp_ffmpeg: spawned ffmpeg pid 12100 coded 2560x1440 generation 1
[2026-08-24T22:41:59.003+0000] [INFO ] xrdp_ffmpeg: spawned ffmpeg pid 12101 coded 2560x1440 generation 1
[2026-08-24T22:41:59.005+0000] [INFO ] xrdp_ffmpeg: aux_intra_leaf active (aux child pid 12101)
[2026-08-24T22:41:59.077+0000] [ERROR] xrdp_ffmpeg: aux_intra_leaf rewrite failed; refusing to ship the pair
[2026-08-24T22:41:59.088+0000] [INFO ] xrdp_ffmpeg: spawned ffmpeg pid 12214 coded 2560x1440 generation 1
[2026-08-24T22:41:59.090+0000] [INFO ] xrdp_ffmpeg: spawned ffmpeg pid 12215 coded 2560x1440 generation 1
[2026-08-24T22:41:59.092+0000] [INFO ] xrdp_ffmpeg: aux_intra_leaf active (aux child pid 12215)
[2026-08-24T22:41:59.162+0000] [ERROR] xrdp_ffmpeg: aux_intra_leaf rewrite failed; refusing to ship the pair
[2026-08-24T22:41:59.172+0000] [INFO ] xrdp_ffmpeg: spawned ffmpeg pid 12328 coded 2560x1440 generation 1
[2026-08-24T22:41:59.174+0000] [INFO ] xrdp_ffmpeg: spawned ffmpeg pid 12329 coded 2560x1440 generation 1
[2026-08-24T22:41:59.176+0000] [INFO ] xrdp_ffmpeg: aux_intra_leaf active (aux child pid 12329)
[2026-08-24T22:41:59.246+0000] [ERROR] xrdp_ffmpeg: aux_intra_leaf rewrite failed; refusing to ship the pair
[2026-08-24T22:41:59.255+0000] [INFO ] xrdp_ffmpeg: spawned ffmpeg pid 12442 coded 2560x1440 generation 1
[2026-08-24T22:41:59.257+0000] [INFO ] xrdp_ffmpeg: spawned ffmpeg pid 12443 coded 2560x1440 generation 1
[2026-08-24T22:41:59.259+0000] [INFO ] xrdp_ffmpeg: aux_intra_leaf active (aux child pid 12443)
[2026-08-24T22:41:59.329+0000] [ERROR] xrdp_ffmpeg: aux_intra_leaf rewrite failed; refusing to ship the pair
[2026-08-24T22:41:59.339+0000] [INFO ] xrdp_ffmpeg: spawned ffmpeg pid 12556 coded 2560x1440 generation 1
[2026-08-24T22:41:59.341+0000] [INFO ] xrdp_ffmpeg: spawned ffmpeg pid 12557 coded 2560x1440 generation 1
[2026-08-24T22:41:59.343+0000] [INFO ] xrdp_ffmpeg: aux_intra_leaf active (aux child pid 12557)
[2026-08-24T22:41:59.410+0000] [ERROR] xrdp_ffmpeg: aux_intra_leaf rewrite failed; refusing to ship the pair
[2026-08-24T22:41:59.421+0000] [INFO ] xrdp_ffmpeg: spawned ffmpeg pid 12670 coded 2560x1440 generation 1
[2026-08-24T22:41:59.423+0000] [INFO ] xrdp_ffmpeg: spawned ffmpeg pid 12671 coded 2560x1440 generation 1
[2026-08-24T22:41:59.425+0000] [INFO ] xrdp_ffmpeg: aux_intra_leaf active (aux child pid 12671)
[2026-08-24T22:41:59.494+0000] [ERROR] xrdp_ffmpeg: aux_intra_leaf rewrite failed; refusing to ship the pair
[2026-08-24T22:41:59.504+0000] [INFO ] xrdp_ffmpeg: spawned ffmpeg pid 12784 coded 2560x1440 generation 1
[2026-08-24T22:41:59.506+0000] [INFO ] xrdp_ffmpeg: spawned ffmpeg pid 12785 coded 2560x1440 generation 1
[2026-08-24T22:41:59.508+0000] [INFO ] xrdp_ffmpeg: aux_intra_leaf active (aux child pid 12785)
[2026-08-24T22:41:59.577+0000] [ERROR] xrdp_ffmpeg: aux_intra_leaf rewrite failed; refusing to ship the pair
[2026-08-24T22:41:59.586+0000] [INFO ] xrdp_ffmpeg: spawned ffmpeg pid 12898 coded 2560x1440 generation 1
[2026-08-24T22:41:59.588+0000] [INFO ] xrdp_ffmpeg: spawned ffmpeg pid 12899 coded 2560x1440 generation 1
[2026-08-24T22:41:59.590+0000] [INFO ] xrdp_ffmpeg: aux_intra_leaf active (aux child pid 12899)
[2026-08-24T22:41:59.661+0000] [ERROR] xrdp_ffmpeg: aux_intra_leaf rewrite failed; refusing to ship the pair
[2026-08-24T22:41:59.670+0000] [INFO ] xrdp_ffmpeg: spawned ffmpeg pid 13012 coded 2560x1440 generation 1
[2026-08-24T22:41:59.672+0000] [INFO ] xrdp_ffmpeg: spawned ffmpeg pid 13013 coded 2560x1440 generation 1
[2026-08-24T22:41:59.674+0000] [INFO ] xrdp_ffmpeg: aux_intra_leaf active (aux child pid 13013)
[2026-08-24T22:41:59.747+0000] [ERROR] xrdp_ffmpeg: aux_intra_leaf rewrite failed; refusing to ship the pair
[2026-08-24T22:41:59.758+0000] [INFO ] xrdp_ffmpeg: spawned ffmpeg pid 13126 coded 2560x1440 generation 1
[2026-08-24T22:41:59.760+0000] [INFO ] xrdp_ffmpeg: spawned ffmpeg pid 13127 coded 2560x1440 generation 1
[2026-08-24T22:41:59.762+0000] [INFO ] xrdp_ffmpeg: aux_intra_leaf active (aux child pid 13127)
[2026-08-24T22:41:59.832+0000] [ERROR] xrdp_ffmpeg: aux_intra_leaf rewrite failed; refusing to ship the pair
[2026-08-24T22:41:59.842+0000] [INFO ] xrdp_ffmpeg: spawned ffmpeg pid 13240 coded 2560x1440 generation 1
[2026-08-24T22:41:59.844+0000] [INFO ] xrdp_ffmpeg: spawned ffmpeg pid 13241 coded 2560x1440 generation 1
[2026-08-24T22:41:59.845+0000] [INFO ] xrdp_ffmpeg: aux_intra_leaf active (aux child pid 13241)
[2026-08-24T22:41:59.915+0000] [ERROR] xrdp_ffmpeg: aux_intra_leaf rewrite failed; refusing to ship the pair
[2026-08-24T22:41:59.929+0000] [INFO ] xrdp_ffmpeg: spawned ffmpeg pid 13357 coded 2560x1440 generation 1
[2026-08-24T22:41:59.931+0000] [INFO ] xrdp_ffmpeg: spawned ffmpeg pid 13358 coded 2560x1440 generation 1
[2026-08-24T22:41:59.933+0000] [INFO ] xrdp_ffmpeg: aux_intra_leaf active (aux child pid 13358)
[2026-08-24T22:42:00.002+0000] [ERROR] xrdp_ffmpeg: aux_intra_leaf rewrite failed; refusing to ship the pair
[2026-08-24T22:42:00.015+0000] [INFO ] xrdp_ffmpeg: spawned ffmpeg pid 13471 coded 2560x1440 generation 1
[2026-08-24T22:42:00.017+0000] [INFO ] xrdp_ffmpeg: spawned ffmpeg pid 13472 coded 2560x1440 generation 1
[2026-08-24T22:42:00.019+0000] [INFO ] xrdp_ffmpeg: aux_intra_leaf active (aux child pid 13472)
[2026-08-24T22:42:00.088+0000] [ERROR] xrdp_ffmpeg: aux_intra_leaf rewrite failed; refusing to ship the pair
[2026-08-24T22:42:00.098+0000] [INFO ] xrdp_ffmpeg: spawned ffmpeg pid 13585 coded 2560x1440 generation 1
[2026-08-24T22:42:00.100+0000] [INFO ] xrdp_ffmpeg: spawned ffmpeg pid 13586 coded 2560x1440 generation 1
[2026-08-24T22:42:00.102+0000] [INFO ] xrdp_ffmpeg: aux_intra_leaf active (aux child pid 13586)
[2026-08-24T22:42:00.170+0000] [ERROR] xrdp_ffmpeg: aux_intra_leaf rewrite failed; refusing to ship the pair
[2026-08-24T22:42:00.180+0000] [INFO ] xrdp_ffmpeg: spawned ffmpeg pid 13699 coded 2560x1440 generation 1
[2026-08-24T22:42:00.182+0000] [INFO ] xrdp_ffmpeg: spawned ffmpeg pid 13700 coded 2560x1440 generation 1
[2026-08-24T22:42:00.184+0000] [INFO ] xrdp_ffmpeg: aux_intra_leaf active (aux child pid 13700)
[2026-08-24T22:42:00.253+0000] [ERROR] xrdp_ffmpeg: aux_intra_leaf rewrite failed; refusing to ship the pair
[2026-08-24T22:42:00.263+0000] [INFO ] xrdp_ffmpeg: spawned ffmpeg pid 13813 coded 2560x1440 generation 1
[2026-08-24T22:42:00.265+0000] [INFO ] xrdp_ffmpeg: spawned ffmpeg pid 13814 coded 2560x1440 generation 1
[2026-08-24T22:42:00.267+0000] [INFO ] xrdp_ffmpeg: aux_intra_leaf active (aux child pid 13814)
[2026-08-24T22:42:00.337+0000] [ERROR] xrdp_ffmpeg: aux_intra_leaf rewrite failed; refusing to ship the pair
[2026-08-24T22:42:00.350+0000] [INFO ] xrdp_ffmpeg: spawned ffmpeg pid 13927 coded 2560x1440 generation 1
[2026-08-24T22:42:00.352+0000] [INFO ] xrdp_ffmpeg: spawned ffmpeg pid 13928 coded 2560x1440 generation 1
[2026-08-24T22:42:00.353+0000] [INFO ] xrdp_ffmpeg: aux_intra_leaf active (aux child pid 13928)
[2026-08-24T22:42:00.421+0000] [ERROR] xrdp_ffmpeg: aux_intra_leaf rewrite failed; refusing to ship the pair
[2026-08-24T22:42:00.431+0000] [INFO ] xrdp_ffmpeg: spawned ffmpeg pid 14041 coded 2560x1440 generation 1
[2026-08-24T22:42:00.433+0000] [INFO ] xrdp_ffmpeg: spawned ffmpeg pid 14042 coded 2560x1440 generation 1
[2026-08-24T22:42:00.435+0000] [INFO ] xrdp_ffmpeg: aux_intra_leaf active (aux child pid 14042)
[2026-08-24T22:42:00.503+0000] [ERROR] xrdp_ffmpeg: aux_intra_leaf rewrite failed; refusing to ship the pair
[2026-08-24T22:42:00.513+0000] [INFO ] xrdp_ffmpeg: spawned ffmpeg pid 14155 coded 2560x1440 generation 1
[2026-08-24T22:42:00.515+0000] [INFO ] xrdp_ffmpeg: spawned ffmpeg pid 14156 coded 2560x1440 generation 1
[2026-08-24T22:42:00.516+0000] [INFO ] xrdp_ffmpeg: aux_intra_leaf active (aux child pid 14156)
[2026-08-24T22:42:00.585+0000] [ERROR] xrdp_ffmpeg: aux_intra_leaf rewrite failed; refusing to ship the pair
[2026-08-24T22:42:00.594+0000] [INFO ] xrdp_ffmpeg: spawned ffmpeg pid 14269 coded 2560x1440 generation 1
[2026-08-24T22:42:00.596+0000] [INFO ] xrdp_ffmpeg: spawned ffmpeg pid 14270 coded 2560x1440 generation 1
[2026-08-24T22:42:00.598+0000] [INFO ] xrdp_ffmpeg: aux_intra_leaf active (aux child pid 14270)
[2026-08-24T22:42:00.668+0000] [ERROR] xrdp_ffmpeg: aux_intra_leaf rewrite failed; refusing to ship the pair
[2026-08-24T22:42:00.678+0000] [INFO ] xrdp_ffmpeg: spawned ffmpeg pid 14383 coded 2560x1440 generation 1
[2026-08-24T22:42:00.680+0000] [INFO ] xrdp_ffmpeg: spawned ffmpeg pid 14384 coded 2560x1440 generation 1
[2026-08-24T22:42:00.682+0000] [INFO ] xrdp_ffmpeg: aux_intra_leaf active (aux child pid 14384)
[2026-08-24T22:42:00.753+0000] [ERROR] xrdp_ffmpeg: aux_intra_leaf rewrite failed; refusing to ship the pair
[2026-08-24T22:42:00.764+0000] [INFO ] xrdp_ffmpeg: spawned ffmpeg pid 14497 coded 2560x1440 generation 1
[2026-08-24T22:42:00.766+0000] [INFO ] xrdp_ffmpeg: spawned ffmpeg pid 14498 coded 2560x1440 generation 1
[2026-08-24T22:42:00.768+0000] [INFO ] xrdp_ffmpeg: aux_intra_leaf active (aux child pid 14498)
[2026-08-24T22:42:00.835+0000] [ERROR] xrdp_ffmpeg: aux_intra_leaf rewrite failed; refusing to ship the pair
[2026-08-24T22:42:00.844+0000] [INFO ] xrdp_ffmpeg: spawned ffmpeg pid 14611 coded 2560x1440 generation 1
[2026-08-24T22:42:00.846+0000] [INFO ] xrdp_ffmpeg: spawned ffmpeg pid 14612 coded 2560x1440 generation 1
[2026-08-24T22:42:00.848+0000] [INFO ] xrdp_ffmpeg: aux_intra_leaf active (aux child pid 14612)
[2026-08-24T22:42:00.918+0000] [ERROR] xrdp_ffmpeg: aux_intra_leaf rewrite failed; refusing to ship the pair
[2026-08-24T22:42:00.928+0000] [INFO ] xrdp_ffmpeg: spawned ffmpeg pid 14728 coded 2560x1440 generation 1
[2026-08-24T22:42:00.930+0000] [INFO ] xrdp_ffmpeg: spawned ffmpeg pid 14729 coded 2560x1440 generation 1
[2026-08-24T22:42:00.932+0000] [INFO ] xrdp_ffmpeg: aux_intra_leaf active (aux child pid 14729)
[2026-08-24T22:42:01.003+0000] [ERROR] xrdp_ffmpeg: aux_intra_leaf rewrite failed; refusing to ship the pair
[2026-08-24T22:42:01.016+0000] [INFO ] xrdp_ffmpeg: spawned ffmpeg pid 14842 coded 2560x1440 generation 1
[2026-08-24T22:42:01.018+0000] [INFO ] xrdp_ffmpeg: spawned ffmpeg pid 14843 coded 2560x1440 generation 1
[2026-08-24T22:42:01.019+0000] [INFO ] xrdp_ffmpeg: aux_intra_leaf active (aux child pid 14843)
[2026-08-24T22:42:01.089+0000] [ERROR] xrdp_ffmpeg: aux_intra_leaf rewrite failed; refusing to ship the pair
[2026-08-24T22:42:01.099+0000] [INFO ] xrdp_ffmpeg: spawned ffmpeg pid 14956 coded 2560x1440 generation 1
[2026-08-24T22:42:01.101+0000] [INFO ] xrdp_ffmpeg: spawned ffmpeg pid 14957 coded 2560x1440 generation 1
[2026-08-24T22:42:01.102+0000] [INFO ] xrdp_ffmpeg: aux_intra_leaf active (aux child pid 14957)
[2026-08-24T22:42:01.172+0000] [ERROR] xrdp_ffmpeg: aux_intra_leaf rewrite failed; refusing to ship the pair
[2026-08-24T22:42:01.181+0000] [INFO ] xrdp_ffmpeg: spawned ffmpeg pid 15070 coded 2560x1440 generation 1
[2026-08-24T22:42:01.183+0000] [INFO ] xrdp_ffmpeg: spawned ffmpeg pid 15071 coded 2560x1440 generation 1
[2026-08-24T22:42:01.185+0000] [INFO ] xrdp_ffmpeg: aux_intra_leaf active (aux child pid 15071)
[2026-08-24T22:42:01.253+0000] [ERROR] xrdp_ffmpeg: aux_intra_leaf rewrite failed; refusing to ship the pair
[2026-08-24T22:42:01.266+0000] [INFO ] xrdp_ffmpeg: spawned ffmpeg pid 15184 coded 2560x1440 generation 1
[2026-08-24T22:42:01.268+0000] [INFO ] xrdp_ffmpeg: spawned ffmpeg pid 15185 coded 2560x1440 generation 1
[2026-08-24T22:42:01.270+0000] [INFO ] xrdp_ffmpeg: aux_intra_leaf active (aux child pid 15185)
[2026-08-24T22:42:01.338+0000] [ERROR] xrdp_ffmpeg: aux_intra_leaf rewrite failed; refusing to ship the pair
[2026-08-24T22:42:01.347+0000] [INFO ] xrdp_ffmpeg: spawned ffmpeg pid 15298 coded 2560x1440 generation 1
[2026-08-24T22:42:01.349+0000] [INFO ] xrdp_ffmpeg: spawned ffmpeg pid 15299 coded 2560x1440 generation 1
[2026-08-24T22:42:01.351+0000] [INFO ] xrdp_ffmpeg: aux_intra_leaf active (aux child pid 15299)
[2026-08-24T22:42:01.417+0000] [ERROR] xrdp_ffmpeg: aux_intra_leaf rewrite failed; refusing to ship the pair
[2026-08-24T22:42:01.429+0000] [INFO ] xrdp_ffmpeg: spawned ffmpeg pid 15412 coded 2560x1440 generation 1
[2026-08-24T22:42:01.431+0000] [INFO ] xrdp_ffmpeg: spawned ffmpeg pid 15413 coded 2560x1440 generation 1
[2026-08-24T22:42:01.433+0000] [INFO ] xrdp_ffmpeg: aux_intra_leaf active (aux child pid 15413)
[2026-08-24T22:42:01.499+0000] [ERROR] xrdp_ffmpeg: aux_intra_leaf rewrite failed; refusing to ship the pair
[2026-08-24T22:42:01.508+0000] [INFO ] xrdp_ffmpeg: spawned ffmpeg pid 15526 coded 2560x1440 generation 1
[2026-08-24T22:42:01.510+0000] [INFO ] xrdp_ffmpeg: spawned ffmpeg pid 15527 coded 2560x1440 generation 1
[2026-08-24T22:42:01.512+0000] [INFO ] xrdp_ffmpeg: aux_intra_leaf active (aux child pid 15527)
[2026-08-24T22:42:01.581+0000] [ERROR] xrdp_ffmpeg: aux_intra_leaf rewrite failed; refusing to ship the pair
[2026-08-24T22:42:01.592+0000] [INFO ] xrdp_ffmpeg: spawned ffmpeg pid 15640 coded 2560x1440 generation 1
[2026-08-24T22:42:01.594+0000] [INFO ] xrdp_ffmpeg: spawned ffmpeg pid 15641 coded 2560x1440 generation 1
[2026-08-24T22:42:01.596+0000] [INFO ] xrdp_ffmpeg: aux_intra_leaf active (aux child pid 15641)
[2026-08-24T22:42:01.662+0000] [ERROR] xrdp_ffmpeg: aux_intra_leaf rewrite failed; refusing to ship the pair
[2026-08-24T22:42:01.672+0000] [INFO ] xrdp_ffmpeg: spawned ffmpeg pid 15754 coded 2560x1440 generation 1
[2026-08-24T22:42:01.674+0000] [INFO ] xrdp_ffmpeg: spawned ffmpeg pid 15755 coded 2560x1440 generation 1
[2026-08-24T22:42:01.675+0000] [INFO ] xrdp_ffmpeg: aux_intra_leaf active (aux child pid 15755)
[2026-08-24T22:42:01.747+0000] [ERROR] xrdp_ffmpeg: aux_intra_leaf rewrite failed; refusing to ship the pair
[2026-08-24T22:42:01.756+0000] [INFO ] xrdp_ffmpeg: spawned ffmpeg pid 15868 coded 2560x1440 generation 1
[2026-08-24T22:42:01.758+0000] [INFO ] xrdp_ffmpeg: spawned ffmpeg pid 15869 coded 2560x1440 generation 1
[2026-08-24T22:42:01.760+0000] [INFO ] xrdp_ffmpeg: aux_intra_leaf active (aux child pid 15869)
[2026-08-24T22:42:01.827+0000] [ERROR] xrdp_ffmpeg: aux_intra_leaf rewrite failed; refusing to ship the pair
[2026-08-24T22:42:01.839+0000] [INFO ] xrdp_ffmpeg: spawned ffmpeg pid 15982 coded 2560x1440 generation 1
[2026-08-24T22:42:01.841+0000] [INFO ] xrdp_ffmpeg: spawned ffmpeg pid 15983 coded 2560x1440 generation 1
[2026-08-24T22:42:01.843+0000] [INFO ] xrdp_ffmpeg: aux_intra_leaf active (aux child pid 15983)
[2026-08-24T22:42:01.912+0000] [ERROR] xrdp_ffmpeg: aux_intra_leaf rewrite failed; refusing to ship the pair
[2026-08-24T22:42:01.922+0000] [INFO ] xrdp_ffmpeg: spawned ffmpeg pid 16099 coded 2560x1440 generation 1
[2026-08-24T22:42:01.924+0000] [INFO ] xrdp_ffmpeg: spawned ffmpeg pid 16100 coded 2560x1440 generation 1
[2026-08-24T22:42:01.926+0000] [INFO ] xrdp_ffmpeg: aux_intra_leaf active (aux child pid 16100)
[2026-08-24T22:42:01.994+0000] [ERROR] xrdp_ffmpeg: aux_intra_leaf rewrite failed; refusing to ship the pair
[2026-08-24T22:42:02.004+0000] [INFO ] xrdp_ffmpeg: spawned ffmpeg pid 16213 coded 2560x1440 generation 1
[2026-08-24T22:42:02.006+0000] [INFO ] xrdp_ffmpeg: spawned ffmpeg pid 16214 coded 2560x1440 generation 1
[2026-08-24T22:42:02.008+0000] [INFO ] xrdp_ffmpeg: aux_intra_leaf active (aux child pid 16214)
[2026-08-24T22:42:02.077+0000] [ERROR] xrdp_ffmpeg: aux_intra_leaf rewrite failed; refusing to ship the pair
[2026-08-24T22:42:02.087+0000] [INFO ] xrdp_ffmpeg: spawned ffmpeg pid 16327 coded 2560x1440 generation 1
[2026-08-24T22:42:02.088+0000] [INFO ] xrdp_ffmpeg: spawned ffmpeg pid 16328 coded 2560x1440 generation 1
[2026-08-24T22:42:02.090+0000] [INFO ] xrdp_ffmpeg: aux_intra_leaf active (aux child pid 16328)
[2026-08-24T22:42:02.161+0000] [ERROR] xrdp_ffmpeg: aux_intra_leaf rewrite failed; refusing to ship the pair
[2026-08-24T22:42:02.171+0000] [INFO ] xrdp_ffmpeg: spawned ffmpeg pid 16441 coded 2560x1440 generation 1
[2026-08-24T22:42:02.173+0000] [INFO ] xrdp_ffmpeg: spawned ffmpeg pid 16442 coded 2560x1440 generation 1
[2026-08-24T22:42:02.174+0000] [INFO ] xrdp_ffmpeg: aux_intra_leaf active (aux child pid 16442)
[2026-08-24T22:42:02.244+0000] [ERROR] xrdp_ffmpeg: aux_intra_leaf rewrite failed; refusing to ship the pair
[2026-08-24T22:42:02.254+0000] [INFO ] xrdp_ffmpeg: spawned ffmpeg pid 16555 coded 2560x1440 generation 1
[2026-08-24T22:42:02.256+0000] [INFO ] xrdp_ffmpeg: spawned ffmpeg pid 16556 coded 2560x1440 generation 1
[2026-08-24T22:42:02.258+0000] [INFO ] xrdp_ffmpeg: aux_intra_leaf active (aux child pid 16556)
[2026-08-24T22:42:02.327+0000] [ERROR] xrdp_ffmpeg: aux_intra_leaf rewrite failed; refusing to ship the pair
[2026-08-24T22:42:02.338+0000] [INFO ] xrdp_ffmpeg: spawned ffmpeg pid 16669 coded 2560x1440 generation 1
[2026-08-24T22:42:02.340+0000] [INFO ] xrdp_ffmpeg: spawned ffmpeg pid 16670 coded 2560x1440 generation 1
[2026-08-24T22:42:02.342+0000] [INFO ] xrdp_ffmpeg: aux_intra_leaf active (aux child pid 16670)
[2026-08-24T22:42:02.408+0000] [ERROR] xrdp_ffmpeg: aux_intra_leaf rewrite failed; refusing to ship the pair
[2026-08-24T22:42:02.417+0000] [INFO ] xrdp_ffmpeg: spawned ffmpeg pid 16783 coded 2560x1440 generation 1
[2026-08-24T22:42:02.419+0000] [INFO ] xrdp_ffmpeg: spawned ffmpeg pid 16784 coded 2560x1440 generation 1
[2026-08-24T22:42:02.421+0000] [INFO ] xrdp_ffmpeg: aux_intra_leaf active (aux child pid 16784)
[2026-08-24T22:42:02.490+0000] [ERROR] xrdp_ffmpeg: aux_intra_leaf rewrite failed; refusing to ship the pair
[2026-08-24T22:42:02.502+0000] [INFO ] xrdp_ffmpeg: spawned ffmpeg pid 16897 coded 2560x1440 generation 1
[2026-08-24T22:42:02.504+0000] [INFO ] xrdp_ffmpeg: spawned ffmpeg pid 16898 coded 2560x1440 generation 1
[2026-08-24T22:42:02.506+0000] [INFO ] xrdp_ffmpeg: aux_intra_leaf active (aux child pid 16898)
[2026-08-24T22:42:02.575+0000] [ERROR] xrdp_ffmpeg: aux_intra_leaf rewrite failed; refusing to ship the pair
[2026-08-24T22:42:02.587+0000] [INFO ] xrdp_ffmpeg: spawned ffmpeg pid 17011 coded 2560x1440 generation 1
[2026-08-24T22:42:02.589+0000] [INFO ] xrdp_ffmpeg: spawned ffmpeg pid 17012 coded 2560x1440 generation 1
[2026-08-24T22:42:02.591+0000] [INFO ] xrdp_ffmpeg: aux_intra_leaf active (aux child pid 17012)
[2026-08-24T22:42:02.659+0000] [ERROR] xrdp_ffmpeg: aux_intra_leaf rewrite failed; refusing to ship the pair
[2026-08-24T22:42:02.668+0000] [INFO ] xrdp_ffmpeg: spawned ffmpeg pid 17125 coded 2560x1440 generation 1
[2026-08-24T22:42:02.670+0000] [INFO ] xrdp_ffmpeg: spawned ffmpeg pid 17126 coded 2560x1440 generation 1
[2026-08-24T22:42:02.672+0000] [INFO ] xrdp_ffmpeg: aux_intra_leaf active (aux child pid 17126)
[2026-08-24T22:42:02.741+0000] [ERROR] xrdp_ffmpeg: aux_intra_leaf rewrite failed; refusing to ship the pair
[2026-08-24T22:42:02.751+0000] [INFO ] xrdp_ffmpeg: spawned ffmpeg pid 17239 coded 2560x1440 generation 1
[2026-08-24T22:42:02.753+0000] [INFO ] xrdp_ffmpeg: spawned ffmpeg pid 17240 coded 2560x1440 generation 1
[2026-08-24T22:42:02.754+0000] [INFO ] xrdp_ffmpeg: aux_intra_leaf active (aux child pid 17240)
[2026-08-24T22:42:02.825+0000] [ERROR] xrdp_ffmpeg: aux_intra_leaf rewrite failed; refusing to ship the pair
[2026-08-24T22:42:02.835+0000] [INFO ] xrdp_ffmpeg: spawned ffmpeg pid 17353 coded 2560x1440 generation 1
[2026-08-24T22:42:02.837+0000] [INFO ] xrdp_ffmpeg: spawned ffmpeg pid 17354 coded 2560x1440 generation 1
[2026-08-24T22:42:02.838+0000] [INFO ] xrdp_ffmpeg: aux_intra_leaf active (aux child pid 17354)
[2026-08-24T22:42:02.906+0000] [ERROR] xrdp_ffmpeg: aux_intra_leaf rewrite failed; refusing to ship the pair
[2026-08-24T22:42:02.915+0000] [INFO ] xrdp_ffmpeg: spawned ffmpeg pid 17470 coded 2560x1440 generation 1
[2026-08-24T22:42:02.917+0000] [INFO ] xrdp_ffmpeg: spawned ffmpeg pid 17471 coded 2560x1440 generation 1
[2026-08-24T22:42:02.919+0000] [INFO ] xrdp_ffmpeg: aux_intra_leaf active (aux child pid 17471)
[2026-08-24T22:42:02.987+0000] [ERROR] xrdp_ffmpeg: aux_intra_leaf rewrite failed; refusing to ship the pair
[2026-08-24T22:42:02.999+0000] [INFO ] xrdp_ffmpeg: spawned ffmpeg pid 17584 coded 2560x1440 generation 1
[2026-08-24T22:42:03.001+0000] [INFO ] xrdp_ffmpeg: spawned ffmpeg pid 17585 coded 2560x1440 generation 1
[2026-08-24T22:42:03.003+0000] [INFO ] xrdp_ffmpeg: aux_intra_leaf active (aux child pid 17585)
[2026-08-24T22:42:03.070+0000] [ERROR] xrdp_ffmpeg: aux_intra_leaf rewrite failed; refusing to ship the pair
[2026-08-24T22:42:03.080+0000] [INFO ] xrdp_ffmpeg: spawned ffmpeg pid 17698 coded 2560x1440 generation 1
[2026-08-24T22:42:03.083+0000] [INFO ] xrdp_ffmpeg: spawned ffmpeg pid 17699 coded 2560x1440 generation 1
[2026-08-24T22:42:03.085+0000] [INFO ] xrdp_ffmpeg: aux_intra_leaf active (aux child pid 17699)
[2026-08-24T22:42:03.155+0000] [ERROR] xrdp_ffmpeg: aux_intra_leaf rewrite failed; refusing to ship the pair
[2026-08-24T22:42:03.169+0000] [INFO ] xrdp_ffmpeg: spawned ffmpeg pid 17812 coded 2560x1440 generation 1
[2026-08-24T22:42:03.171+0000] [INFO ] xrdp_ffmpeg: spawned ffmpeg pid 17813 coded 2560x1440 generation 1
[2026-08-24T22:42:03.173+0000] [INFO ] xrdp_ffmpeg: aux_intra_leaf active (aux child pid 17813)
[2026-08-24T22:42:03.243+0000] [ERROR] xrdp_ffmpeg: aux_intra_leaf rewrite failed; refusing to ship the pair
[2026-08-24T22:42:03.253+0000] [INFO ] xrdp_ffmpeg: spawned ffmpeg pid 17926 coded 2560x1440 generation 1
[2026-08-24T22:42:03.255+0000] [INFO ] xrdp_ffmpeg: spawned ffmpeg pid 17927 coded 2560x1440 generation 1
[2026-08-24T22:42:03.257+0000] [INFO ] xrdp_ffmpeg: aux_intra_leaf active (aux child pid 17927)
[2026-08-24T22:42:03.324+0000] [ERROR] xrdp_ffmpeg: aux_intra_leaf rewrite failed; refusing to ship the pair
[2026-08-24T22:42:03.335+0000] [INFO ] xrdp_ffmpeg: spawned ffmpeg pid 18040 coded 2560x1440 generation 1
[2026-08-24T22:42:03.337+0000] [INFO ] xrdp_ffmpeg: spawned ffmpeg pid 18041 coded 2560x1440 generation 1
[2026-08-24T22:42:03.339+0000] [INFO ] xrdp_ffmpeg: aux_intra_leaf active (aux child pid 18041)
[2026-08-24T22:42:03.406+0000] [ERROR] xrdp_ffmpeg: aux_intra_leaf rewrite failed; refusing to ship the pair
[2026-08-24T22:42:03.420+0000] [INFO ] xrdp_ffmpeg: spawned ffmpeg pid 18154 coded 2560x1440 generation 1
[2026-08-24T22:42:03.422+0000] [INFO ] xrdp_ffmpeg: spawned ffmpeg pid 18155 coded 2560x1440 generation 1
[2026-08-24T22:42:03.424+0000] [INFO ] xrdp_ffmpeg: aux_intra_leaf active (aux child pid 18155)
[2026-08-24T22:42:03.492+0000] [ERROR] xrdp_ffmpeg: aux_intra_leaf rewrite failed; refusing to ship the pair
[2026-08-24T22:42:03.505+0000] [INFO ] xrdp_ffmpeg: spawned ffmpeg pid 18268 coded 2560x1440 generation 1
[2026-08-24T22:42:03.507+0000] [INFO ] xrdp_ffmpeg: spawned ffmpeg pid 18269 coded 2560x1440 generation 1
[2026-08-24T22:42:03.509+0000] [INFO ] xrdp_ffmpeg: aux_intra_leaf active (aux child pid 18269)
[2026-08-24T22:42:03.578+0000] [ERROR] xrdp_ffmpeg: aux_intra_leaf rewrite failed; refusing to ship the pair
[2026-08-24T22:42:03.588+0000] [INFO ] xrdp_ffmpeg: spawned ffmpeg pid 18382 coded 2560x1440 generation 1
[2026-08-24T22:42:03.590+0000] [INFO ] xrdp_ffmpeg: spawned ffmpeg pid 18383 coded 2560x1440 generation 1
[2026-08-24T22:42:03.592+0000] [INFO ] xrdp_ffmpeg: aux_intra_leaf active (aux child pid 18383)
[2026-08-24T22:42:03.659+0000] [ERROR] xrdp_ffmpeg: aux_intra_leaf rewrite failed; refusing to ship the pair
[2026-08-24T22:42:03.668+0000] [INFO ] xrdp_ffmpeg: spawned ffmpeg pid 18496 coded 2560x1440 generation 1
[2026-08-24T22:42:03.670+0000] [INFO ] xrdp_ffmpeg: spawned ffmpeg pid 18497 coded 2560x1440 generation 1
[2026-08-24T22:42:03.672+0000] [INFO ] xrdp_ffmpeg: aux_intra_leaf active (aux child pid 18497)
