[2026-08-25T17:11:37.109+0000] [INFO ] address [0.0.0.0] port [3389] mode 4
[2026-08-25T17:11:37.111+0000] [INFO ] listening to port 3389 on 0.0.0.0
[2026-08-25T17:11:37.113+0000] [INFO ] xrdp_listen_pp done
[2026-08-25T17:11:37.115+0000] [CORE ] You are running xrdp as uid=0 gid=0. This is not recommended.
[2026-08-25T17:11:37.117+0000] [INFO ] starting xrdp with pid 1
[2026-08-25T17:11:41.180+0000] [INFO ] Socket 13: connection accepted from 10.42.0.1:44936
[2026-08-25T17:11:41.185+0000] [INFO ] Using default X.509 certificate: /etc/xrdp/cert.pem
[2026-08-25T17:11:41.187+0000] [INFO ] Using default X.509 key file: /etc/xrdp/key.pem
[2026-08-25T17:11:41.189+0000] [INFO ] Client requested security types (RDP assumed) : SSL
[2026-08-25T17:11:41.191+0000] [INFO ] Selected TLS security
[2026-08-25T17:11:41.196+0000] [INFO ] Connected client computer name: xrdp-resize-con
[2026-08-25T17:11:41.198+0000] [INFO ] client supports gfx protocol
[2026-08-25T17:11:41.200+0000] [WARN ] Received [MS-RDPBCGR] TS_UD_HEADER type 0xc006 is unknown (ignored)
[2026-08-25T17:11:41.202+0000] [WARN ] Received [MS-RDPBCGR] TS_UD_HEADER type 0xc00a is unknown (ignored)
[2026-08-25T17:11:41.204+0000] [INFO ] TLS connection established from 10.42.0.1:44936 TLSv1.3 with cipher TLS_AES_256_GCM_SHA384
[2026-08-25T17:11:41.206+0000] [INFO ] Client supports single-screen resizes by xrdp
[2026-08-25T17:11:41.208+0000] [INFO ] xrdp_caps_process_pointer: client supports new(color) cursor
[2026-08-25T17:11:41.210+0000] [INFO ] Client does not support Unicode input
[2026-08-25T17:11:41.212+0000] [INFO ] Client Capability: LARGE_POINTER_FLAG_96x96 supported
[2026-08-25T17:11:41.216+0000] [INFO ] Loading keymap file /etc/xrdp/km-00000409.toml
[2026-08-25T17:11:41.218+0000] [INFO ] TConfig: Loading GFX config file /etc/xrdp/gfx.toml
[2026-08-25T17:11:41.220+0000] [WARN ] TConfig: [x264] x264 params are not defined
[2026-08-25T17:11:41.222+0000] [WARN ] TConfig: [OpenH264] OpenH264 params are not defined
[2026-08-25T17:11:41.224+0000] [INFO ] Login screen monitor height is 1250 pixels over 1000 mm (31 DPI)
[2026-08-25T17:11:41.227+0000] [INFO ] xrdp_egfx_create: error 0 channel_id 1
[2026-08-25T17:11:41.241+0000] [INFO ] xrdp_mm_egfx_caps_advertise:
[2026-08-25T17:11:41.243+0000] [INFO ]   version 0x00080004 flags 0x00000000 (index: 0)
[2026-08-25T17:11:41.245+0000] [INFO ]   version 0x00080105 flags 0x00000000 (index: 1)
[2026-08-25T17:11:41.247+0000] [INFO ]   version 0x000a0002 flags 0x00000000 (index: 2)
[2026-08-25T17:11:41.249+0000] [INFO ]   version 0x000a0200 flags 0x00000000 (index: 3)
[2026-08-25T17:11:41.250+0000] [INFO ]   version 0x000a0301 flags 0x00000000 (index: 4)
[2026-08-25T17:11:41.252+0000] [INFO ]   version 0x000a0400 flags 0x00000000 (index: 5)
[2026-08-25T17:11:41.254+0000] [INFO ]   version 0x000a0502 flags 0x00000000 (index: 6)
[2026-08-25T17:11:41.256+0000] [INFO ]   version 0x000a0600 flags 0x00000000 (index: 7)
[2026-08-25T17:11:41.258+0000] [INFO ]   version 0x000a0601 flags 0x00000000 (index: 8)
[2026-08-25T17:11:41.260+0000] [INFO ] unknown version 0x000a0601
[2026-08-25T17:11:41.261+0000] [INFO ]   version 0x000a0701 flags 0x00000000 (index: 9)
[2026-08-25T17:11:41.263+0000] [INFO ] xrdp_mm_egfx_caps_advertise: verifying ffmpeg AVC444 /usr/bin/ffmpeg at 2208x1264 (gfx.toml dump_extra=0)
[2026-08-25T17:11:41.351+0000] [INFO ] xrdp_ffmpeg: spawned ffmpeg pid 85 coded 2208x1264 generation 1
[2026-08-25T17:11:41.354+0000] [INFO ] xrdp_ffmpeg: spawned ffmpeg pid 86 coded 2208x1264 generation 1
[2026-08-25T17:11:41.356+0000] [INFO ] xrdp_ffmpeg: aux_intra_leaf active (aux child pid 86)
[2026-08-25T17:11:41.433+0000] [INFO ] xrdp_ffmpeg: production-topology probe OK (main plus forced-IDR auxiliary leaf child)
[2026-08-25T17:11:41.437+0000] [INFO ] xrdp_ffmpeg: probe OK (dump_extra=0) at 2208x1264 in 166 ms
[2026-08-25T17:11:41.439+0000] [WARN ] gfx.toml eager_slot_ack is set but aux_ltr_chain is off: there is no absorb marker on this path, so the shipped egress-paced ack stays
[2026-08-25T17:11:41.441+0000] [INFO ]   ffmpeg AVC444 verified OK (dump_extra=0)
[2026-08-25T17:11:41.443+0000] [INFO ] Codec search order is H264, RFX
[2026-08-25T17:11:41.445+0000] [INFO ] Matched H264/AVC444 (ffmpeg) mode, AVC444 v2 (0x000F), confirming capset index 9 (0x000a0701)
[2026-08-25T17:11:41.446+0000] [INFO ]   replying version 0x000a0701 flags 0x00000000
[2026-08-25T17:11:41.448+0000] [INFO ] xrdp_mm_egfx_caps_advertise: xrdp_egfx_send_capsconfirm error 0 best_index 9
[2026-08-25T17:11:41.450+0000] [INFO ] xrdp_egfx_reset_graphics:
[2026-08-25T17:11:41.452+0000] [INFO ] xrdp_egfx_reset_graphics: width 2196 height 1250 monitorcount 1
[2026-08-25T17:11:41.454+0000] [INFO ] xrdp_mm_egfx_caps_advertise: xrdp_egfx_send_reset_graphics error 0 monitorCount 0
[2026-08-25T17:11:41.456+0000] [INFO ] xrdp_mm_egfx_create_surfaces: map surface_id 0 left 0 top 0 width 2196 height 1250
[2026-08-25T17:11:41.458+0000] [INFO ] xrdp_encoder_create: starting ffmpeg AVC444 gfx session
[2026-08-25T17:11:41.460+0000] [INFO ] xrdp_encoder_create: AVC444 v2 (ChromaV2, 0x000F)
[2026-08-25T17:11:41.461+0000] [INFO ] xrdp_encoder_create: using x264 for software encoder
[2026-08-25T17:11:41.463+0000] [INFO ] xrdp_mm_egfx_invalidate_wm_screen:
[2026-08-25T17:11:41.465+0000] [INFO ] xrdp_mm_egfx_caps_advertise: egfx created.
[2026-08-25T17:11:41.467+0000] [WARN ] Ignoring obsolete SCP port value '3350'
[2026-08-25T17:11:41.469+0000] [INFO ] xrdp_wm_log_msg: sesman connect ok
[2026-08-25T17:11:41.471+0000] [INFO ] xrdp_wm_log_msg: Performing login request for probe444
[2026-08-25T17:11:41.489+0000] [INFO ] xrdp_wm_log_msg: login was successful - creating session
[2026-08-25T17:11:44.020+0000] [INFO ] xrdp_wm_log_msg: session is available on display X11-10 for user probe444
[2026-08-25T17:11:44.024+0000] [INFO ] xrdp_wm_log_msg: Getting session connections from sesman
[2026-08-25T17:11:44.028+0000] [INFO ] xrdp_wm_log_msg: Got connection details for session
[2026-08-25T17:11:44.032+0000] [INFO ] xrdp_wm_log_msg: Connecting to display server
[2026-08-25T17:11:44.038+0000] [INFO ] loaded module 'libxup.so' ok, interface size 10536, version 4
[2026-08-25T17:11:44.040+0000] [INFO ] xrdp_init_xkb_layout: Keyboard information sent by the RDP client, keyboard_type:[0x04], keyboard_subtype:[0x00], keylayout:[0x00000409]
[2026-08-25T17:11:44.041+0000] [INFO ] xrdp_init_xkb_layout: model [] variant [] layout [us] options []
[2026-08-25T17:11:44.044+0000] [INFO ] XKB rules 'evdev' will be used by the module
[2026-08-25T17:11:44.046+0000] [INFO ] lib_mod_connect: connecting via UNIX socket
[2026-08-25T17:11:44.048+0000] [INFO ] lib_mod_log_peer: xrdp_pid=30 connected to Xorg_pid=195 Xorg_uid=1101 Xorg_gid=1101 client=10.42.0.1:44936
[2026-08-25T17:11:44.049+0000] [INFO ] xrdp can now process resize requests (2 outstanding)
[2026-08-25T17:11:44.051+0000] [INFO ] xrdp_wm_log_msg: Connecting to chansrv via sesman
[2026-08-25T17:11:44.056+0000] [INFO ] Received memory_allocation_complete command. width: 2208, height: 1264
[2026-08-25T17:11:44.064+0000] [INFO ] xrdp_ffmpeg: spawned ffmpeg pid 278 coded 2208x1264 generation 1
[2026-08-25T17:11:44.068+0000] [INFO ] xrdp_ffmpeg: spawned ffmpeg pid 279 coded 2208x1264 generation 1
[2026-08-25T17:11:44.073+0000] [INFO ] xrdp_ffmpeg: aux_intra_leaf active (aux child pid 279)
[2026-08-25T17:11:46.367+0000] [INFO ] xrdp_egfx_reset_graphics:
[2026-08-25T17:11:46.372+0000] [INFO ] xrdp_egfx_reset_graphics: (index 0) monitor left 0 top 0 right 2197 bottom 1249 is_primary 1
[2026-08-25T17:11:46.374+0000] [INFO ] xrdp_egfx_reset_graphics: width 2198 height 1250 monitorcount 1
[2026-08-25T17:11:46.378+0000] [INFO ] Received memory_allocation_complete command. width: 2208, height: 1264
[2026-08-25T17:11:46.380+0000] [INFO ] server_monitor_resize_done: Advancing server monitor resized.
[2026-08-25T17:11:46.382+0000] [INFO ] xrdp_mm_egfx_create_surfaces: map surface_id 0 left 0 top 0 width 2198 height 1250
[2026-08-25T17:11:46.384+0000] [INFO ] xrdp_encoder_create: starting ffmpeg AVC444 gfx session
[2026-08-25T17:11:46.386+0000] [INFO ] xrdp_encoder_create: AVC444 v2 (ChromaV2, 0x000F)
[2026-08-25T17:11:46.388+0000] [INFO ] xrdp_encoder_create: using x264 for software encoder
[2026-08-25T17:11:46.392+0000] [INFO ] dynamic_monitor_process_queue: Clearing completed resize (w: 2198 x h: 1250). It took 35 milliseconds.
[2026-08-25T17:11:46.396+0000] [INFO ] xrdp_ffmpeg: spawned ffmpeg pid 388 coded 2208x1264 generation 1
[2026-08-25T17:11:46.398+0000] [INFO ] xrdp_ffmpeg: spawned ffmpeg pid 389 coded 2208x1264 generation 1
[2026-08-25T17:11:46.400+0000] [INFO ] xrdp_ffmpeg: aux_intra_leaf active (aux child pid 389)
[2026-08-25T17:11:48.388+0000] [INFO ] xrdp_egfx_reset_graphics:
[2026-08-25T17:11:48.393+0000] [INFO ] xrdp_egfx_reset_graphics: (index 0) monitor left 0 top 0 right 2411 bottom 1343 is_primary 1
[2026-08-25T17:11:48.395+0000] [INFO ] xrdp_egfx_reset_graphics: width 2412 height 1344 monitorcount 1
[2026-08-25T17:11:48.398+0000] [INFO ] Received memory_allocation_complete command. width: 2416, height: 1344
[2026-08-25T17:11:48.400+0000] [INFO ] server_monitor_resize_done: Advancing server monitor resized.
[2026-08-25T17:11:48.402+0000] [INFO ] xrdp_mm_egfx_create_surfaces: map surface_id 0 left 0 top 0 width 2412 height 1344
[2026-08-25T17:11:48.404+0000] [INFO ] xrdp_encoder_create: starting ffmpeg AVC444 gfx session
[2026-08-25T17:11:48.406+0000] [INFO ] xrdp_encoder_create: AVC444 v2 (ChromaV2, 0x000F)
[2026-08-25T17:11:48.408+0000] [INFO ] xrdp_encoder_create: using x264 for software encoder
[2026-08-25T17:11:48.410+0000] [INFO ] dynamic_monitor_process_queue: Clearing completed resize (w: 2412 x h: 1344). It took 33 milliseconds.
[2026-08-25T17:11:48.420+0000] [ERROR] Refusing a full-chroma capture with invalid layout or slot identity
[2026-08-25T17:11:48.423+0000] [ERROR] lib_data_in: lib_mod_process_message failed
[2026-08-25T17:11:48.425+0000] [ERROR] Xorg server closed connection
