[2026-08-24T23:10:23.925+0000] [INFO ] address [0.0.0.0] port [3389] mode 4
[2026-08-24T23:10:23.927+0000] [INFO ] listening to port 3389 on 0.0.0.0
[2026-08-24T23:10:23.928+0000] [INFO ] xrdp_listen_pp done
[2026-08-24T23:10:23.930+0000] [CORE ] You are running xrdp as uid=0 gid=0. This is not recommended.
[2026-08-24T23:10:23.932+0000] [INFO ] starting xrdp with pid 1
[2026-08-24T23:10:46.908+0000] [INFO ] Socket 13: connection accepted from 10.42.0.1:40702
[2026-08-24T23:10:46.915+0000] [INFO ] Using default X.509 certificate: /etc/xrdp/cert.pem
[2026-08-24T23:10:46.917+0000] [INFO ] Using default X.509 key file: /etc/xrdp/key.pem
[2026-08-24T23:10:46.918+0000] [INFO ] Client requested security types (RDP assumed) : SSL|HYBRID
[2026-08-24T23:10:46.920+0000] [INFO ] Selected TLS security
[2026-08-24T23:10:46.926+0000] [INFO ] Connected client computer name: xrdp-fixdpi
[2026-08-24T23:10:46.928+0000] [INFO ] client supports gfx protocol
[2026-08-24T23:10:46.929+0000] [WARN ] Received [MS-RDPBCGR] TS_UD_HEADER type 0xc006 is unknown (ignored)
[2026-08-24T23:10:46.931+0000] [WARN ] Received [MS-RDPBCGR] TS_UD_HEADER type 0xc00a is unknown (ignored)
[2026-08-24T23:10:46.933+0000] [INFO ] TLS connection established from 10.42.0.1:40702 TLSv1.3 with cipher TLS_AES_256_GCM_SHA384
[2026-08-24T23:10:46.935+0000] [INFO ] Client supports single-screen resizes by xrdp
[2026-08-24T23:10:46.936+0000] [INFO ] xrdp_caps_process_pointer: client supports new(color) cursor
[2026-08-24T23:10:46.938+0000] [INFO ] Client does not support Unicode input
[2026-08-24T23:10:46.940+0000] [INFO ] Client Capability: LARGE_POINTER_FLAG_96x96 supported
[2026-08-24T23:10:46.944+0000] [INFO ] Loading keymap file /etc/xrdp/km-00000409.toml
[2026-08-24T23:10:46.946+0000] [INFO ] TConfig: Loading GFX config file /etc/xrdp/gfx.toml
[2026-08-24T23:10:46.948+0000] [WARN ] TConfig: [x264] x264 params are not defined
[2026-08-24T23:10:46.949+0000] [WARN ] TConfig: [OpenH264] OpenH264 params are not defined
[2026-08-24T23:10:46.951+0000] [INFO ] Login screen monitor height is 1440 pixels over 1000 mm (36 DPI)
[2026-08-24T23:10:46.954+0000] [INFO ] xrdp_egfx_create: error 0 channel_id 1
[2026-08-24T23:10:46.978+0000] [INFO ] xrdp_mm_egfx_caps_advertise:
[2026-08-24T23:10:46.980+0000] [INFO ]   version 0x00080004 flags 0x00000002 (index: 0)
[2026-08-24T23:10:46.982+0000] [INFO ]   version 0x00080105 flags 0x00000002 (index: 1)
[2026-08-24T23:10:46.983+0000] [INFO ]   version 0x000a0002 flags 0x00000002 (index: 2)
[2026-08-24T23:10:46.985+0000] [INFO ]   version 0x000a0200 flags 0x00000002 (index: 3)
[2026-08-24T23:10:46.987+0000] [INFO ]   version 0x000a0301 flags 0x00000000 (index: 4)
[2026-08-24T23:10:46.988+0000] [INFO ]   version 0x000a0400 flags 0x00000002 (index: 5)
[2026-08-24T23:10:46.990+0000] [INFO ]   version 0x000a0502 flags 0x00000002 (index: 6)
[2026-08-24T23:10:46.992+0000] [INFO ]   version 0x000a0600 flags 0x00000002 (index: 7)
[2026-08-24T23:10:46.993+0000] [INFO ]   version 0x000a0601 flags 0x00000002 (index: 8)
[2026-08-24T23:10:46.995+0000] [INFO ] unknown version 0x000a0601
[2026-08-24T23:10:46.997+0000] [INFO ]   version 0x000a0701 flags 0x00000002 (index: 9)
[2026-08-24T23:10:46.998+0000] [INFO ] xrdp_mm_egfx_caps_advertise: verifying ffmpeg AVC444 /usr/bin/ffmpeg at 2560x1440 (gfx.toml dump_extra=0)
[2026-08-24T23:10:47.074+0000] [INFO ] xrdp_ffmpeg: spawned ffmpeg pid 88 coded 2560x1440 generation 1
[2026-08-24T23:10:47.075+0000] [INFO ] xrdp_ffmpeg: spawned ffmpeg pid 89 coded 2560x1440 generation 1
[2026-08-24T23:10:47.077+0000] [INFO ] xrdp_ffmpeg: aux_intra_leaf active (aux child pid 89)
[2026-08-24T23:10:47.148+0000] [INFO ] xrdp_ffmpeg: production-topology probe OK (main plus forced-IDR auxiliary leaf child)
[2026-08-24T23:10:47.150+0000] [INFO ] xrdp_ffmpeg: probe OK (dump_extra=0) at 2560x1440 in 143 ms
[2026-08-24T23:10:47.152+0000] [INFO ]   ffmpeg AVC444 verified OK (dump_extra=0)
[2026-08-24T23:10:47.154+0000] [INFO ] Codec search order is H264, RFX
[2026-08-24T23:10:47.156+0000] [INFO ] Matched H264/AVC444 (ffmpeg) mode, AVC444 v2 (0x000F), confirming capset index 9 (0x000a0701)
[2026-08-24T23:10:47.158+0000] [INFO ]   replying version 0x000a0701 flags 0x00000002
[2026-08-24T23:10:47.160+0000] [INFO ] xrdp_mm_egfx_caps_advertise: xrdp_egfx_send_capsconfirm error 0 best_index 9
[2026-08-24T23:10:47.161+0000] [INFO ] xrdp_egfx_reset_graphics:
[2026-08-24T23:10:47.163+0000] [INFO ] xrdp_egfx_reset_graphics: width 2560 height 1440 monitorcount 1
[2026-08-24T23:10:47.165+0000] [INFO ] xrdp_mm_egfx_caps_advertise: xrdp_egfx_send_reset_graphics error 0 monitorCount 0
[2026-08-24T23:10:47.166+0000] [INFO ] xrdp_mm_egfx_create_surfaces: map surface_id 0 left 0 top 0 width 2560 height 1440
[2026-08-24T23:10:47.168+0000] [INFO ] xrdp_encoder_create: starting ffmpeg AVC444 gfx session
[2026-08-24T23:10:47.170+0000] [INFO ] xrdp_encoder_create: AVC444 v2 (ChromaV2, 0x000F)
[2026-08-24T23:10:47.172+0000] [INFO ] xrdp_mm_egfx_invalidate_wm_screen:
[2026-08-24T23:10:47.173+0000] [INFO ] xrdp_mm_egfx_caps_advertise: egfx created.
[2026-08-24T23:10:47.175+0000] [WARN ] Ignoring obsolete SCP port value '3350'
[2026-08-24T23:10:47.177+0000] [INFO ] xrdp_wm_log_msg: sesman connect ok
[2026-08-24T23:10:47.179+0000] [INFO ] xrdp_wm_log_msg: Performing login request for probe444
[2026-08-24T23:10:47.201+0000] [INFO ] xrdp_wm_log_msg: login was successful - creating session
[2026-08-24T23:10:49.739+0000] [INFO ] xrdp_wm_log_msg: session is available on display X11-10 for user probe444
[2026-08-24T23:10:49.742+0000] [INFO ] xrdp_wm_log_msg: Getting session connections from sesman
[2026-08-24T23:10:49.747+0000] [INFO ] xrdp_wm_log_msg: Got connection details for session
[2026-08-24T23:10:49.750+0000] [INFO ] xrdp_wm_log_msg: Connecting to display server
[2026-08-24T23:10:49.756+0000] [INFO ] loaded module 'libxup.so' ok, interface size 10536, version 4
[2026-08-24T23:10:49.757+0000] [INFO ] xrdp_init_xkb_layout: Keyboard information sent by the RDP client, keyboard_type:[0x04], keyboard_subtype:[0x00], keylayout:[0x00000409]
[2026-08-24T23:10:49.759+0000] [INFO ] xrdp_init_xkb_layout: model [] variant [] layout [us] options []
[2026-08-24T23:10:49.761+0000] [INFO ] XKB rules 'evdev' will be used by the module
[2026-08-24T23:10:49.763+0000] [INFO ] lib_mod_connect: connecting via UNIX socket
[2026-08-24T23:10:49.765+0000] [INFO ] lib_mod_log_peer: xrdp_pid=30 connected to Xorg_pid=204 Xorg_uid=1101 Xorg_gid=1101 client=10.42.0.1:40702
[2026-08-24T23:10:49.767+0000] [INFO ] xrdp can now process resize requests (1 outstanding)
[2026-08-24T23:10:49.769+0000] [INFO ] xrdp_wm_log_msg: Connecting to chansrv via sesman
[2026-08-24T23:10:49.773+0000] [INFO ] Received memory_allocation_complete command. width: 2560, height: 1440
[2026-08-24T23:10:49.781+0000] [INFO ] xrdp_ffmpeg: spawned ffmpeg pid 229 coded 2560x1440 generation 1
[2026-08-24T23:10:49.785+0000] [INFO ] xrdp_ffmpeg: spawned ffmpeg pid 230 coded 2560x1440 generation 1
[2026-08-24T23:10:49.788+0000] [INFO ] xrdp_ffmpeg: aux_intra_leaf active (aux child pid 230)
[2026-08-24T23:10:54.482+0000] [ERROR] xrdp_ffmpeg: retained backend-failure manifest as /var/log/xrdp/ffmpeg-forensics/failure-30-3647661109-manifest.txt (directory 0700, file 0600)
[2026-08-24T23:10:54.488+0000] [ERROR] ffmpeg H.264 backend failed after capability confirmation while encoding an AVC444 pair on monitor 0; closing the connection without retry or codec fallback
