[2026-08-25T17:18:31.072+0000] [INFO ] address [0.0.0.0] port [3389] mode 4
[2026-08-25T17:18:31.073+0000] [INFO ] listening to port 3389 on 0.0.0.0
[2026-08-25T17:18:31.075+0000] [INFO ] xrdp_listen_pp done
[2026-08-25T17:18:31.077+0000] [CORE ] You are running xrdp as uid=0 gid=0. This is not recommended.
[2026-08-25T17:18:31.079+0000] [INFO ] starting xrdp with pid 1
[2026-08-25T17:19:41.007+0000] [INFO ] Socket 13: connection accepted from 10.42.0.1:35264
[2026-08-25T17:19:41.013+0000] [INFO ] Using default X.509 certificate: /etc/xrdp/cert.pem
[2026-08-25T17:19:41.015+0000] [INFO ] Using default X.509 key file: /etc/xrdp/key.pem
[2026-08-25T17:19:41.017+0000] [INFO ] Client requested security types (RDP assumed) : SSL
[2026-08-25T17:19:41.019+0000] [INFO ] Selected TLS security
[2026-08-25T17:19:41.025+0000] [INFO ] Connected client computer name: xrdp-resize-con
[2026-08-25T17:19:41.027+0000] [INFO ] client supports gfx protocol
[2026-08-25T17:19:41.029+0000] [WARN ] Received [MS-RDPBCGR] TS_UD_HEADER type 0xc006 is unknown (ignored)
[2026-08-25T17:19:41.031+0000] [WARN ] Received [MS-RDPBCGR] TS_UD_HEADER type 0xc00a is unknown (ignored)
[2026-08-25T17:19:41.033+0000] [INFO ] TLS connection established from 10.42.0.1:35264 TLSv1.3 with cipher TLS_AES_256_GCM_SHA384
[2026-08-25T17:19:41.035+0000] [INFO ] Client supports single-screen resizes by xrdp
[2026-08-25T17:19:41.037+0000] [INFO ] xrdp_caps_process_pointer: client supports new(color) cursor
[2026-08-25T17:19:41.039+0000] [INFO ] Client does not support Unicode input
[2026-08-25T17:19:41.040+0000] [INFO ] Client Capability: LARGE_POINTER_FLAG_96x96 supported
[2026-08-25T17:19:41.045+0000] [INFO ] Loading keymap file /etc/xrdp/km-00000409.toml
[2026-08-25T17:19:41.047+0000] [INFO ] TConfig: Loading GFX config file /etc/xrdp/gfx.toml
[2026-08-25T17:19:41.049+0000] [WARN ] TConfig: [x264] x264 params are not defined
[2026-08-25T17:19:41.051+0000] [WARN ] TConfig: [OpenH264] OpenH264 params are not defined
[2026-08-25T17:19:41.053+0000] [INFO ] Login screen monitor height is 1250 pixels over 1000 mm (31 DPI)
[2026-08-25T17:19:41.056+0000] [INFO ] xrdp_egfx_create: error 0 channel_id 1
[2026-08-25T17:19:41.069+0000] [INFO ] xrdp_mm_egfx_caps_advertise:
[2026-08-25T17:19:41.071+0000] [INFO ]   version 0x00080004 flags 0x00000000 (index: 0)
[2026-08-25T17:19:41.073+0000] [INFO ]   version 0x00080105 flags 0x00000000 (index: 1)
[2026-08-25T17:19:41.075+0000] [INFO ]   version 0x000a0002 flags 0x00000000 (index: 2)
[2026-08-25T17:19:41.077+0000] [INFO ]   version 0x000a0200 flags 0x00000000 (index: 3)
[2026-08-25T17:19:41.079+0000] [INFO ]   version 0x000a0301 flags 0x00000000 (index: 4)
[2026-08-25T17:19:41.080+0000] [INFO ]   version 0x000a0400 flags 0x00000000 (index: 5)
[2026-08-25T17:19:41.082+0000] [INFO ]   version 0x000a0502 flags 0x00000000 (index: 6)
[2026-08-25T17:19:41.084+0000] [INFO ]   version 0x000a0600 flags 0x00000000 (index: 7)
[2026-08-25T17:19:41.086+0000] [INFO ]   version 0x000a0601 flags 0x00000000 (index: 8)
[2026-08-25T17:19:41.088+0000] [INFO ] unknown version 0x000a0601
[2026-08-25T17:19:41.089+0000] [INFO ]   version 0x000a0701 flags 0x00000000 (index: 9)
[2026-08-25T17:19:41.091+0000] [INFO ] xrdp_mm_egfx_caps_advertise: verifying ffmpeg AVC444 /usr/bin/ffmpeg at 2208x1264 (gfx.toml dump_extra=0)
[2026-08-25T17:19:41.181+0000] [INFO ] xrdp_ffmpeg: spawned ffmpeg pid 85 coded 2208x1264 generation 1
[2026-08-25T17:19:41.183+0000] [INFO ] xrdp_ffmpeg: spawned ffmpeg pid 86 coded 2208x1264 generation 1
[2026-08-25T17:19:41.185+0000] [INFO ] xrdp_ffmpeg: aux_intra_leaf active (aux child pid 86)
[2026-08-25T17:19:41.273+0000] [INFO ] xrdp_ffmpeg: production-topology probe OK (main plus forced-IDR auxiliary leaf child)
[2026-08-25T17:19:41.275+0000] [INFO ] xrdp_ffmpeg: probe OK (dump_extra=0) at 2208x1264 in 176 ms
[2026-08-25T17:19:41.277+0000] [WARN ] gfx.toml eager_slot_ack is set but aux_ltr_chain is off: there is no absorb marker on this path, so the shipped egress-paced ack stays
[2026-08-25T17:19:41.279+0000] [INFO ]   ffmpeg AVC444 verified OK (dump_extra=0)
[2026-08-25T17:19:41.281+0000] [INFO ] Codec search order is H264, RFX
[2026-08-25T17:19:41.283+0000] [INFO ] Matched H264/AVC444 (ffmpeg) mode, AVC444 v2 (0x000F), confirming capset index 9 (0x000a0701)
[2026-08-25T17:19:41.285+0000] [INFO ]   replying version 0x000a0701 flags 0x00000000
[2026-08-25T17:19:41.286+0000] [INFO ] xrdp_mm_egfx_caps_advertise: xrdp_egfx_send_capsconfirm error 0 best_index 9
[2026-08-25T17:19:41.288+0000] [INFO ] xrdp_egfx_reset_graphics:
[2026-08-25T17:19:41.290+0000] [INFO ] xrdp_egfx_reset_graphics: width 2196 height 1250 monitorcount 1
[2026-08-25T17:19:41.292+0000] [INFO ] xrdp_mm_egfx_caps_advertise: xrdp_egfx_send_reset_graphics error 0 monitorCount 0
[2026-08-25T17:19:41.294+0000] [INFO ] xrdp_mm_egfx_create_surfaces: map surface_id 0 left 0 top 0 width 2196 height 1250
[2026-08-25T17:19:41.296+0000] [INFO ] xrdp_encoder_create: starting ffmpeg AVC444 gfx session
[2026-08-25T17:19:41.297+0000] [INFO ] xrdp_encoder_create: AVC444 v2 (ChromaV2, 0x000F)
[2026-08-25T17:19:41.299+0000] [INFO ] xrdp_encoder_create: using x264 for software encoder
[2026-08-25T17:19:41.301+0000] [INFO ] xrdp_mm_egfx_invalidate_wm_screen:
[2026-08-25T17:19:41.303+0000] [INFO ] xrdp_mm_egfx_caps_advertise: egfx created.
[2026-08-25T17:19:41.305+0000] [WARN ] Ignoring obsolete SCP port value '3350'
[2026-08-25T17:19:41.307+0000] [INFO ] xrdp_wm_log_msg: sesman connect ok
[2026-08-25T17:19:41.308+0000] [INFO ] xrdp_wm_log_msg: Performing login request for probe444
[2026-08-25T17:19:41.326+0000] [INFO ] xrdp_wm_log_msg: login was successful - creating session
[2026-08-25T17:19:43.861+0000] [INFO ] xrdp_wm_log_msg: session is available on display X11-10 for user probe444
[2026-08-25T17:19:43.865+0000] [INFO ] xrdp_wm_log_msg: Getting session connections from sesman
[2026-08-25T17:19:43.869+0000] [INFO ] xrdp_wm_log_msg: Got connection details for session
[2026-08-25T17:19:43.872+0000] [INFO ] xrdp_wm_log_msg: Connecting to display server
[2026-08-25T17:19:43.878+0000] [INFO ] loaded module 'libxup.so' ok, interface size 10536, version 4
[2026-08-25T17:19:43.880+0000] [INFO ] xrdp_init_xkb_layout: Keyboard information sent by the RDP client, keyboard_type:[0x04], keyboard_subtype:[0x00], keylayout:[0x00000409]
[2026-08-25T17:19:43.882+0000] [INFO ] xrdp_init_xkb_layout: model [] variant [] layout [us] options []
[2026-08-25T17:19:43.884+0000] [INFO ] XKB rules 'evdev' will be used by the module
[2026-08-25T17:19:43.886+0000] [INFO ] lib_mod_connect: connecting via UNIX socket
[2026-08-25T17:19:43.888+0000] [INFO ] lib_mod_log_peer: xrdp_pid=30 connected to Xorg_pid=195 Xorg_uid=1101 Xorg_gid=1101 client=10.42.0.1:35264
[2026-08-25T17:19:43.890+0000] [INFO ] xrdp can now process resize requests (2 outstanding)
[2026-08-25T17:19:43.892+0000] [INFO ] xrdp_wm_log_msg: Connecting to chansrv via sesman
[2026-08-25T17:19:43.897+0000] [INFO ] Received memory_allocation_complete command. width: 2208, height: 1264
[2026-08-25T17:19:43.904+0000] [INFO ] xrdp_ffmpeg: spawned ffmpeg pid 278 coded 2208x1264 generation 1
[2026-08-25T17:19:43.909+0000] [INFO ] xrdp_ffmpeg: spawned ffmpeg pid 279 coded 2208x1264 generation 1
[2026-08-25T17:19:43.913+0000] [INFO ] xrdp_ffmpeg: aux_intra_leaf active (aux child pid 279)
[2026-08-25T17:19:46.197+0000] [INFO ] xrdp_egfx_reset_graphics:
[2026-08-25T17:19:46.202+0000] [INFO ] xrdp_egfx_reset_graphics: (index 0) monitor left 0 top 0 right 2197 bottom 1249 is_primary 1
[2026-08-25T17:19:46.204+0000] [INFO ] xrdp_egfx_reset_graphics: width 2198 height 1250 monitorcount 1
[2026-08-25T17:19:46.208+0000] [INFO ] Received memory_allocation_complete command. width: 2208, height: 1264
[2026-08-25T17:19:46.210+0000] [INFO ] server_monitor_resize_done: Advancing server monitor resized.
[2026-08-25T17:19:46.212+0000] [INFO ] xrdp_mm_egfx_create_surfaces: map surface_id 0 left 0 top 0 width 2198 height 1250
[2026-08-25T17:19:46.214+0000] [INFO ] xrdp_encoder_create: starting ffmpeg AVC444 gfx session
[2026-08-25T17:19:46.216+0000] [INFO ] xrdp_encoder_create: AVC444 v2 (ChromaV2, 0x000F)
[2026-08-25T17:19:46.218+0000] [INFO ] xrdp_encoder_create: using x264 for software encoder
[2026-08-25T17:19:46.222+0000] [INFO ] dynamic_monitor_process_queue: Clearing completed resize (w: 2198 x h: 1250). It took 35 milliseconds.
[2026-08-25T17:19:46.227+0000] [INFO ] xrdp_ffmpeg: spawned ffmpeg pid 388 coded 2208x1264 generation 1
[2026-08-25T17:19:46.229+0000] [INFO ] xrdp_ffmpeg: spawned ffmpeg pid 389 coded 2208x1264 generation 1
[2026-08-25T17:19:46.231+0000] [INFO ] xrdp_ffmpeg: aux_intra_leaf active (aux child pid 389)
[2026-08-25T17:19:48.220+0000] [INFO ] xrdp_egfx_reset_graphics:
[2026-08-25T17:19:48.225+0000] [INFO ] xrdp_egfx_reset_graphics: (index 0) monitor left 0 top 0 right 2411 bottom 1343 is_primary 1
[2026-08-25T17:19:48.227+0000] [INFO ] xrdp_egfx_reset_graphics: width 2412 height 1344 monitorcount 1
[2026-08-25T17:19:48.233+0000] [INFO ] Received memory_allocation_complete command. width: 2416, height: 1344
[2026-08-25T17:19:48.235+0000] [INFO ] server_monitor_resize_done: Advancing server monitor resized.
[2026-08-25T17:19:48.238+0000] [INFO ] xrdp_mm_egfx_create_surfaces: map surface_id 0 left 0 top 0 width 2412 height 1344
[2026-08-25T17:19:48.240+0000] [INFO ] xrdp_encoder_create: starting ffmpeg AVC444 gfx session
[2026-08-25T17:19:48.242+0000] [INFO ] xrdp_encoder_create: AVC444 v2 (ChromaV2, 0x000F)
[2026-08-25T17:19:48.244+0000] [INFO ] xrdp_encoder_create: using x264 for software encoder
[2026-08-25T17:19:48.246+0000] [INFO ] dynamic_monitor_process_queue: Clearing completed resize (w: 2412 x h: 1344). It took 40 milliseconds.
[2026-08-25T17:19:48.258+0000] [INFO ] xrdp_ffmpeg: spawned ffmpeg pid 497 coded 2432x1344 generation 1
[2026-08-25T17:19:48.260+0000] [INFO ] xrdp_ffmpeg: spawned ffmpeg pid 498 coded 2432x1344 generation 1
[2026-08-25T17:19:48.262+0000] [INFO ] xrdp_ffmpeg: aux_intra_leaf active (aux child pid 498)
[2026-08-25T17:19:52.999+0000] [ERROR] xrdp_sec_recv: xrdp_mcs_recv failed
[2026-08-25T17:19:53.004+0000] [ERROR] xrdp_rdp_recv: xrdp_sec_recv failed
[2026-08-25T17:19:53.006+0000] [ERROR] libxrdp_process_data: xrdp_rdp_recv failed
[2026-08-25T17:19:53.008+0000] [ERROR] xrdp_process_data_in: xrdp_process_loop failed
[2026-08-25T17:19:53.010+0000] [ERROR] SSL_shutdown: Failure in SSL library (protocol error?)
[2026-08-25T17:19:53.012+0000] [ERROR] SSL: error:0A000123:SSL routines::application data after close notify
[2026-08-25T17:20:43.652+0000] [INFO ] Socket 13: connection accepted from 10.42.0.1:42836
[2026-08-25T17:20:43.658+0000] [INFO ] Using default X.509 certificate: /etc/xrdp/cert.pem
[2026-08-25T17:20:43.660+0000] [INFO ] Using default X.509 key file: /etc/xrdp/key.pem
[2026-08-25T17:20:43.662+0000] [INFO ] Client requested security types (RDP assumed) : SSL
[2026-08-25T17:20:43.664+0000] [INFO ] Selected TLS security
[2026-08-25T17:20:43.669+0000] [INFO ] Connected client computer name: xrdp-resize-con
[2026-08-25T17:20:43.671+0000] [INFO ] client supports gfx protocol
[2026-08-25T17:20:43.673+0000] [WARN ] Received [MS-RDPBCGR] TS_UD_HEADER type 0xc006 is unknown (ignored)
[2026-08-25T17:20:43.675+0000] [WARN ] Received [MS-RDPBCGR] TS_UD_HEADER type 0xc00a is unknown (ignored)
[2026-08-25T17:20:43.677+0000] [INFO ] TLS connection established from 10.42.0.1:42836 TLSv1.3 with cipher TLS_AES_256_GCM_SHA384
[2026-08-25T17:20:43.679+0000] [INFO ] Client supports single-screen resizes by xrdp
[2026-08-25T17:20:43.681+0000] [INFO ] xrdp_caps_process_pointer: client supports new(color) cursor
[2026-08-25T17:20:43.683+0000] [INFO ] Client does not support Unicode input
[2026-08-25T17:20:43.685+0000] [INFO ] Client Capability: LARGE_POINTER_FLAG_96x96 supported
[2026-08-25T17:20:43.689+0000] [INFO ] Loading keymap file /etc/xrdp/km-00000409.toml
[2026-08-25T17:20:43.691+0000] [INFO ] TConfig: Loading GFX config file /etc/xrdp/gfx.toml
[2026-08-25T17:20:43.693+0000] [WARN ] TConfig: [x264] x264 params are not defined
[2026-08-25T17:20:43.695+0000] [WARN ] TConfig: [OpenH264] OpenH264 params are not defined
[2026-08-25T17:20:43.697+0000] [INFO ] Login screen monitor height is 1250 pixels over 1000 mm (31 DPI)
[2026-08-25T17:20:43.700+0000] [INFO ] xrdp_egfx_create: error 0 channel_id 1
[2026-08-25T17:20:43.714+0000] [INFO ] xrdp_mm_egfx_caps_advertise:
[2026-08-25T17:20:43.716+0000] [INFO ]   version 0x00080004 flags 0x00000000 (index: 0)
[2026-08-25T17:20:43.718+0000] [INFO ]   version 0x00080105 flags 0x00000000 (index: 1)
[2026-08-25T17:20:43.720+0000] [INFO ]   version 0x000a0002 flags 0x00000000 (index: 2)
[2026-08-25T17:20:43.721+0000] [INFO ]   version 0x000a0200 flags 0x00000000 (index: 3)
[2026-08-25T17:20:43.723+0000] [INFO ]   version 0x000a0301 flags 0x00000000 (index: 4)
[2026-08-25T17:20:43.725+0000] [INFO ]   version 0x000a0400 flags 0x00000000 (index: 5)
[2026-08-25T17:20:43.727+0000] [INFO ]   version 0x000a0502 flags 0x00000000 (index: 6)
[2026-08-25T17:20:43.729+0000] [INFO ]   version 0x000a0600 flags 0x00000000 (index: 7)
[2026-08-25T17:20:43.731+0000] [INFO ]   version 0x000a0601 flags 0x00000000 (index: 8)
[2026-08-25T17:20:43.732+0000] [INFO ] unknown version 0x000a0601
[2026-08-25T17:20:43.734+0000] [INFO ]   version 0x000a0701 flags 0x00000000 (index: 9)
[2026-08-25T17:20:43.736+0000] [INFO ] xrdp_mm_egfx_caps_advertise: verifying ffmpeg AVC444 /usr/bin/ffmpeg at 2208x1264 (gfx.toml dump_extra=0)
[2026-08-25T17:20:43.791+0000] [INFO ] xrdp_ffmpeg: spawned ffmpeg pid 691 coded 2208x1264 generation 1
[2026-08-25T17:20:43.794+0000] [INFO ] xrdp_ffmpeg: spawned ffmpeg pid 692 coded 2208x1264 generation 1
[2026-08-25T17:20:43.796+0000] [INFO ] xrdp_ffmpeg: aux_intra_leaf active (aux child pid 692)
[2026-08-25T17:20:43.874+0000] [INFO ] xrdp_ffmpeg: production-topology probe OK (main plus forced-IDR auxiliary leaf child)
[2026-08-25T17:20:43.878+0000] [INFO ] xrdp_ffmpeg: probe OK (dump_extra=0) at 2208x1264 in 135 ms
[2026-08-25T17:20:43.880+0000] [WARN ] gfx.toml eager_slot_ack is set but aux_ltr_chain is off: there is no absorb marker on this path, so the shipped egress-paced ack stays
[2026-08-25T17:20:43.882+0000] [INFO ]   ffmpeg AVC444 verified OK (dump_extra=0)
[2026-08-25T17:20:43.884+0000] [INFO ] Codec search order is H264, RFX
[2026-08-25T17:20:43.886+0000] [INFO ] Matched H264/AVC444 (ffmpeg) mode, AVC444 v2 (0x000F), confirming capset index 9 (0x000a0701)
[2026-08-25T17:20:43.888+0000] [INFO ]   replying version 0x000a0701 flags 0x00000000
[2026-08-25T17:20:43.890+0000] [INFO ] xrdp_mm_egfx_caps_advertise: xrdp_egfx_send_capsconfirm error 0 best_index 9
[2026-08-25T17:20:43.891+0000] [INFO ] xrdp_egfx_reset_graphics:
[2026-08-25T17:20:43.893+0000] [INFO ] xrdp_egfx_reset_graphics: width 2196 height 1250 monitorcount 1
[2026-08-25T17:20:43.895+0000] [INFO ] xrdp_mm_egfx_caps_advertise: xrdp_egfx_send_reset_graphics error 0 monitorCount 0
[2026-08-25T17:20:43.897+0000] [INFO ] xrdp_mm_egfx_create_surfaces: map surface_id 0 left 0 top 0 width 2196 height 1250
[2026-08-25T17:20:43.899+0000] [INFO ] xrdp_encoder_create: starting ffmpeg AVC444 gfx session
[2026-08-25T17:20:43.901+0000] [INFO ] xrdp_encoder_create: AVC444 v2 (ChromaV2, 0x000F)
[2026-08-25T17:20:43.903+0000] [INFO ] xrdp_encoder_create: using x264 for software encoder
[2026-08-25T17:20:43.905+0000] [INFO ] xrdp_mm_egfx_invalidate_wm_screen:
[2026-08-25T17:20:43.906+0000] [INFO ] xrdp_mm_egfx_caps_advertise: egfx created.
[2026-08-25T17:20:43.908+0000] [WARN ] Ignoring obsolete SCP port value '3350'
[2026-08-25T17:20:43.910+0000] [INFO ] xrdp_wm_log_msg: sesman connect ok
[2026-08-25T17:20:43.912+0000] [INFO ] xrdp_wm_log_msg: Performing login request for probe444
[2026-08-25T17:20:43.929+0000] [INFO ] xrdp_wm_log_msg: login was successful - creating session
[2026-08-25T17:20:43.936+0000] [INFO ] xrdp_wm_log_msg: session is available on display X11-10 for user probe444
[2026-08-25T17:20:43.938+0000] [INFO ] xrdp_wm_log_msg: Getting session connections from sesman
[2026-08-25T17:20:43.943+0000] [INFO ] xrdp_wm_log_msg: Got connection details for session
[2026-08-25T17:20:43.948+0000] [INFO ] xrdp_wm_log_msg: Connecting to display server
[2026-08-25T17:20:43.953+0000] [INFO ] loaded module 'libxup.so' ok, interface size 10536, version 4
[2026-08-25T17:20:43.957+0000] [INFO ] xrdp_init_xkb_layout: Keyboard information sent by the RDP client, keyboard_type:[0x04], keyboard_subtype:[0x00], keylayout:[0x00000409]
[2026-08-25T17:20:43.959+0000] [INFO ] xrdp_init_xkb_layout: model [] variant [] layout [us] options []
[2026-08-25T17:20:43.961+0000] [INFO ] XKB rules 'evdev' will be used by the module
[2026-08-25T17:20:43.963+0000] [INFO ] lib_mod_connect: connecting via UNIX socket
[2026-08-25T17:20:43.965+0000] [INFO ] lib_mod_log_peer: xrdp_pid=636 connected to Xorg_pid=195 Xorg_uid=1101 Xorg_gid=1101 client=10.42.0.1:42836
[2026-08-25T17:20:43.967+0000] [INFO ] xrdp can now process resize requests (1 outstanding)
[2026-08-25T17:20:43.968+0000] [INFO ] xrdp_wm_log_msg: Connecting to chansrv via sesman
[2026-08-25T17:20:43.989+0000] [INFO ] Received memory_allocation_complete command. width: 2208, height: 1264
[2026-08-25T17:20:43.996+0000] [INFO ] xrdp_ffmpeg: spawned ffmpeg pid 802 coded 2208x1264 generation 1
[2026-08-25T17:20:44.001+0000] [INFO ] xrdp_ffmpeg: spawned ffmpeg pid 803 coded 2208x1264 generation 1
[2026-08-25T17:20:44.004+0000] [INFO ] xrdp_ffmpeg: aux_intra_leaf active (aux child pid 803)
[2026-08-25T17:20:48.841+0000] [INFO ] xrdp_egfx_reset_graphics:
[2026-08-25T17:20:48.846+0000] [INFO ] xrdp_egfx_reset_graphics: (index 0) monitor left 0 top 0 right 2197 bottom 1249 is_primary 1
[2026-08-25T17:20:48.848+0000] [INFO ] xrdp_egfx_reset_graphics: width 2198 height 1250 monitorcount 1
[2026-08-25T17:20:48.851+0000] [INFO ] Received memory_allocation_complete command. width: 2208, height: 1264
[2026-08-25T17:20:48.852+0000] [INFO ] server_monitor_resize_done: Advancing server monitor resized.
[2026-08-25T17:20:48.854+0000] [INFO ] xrdp_mm_egfx_create_surfaces: map surface_id 0 left 0 top 0 width 2198 height 1250
[2026-08-25T17:20:48.856+0000] [INFO ] xrdp_encoder_create: starting ffmpeg AVC444 gfx session
[2026-08-25T17:20:48.858+0000] [INFO ] xrdp_encoder_create: AVC444 v2 (ChromaV2, 0x000F)
[2026-08-25T17:20:48.860+0000] [INFO ] xrdp_encoder_create: using x264 for software encoder
[2026-08-25T17:20:48.864+0000] [INFO ] dynamic_monitor_process_queue: Clearing completed resize (w: 2198 x h: 1250). It took 34 milliseconds.
[2026-08-25T17:20:48.871+0000] [INFO ] xrdp_ffmpeg: spawned ffmpeg pid 912 coded 2208x1264 generation 1
[2026-08-25T17:20:48.874+0000] [INFO ] xrdp_ffmpeg: spawned ffmpeg pid 913 coded 2208x1264 generation 1
[2026-08-25T17:20:48.876+0000] [INFO ] xrdp_ffmpeg: aux_intra_leaf active (aux child pid 913)
[2026-08-25T17:20:50.862+0000] [INFO ] xrdp_egfx_reset_graphics:
[2026-08-25T17:20:50.867+0000] [INFO ] xrdp_egfx_reset_graphics: (index 0) monitor left 0 top 0 right 2411 bottom 1343 is_primary 1
[2026-08-25T17:20:50.869+0000] [INFO ] xrdp_egfx_reset_graphics: width 2412 height 1344 monitorcount 1
[2026-08-25T17:20:50.875+0000] [INFO ] Received memory_allocation_complete command. width: 2416, height: 1344
[2026-08-25T17:20:50.877+0000] [INFO ] server_monitor_resize_done: Advancing server monitor resized.
[2026-08-25T17:20:50.879+0000] [INFO ] xrdp_mm_egfx_create_surfaces: map surface_id 0 left 0 top 0 width 2412 height 1344
[2026-08-25T17:20:50.881+0000] [INFO ] xrdp_encoder_create: starting ffmpeg AVC444 gfx session
[2026-08-25T17:20:50.883+0000] [INFO ] xrdp_encoder_create: AVC444 v2 (ChromaV2, 0x000F)
[2026-08-25T17:20:50.884+0000] [INFO ] xrdp_encoder_create: using x264 for software encoder
[2026-08-25T17:20:50.887+0000] [INFO ] dynamic_monitor_process_queue: Clearing completed resize (w: 2412 x h: 1344). It took 37 milliseconds.
[2026-08-25T17:20:50.892+0000] [INFO ] xrdp_ffmpeg: spawned ffmpeg pid 1021 coded 2432x1344 generation 1
[2026-08-25T17:20:50.894+0000] [INFO ] xrdp_ffmpeg: spawned ffmpeg pid 1022 coded 2432x1344 generation 1
[2026-08-25T17:20:50.896+0000] [INFO ] xrdp_ffmpeg: aux_intra_leaf active (aux child pid 1022)
[2026-08-25T17:20:55.780+0000] [ERROR] xrdp_sec_recv: xrdp_mcs_recv failed
[2026-08-25T17:20:55.783+0000] [ERROR] xrdp_rdp_recv: xrdp_sec_recv failed
[2026-08-25T17:20:55.785+0000] [ERROR] libxrdp_process_data: xrdp_rdp_recv failed
[2026-08-25T17:20:55.787+0000] [ERROR] xrdp_process_data_in: xrdp_process_loop failed
[2026-08-25T17:20:55.789+0000] [ERROR] SSL_shutdown: Failure in SSL library (protocol error?)
[2026-08-25T17:20:55.791+0000] [ERROR] SSL: error:0A000123:SSL routines::application data after close notify
